|seed |success|  nit  |    gap     |  tau_sum   |   G_norm   |avoid_n|
|  0  |True   |  240  |9.885612e-06|2.536627e-05|4.324042e-11|   0   |
|  1  |True   |  324  |9.321373e-06|3.131638e-05|6.588961e-10|   0   |
|  3  |True   |  334  |9.079822e-06|1.497853e-05|9.429514e-10|   0   |
|  2  |True   |  607  |9.823187e-06|1.119871e-05|4.925670e-13|  15   |
|  5  |True   |  173  |9.834559e-06|4.773111e-05|2.168083e-12|   0   |
|  4  |True   |  253  |9.408250e-06|1.348068e-05|5.767958e-12|   0   |
|  6  |True   |  208  |9.648882e-06|2.536627e-05|1.082005e-12|   0   |
|  7  |True   |  287  |9.359153e-06|1.877798e-04|4.842857e-10|   0   |
|  9  |True   |  309  |9.686620e-06|9.831608e-06|6.921588e-13|   0   |
|  8  |True   |  341  |9.377337e-06|1.497853e-05|9.977806e-10|   0   |
| 10  |True   |  334  |9.014829e-06|9.142866e-06|6.415799e-13|   0   |
| 11  |True   |  342  |9.936679e-06|1.091935e-05|5.546072e-13|   0   |
| 13  |True   |  148  |9.303198e-06|4.773111e-05|9.101269e-11|   0   |
| 12  |True   |  302  |9.932817e-06|8.981450e-05|5.537106e-10|   0   |
| 14  |True   |  321  |9.070030e-06|1.348067e-05|2.266966e-13|   0   |
| 15  |True   |  280  |9.425656e-06|9.979389e-05|5.150046e-10|   0   |
| 16  |True   |  313  |9.836027e-06|3.866220e-05|6.579414e-10|   0   |
| 17  |True   |  324  |9.894154e-06|3.131638e-05|7.159044e-10|   0   |
| 18  |True   |  328  |9.158346e-06|2.282964e-05|7.419712e-10|   0   |
| 19  |True   |  293  |9.155146e-06|1.368915e-04|4.836212e-10|   0   |
| 20  |True   |  344  |9.707843e-06|1.348068e-05|2.865144e-13|   0   |
| 21  |True   |  305  |9.294930e-06|7.274975e-05|5.293633e-10|   0   |
| 22  |True   |  321  |9.136222e-06|3.479598e-05|6.174761e-10|   0   |
| 23  |True   |  295  |9.473424e-06|4.773111e-05|5.925697e-10|   0   |
| 24  |True   |  313  |9.464710e-06|3.479598e-05|6.474174e-10|   0   |
| 25  |True   |  344  |9.443804e-06|1.348067e-05|2.602803e-13|   0   |
| 26  |True   |  326  |9.430522e-06|2.818474e-05|6.988225e-10|   0   |
| 27  |True   |  203  |9.941460e-06|2.536627e-05|2.366283e-11|   0   |
| 28  |True   |  329  |9.817373e-06|2.536627e-05|7.776667e-10|   0   |
| 29  |True   |  303  |9.430202e-06|6.547477e-05|5.481424e-10|   0   |
| 30  |True   |  314  |9.836325e-06|1.439864e-05|2.550469e-13|   0   |
| 31  |True   |  299  |9.588863e-06|9.979389e-05|5.249851e-10|   0   |
| 32  |True   |  314  |9.183069e-06|4.773111e-05|5.674889e-10|   0   |
| 33  |True   |  326  |9.119554e-06|2.818474e-05|6.663427e-10|   0   |
| 34  |True   |  273  |9.939555e-06|3.926010e-04|4.995431e-10|   0   |
| 35  |True   |  341  |9.355734e-06|1.497853e-05|9.933408e-10|   0   |
| 37  |True   |  200  |9.549089e-06|2.536627e-05|5.513793e-12|   0   |
| 36  |True   |  255  |9.796207e-06|3.479598e-05|1.033442e-10|   0   |
| 38  |True   |  314  |9.466405e-06|4.773111e-05|5.897852e-10|   0   |
| 39  |True   |  326  |9.339354e-06|2.818474e-05|6.892306e-10|   0   |
| 41  |True   |  298  |9.194924e-06|6.547477e-05|5.320004e-10|   0   |
| 40  |True   |  294  |9.729063e-06|1.091935e-05|1.335222e-10|   0   |
| 43  |True   |  303  |9.312258e-06|8.083305e-05|5.221168e-10|   0   |
| 42  |True   |  344  |9.447248e-06|1.091935e-05|4.555444e-13|   0   |
| 44  |True   |  195  |9.059394e-06|1.348067e-05|4.520492e-13|   0   |
| 45  |True   |  285  |9.033943e-06|1.091935e-05|3.129164e-10|   0   |
| 46  |True   |  333  |9.036534e-06|1.497853e-05|9.351468e-10|   0   |
| 47  |True   |  267  |9.093534e-06|2.862061e-04|4.607969e-10|   0   |
| 48  |True   |  346  |9.545727e-06|9.621483e-06|6.922205e-13|   0   |
| 49  |True   |  339  |9.287677e-06|1.664281e-05|9.100890e-10|   0   |
| 51  |True   |  224  |9.022666e-06|9.827412e-06|1.963163e-12|   0   |
| 50  |True   |  322  |9.574220e-06|3.479598e-05|6.575696e-10|   0   |
| 52  |True   |  251  |9.991618e-06|6.648731e-04|4.966529e-10|   0   |
| 53  |True   |  324  |9.560968e-06|3.131638e-05|6.824523e-10|   0   |
| 54  |True   |  333  |9.315931e-06|2.054668e-05|8.022442e-10|   0   |
| 55  |True   |  169  |9.782305e-06|1.213261e-05|8.615591e-14|   0   |
| 56  |True   |  298  |9.888070e-06|1.108821e-04|5.367610e-10|   0   |
| 57  |True   |  344  |9.995598e-06|1.348067e-05|3.175905e-13|   0   |
| 58  |True   |  301  |9.837945e-06|2.282964e-05|8.234968e-10|   0   |
| 59  |True   |  291  |9.517970e-06|1.521017e-04|5.000976e-10|   0   |
| 60  |True   |  342  |9.493829e-06|1.497853e-05|2.066466e-13|   0   |
| 61  |True   |  287  |9.264585e-06|8.981450e-05|5.116317e-10|   0   |
| 62  |True   |  273  |9.129486e-06|1.877798e-04|4.719317e-10|   0   |
| 63  |True   |  198  |9.655158e-06|3.479598e-05|2.315232e-11|   0   |
| 65  |True   |  303  |9.266869e-06|8.083306e-05|5.191800e-10|   0   |
| 64  |True   |  328  |9.206119e-06|2.536627e-05|7.072470e-10|   0   |
| 66  |True   |  212  |9.265002e-06|5.303456e-05|5.411952e-12|   0   |
| 67  |True   |  244  |9.547772e-06|1.849201e-05|5.641392e-12|   0   |
| 68  |True   |  249  |9.790140e-06|1.213261e-05|4.076753e-11|   0   |
| 69  |True   |  312  |9.289040e-06|5.303457e-05|5.615772e-10|   0   |
| 70  |True   |  259  |9.183792e-06|2.054668e-05|7.659483e-11|   0   |
| 71  |True   |  323  |9.269774e-06|3.131638e-05|6.538805e-10|   0   |
| 72  |True   |  216  |9.968655e-06|1.348068e-05|4.957138e-13|   0   |
| 73  |True   |  202  |9.286056e-06|8.981450e-05|5.284221e-11|   0   |
| 75  |True   |  288  |9.239561e-06|1.232023e-04|4.931772e-10|   0   |
| 74  |True   |  268  |9.947244e-06|1.213261e-05|2.015156e-11|   0   |
| 76  |True   |  290  |9.471569e-06|5.303456e-05|5.777906e-10|   0   |
| 77  |True   |  268  |9.776026e-06|1.497853e-05|5.063260e-10|   0   |
| 79  |True   |  303  |9.369444e-06|1.849201e-05|2.996674e-14|   0   |
| 78  |True   |  308  |9.420027e-06|9.827412e-06|6.164275e-13|   0   |
| 80  |True   |  182  |9.498392e-06|2.318269e-04|5.378956e-11|   0   |
| 81  |True   |  335  |9.010096e-06|1.849201e-05|8.093290e-10|   0   |
| 82  |True   |  220  |9.288520e-06|1.849201e-05|4.741463e-12|   0   |
| 83  |True   |  315  |9.801222e-06|4.773111e-05|6.157386e-10|   0   |
| 84  |True   |  280  |9.227235e-06|9.979389e-05|5.030651e-10|   0   |
| 85  |True   |  339  |9.599617e-06|1.664281e-05|9.623216e-10|   0   |
| 86  |True   |  336  |9.363286e-06|1.849201e-05|8.611429e-10|   0   |
| 87  |True   |  313  |9.909592e-06|3.866220e-05|6.643684e-10|   0   |
| 88  |True   |  340  |9.918607e-06|1.664281e-05|1.883620e-13|   0   |
| 89  |True   |  312  |9.369984e-06|3.131638e-05|6.635444e-10|   0   |
| 90  |True   |  297  |9.395312e-06|1.849201e-05|8.651456e-10|   0   |
| 91  |True   |  239  |9.842534e-06|4.773111e-05|1.692120e-10|   0   |
| 92  |True   |  339  |9.702480e-06|1.664281e-05|9.799131e-10|   0   |
| 93  |True   |  334  |9.568453e-06|2.054668e-05|8.367344e-10|   0   |
| 94  |True   |  331  |9.676077e-06|2.282964e-05|8.055230e-10|   0   |
| 95  |True   |  333  |9.226799e-06|2.054668e-05|7.902450e-10|   0   |
| 96  |True   |  214  |9.309250e-06|1.213261e-05|3.749705e-12|   0   |
| 97  |True   |  309  |9.838229e-06|1.497853e-05|1.848134e-13|   0   |
| 98  |True   |  264  |9.133239e-06|1.849201e-05|3.927145e-11|   0   |
| 99  |True   |  329  |9.516324e-06|2.536627e-05|7.464021e-10|   0   |
| 100 |True   |  262  |9.181503e-06|1.497853e-05|9.305049e-11|   0   |
| 102 |True   |  333  |9.187127e-06|2.054668e-05|7.850993e-10|   0   |
| 101 |True   |  334  |9.498925e-06|2.054668e-05|8.273015e-10|   0   |
| 103 |True   |  288  |9.660146e-06|1.348068e-05|1.348076e-10|   0   |
| 104 |True   |  329  |9.688099e-06|2.536627e-05|7.623989e-10|   0   |
| 106 |True   |  203  |9.874483e-06|3.588051e-03|4.878761e-10|   0   |
| 105 |True   |  346  |9.982107e-06|1.213261e-05|4.181358e-13|   0   |
| 107 |True   |  287  |9.064399e-06|8.083305e-05|5.063632e-10|   0   |
| 108 |True   |  362  |9.822787e-06|1.111349e-05|5.036339e-13|   0   |
| 110 |True   |  251  |9.040026e-06|1.091935e-05|4.628445e-12|   0   |
| 109 |True   |  299  |9.862490e-06|1.691516e-05|9.961116e-10|   0   |
| 112 |True   |  134  |9.613501e-06|6.648731e-04|2.835712e-10|   0   |
| 113 |True   |  180  |9.501316e-06|1.348067e-05|3.466034e-13|   0   |
| 111 |True   |  267  |9.531065e-06|1.213261e-05|6.722431e-11|   0   |
| 114 |True   |  245  |9.478530e-06|1.091935e-05|4.092318e-12|   0   |
| 115 |True   |  308  |9.991483e-06|6.547477e-05|5.870719e-10|   0   |
| 116 |True   |  337  |9.675877e-06|1.849201e-05|9.085993e-10|   0   |
| 117 |True   |  342  |9.406849e-06|1.497853e-05|2.005328e-13|   0   |
| 119 |True   |  122  |9.546304e-06|1.716154e-03|5.260820e-10|   0   |
| 118 |True   |  317  |9.988887e-06|4.295800e-05|6.496757e-10|   0   |
| 121 |True   |  308  |9.379226e-06|2.818474e-05|6.932341e-10|   0   |
| 120 |True   |  341  |9.164394e-06|1.497853e-05|9.582554e-10|   0   |
| 122 |True   |  239  |9.293024e-06|1.232023e-04|7.825968e-16|   0   |
| 123 |True   |  317  |9.473308e-06|4.295800e-05|6.068211e-10|   0   |
| 124 |True   |  248  |9.619508e-06|1.091935e-05|2.441737e-12|   0   |
| 125 |True   |  295  |9.536486e-06|1.232023e-04|5.102609e-10|   0   |
| 126 |True   |  245  |9.595089e-06|3.866220e-05|2.844197e-11|   0   |
| 128 |True   |  210  |9.448303e-06|1.664281e-05|1.994696e-12|   0   |
| 127 |True   |  281  |9.195285e-06|9.827412e-06|4.130749e-11|   0   |
| 129 |True   |  321  |9.394226e-06|3.479598e-05|6.409577e-10|   0   |
| 130 |True   |  344  |9.568404e-06|1.348067e-05|2.723867e-13|   0   |
| 131 |True   |  220  |9.588104e-06|2.282964e-05|3.707955e-12|   0   |
| 132 |True   |  308  |9.074867e-06|1.213261e-05|1.556712e-12|   0   |
| 133 |True   |  336  |9.949093e-06|1.248937e-05|3.815296e-13|   0   |
| 134 |True   |  321  |9.137523e-06|3.479598e-05|6.175672e-10|   0   |
| 135 |True   |  234  |9.915874e-06|2.054668e-05|5.350997e-12|   0   |
| 136 |True   |  325  |9.079127e-06|1.849201e-05|8.191433e-10|   0   |
| 137 |True   |  271  |9.914923e-06|3.180068e-04|5.019544e-10|   0   |
| 138 |True   |  334  |9.637886e-06|2.054668e-05|8.463331e-10|   0   |
| 139 |True   |  318  |9.093170e-06|1.348067e-05|2.287373e-13|   0   |
| 140 |True   |  124  |9.921477e-06|2.118708e-03|4.309352e-14|   0   |
| 141 |True   |  311  |9.817291e-06|4.295800e-05|6.366837e-10|   0   |
| 142 |True   |  321  |9.050320e-06|3.479598e-05|6.097421e-10|   0   |
| 143 |True   |  319  |9.164068e-06|3.866220e-05|5.994614e-10|   0   |
| 144 |True   |  377  |9.451201e-06|9.868780e-06|6.148105e-13|   0   |
| 145 |True   |  180  |9.563501e-06|9.827412e-06|2.588749e-12|   0   |
| 147 |True   |  146  |9.707049e-06|1.521016e-04|2.438768e-11|   0   |
| 146 |True   |  331  |9.522128e-06|2.282964e-05|7.836466e-10|   0   |
| 148 |True   |  308  |9.830210e-06|6.547477e-05|5.758096e-10|   0   |
| 149 |True   |  337  |9.684064e-06|1.497853e-05|2.205305e-13|   0   |
| 150 |True   |  349  |9.709063e-06|1.091935e-05|5.063204e-13|   0   |
| 151 |True   |  254  |9.886187e-06|1.213261e-05|4.940504e-12|   0   |
| 152 |True   |  344  |9.245957e-06|1.348067e-05|2.420606e-13|   0   |
| 153 |True   |  348  |9.009175e-06|1.091935e-05|3.802290e-13|   0   |
| 154 |True   |  329  |9.494305e-06|2.282964e-05|7.800873e-10|   0   |
| 155 |True   |  336  |9.520604e-06|1.348067e-05|2.679960e-13|   0   |
| 156 |True   |  216  |9.482043e-06|2.282964e-05|8.299519e-12|   0   |
| 157 |True   |  328  |9.019712e-06|2.536627e-05|6.864882e-10|   0   |
| 158 |True   |  329  |9.529117e-06|2.536627e-05|7.440053e-10|   0   |
| 160 |True   |  312  |9.503584e-06|5.303457e-05|5.775139e-10|   0   |
| 159 |True   |  415  |9.706989e-06|1.116308e-05|4.748268e-13|   3   |
| 162 |True   |  255  |9.780352e-06|1.497853e-05|1.109048e-11|   0   |
| 161 |True   |  348  |9.469733e-06|1.091935e-05|4.597104e-13|   0   |
| 163 |True   |  328  |9.012015e-06|2.536627e-05|6.856469e-10|   0   |
| 164 |True   |  333  |9.324105e-06|2.054668e-05|8.033448e-10|   0   |
| 166 |True   |  150  |9.922247e-06|8.083305e-05|7.494022e-12|   0   |
| 165 |True   |  327  |9.965777e-06|2.818474e-05|7.565830e-10|   0   |
| 167 |True   |  332  |9.108613e-06|9.827412e-06|5.371570e-13|   0   |
| 168 |True   |  338  |9.208900e-06|1.664281e-05|8.971594e-10|   0   |
| 169 |True   |  326  |9.201905e-06|1.348067e-05|2.381394e-13|   0   |
| 170 |True   |  347  |9.023487e-06|1.091935e-05|3.827032e-13|   0   |
| 171 |True   |  344  |9.009090e-06|1.348068e-05|2.216867e-13|   0   |
| 172 |True   |  315  |9.133619e-06|1.664281e-05|8.849219e-10|   0   |
| 173 |True   |  295  |9.051732e-06|1.232023e-04|4.820473e-10|   0   |
| 174 |True   |  293  |9.185253e-06|4.295800e-05|5.832004e-10|   0   |
| 175 |True   |  236  |9.382437e-06|1.348067e-05|1.319431e-11|   0   |
| 176 |True   |  327  |9.896787e-06|2.818474e-05|7.490074e-10|   0   |
| 177 |True   |  324  |9.778448e-06|3.131638e-05|7.049037e-10|   0   |
| 178 |True   |  265  |9.376012e-06|1.877798e-04|4.853875e-10|   0   |
| 179 |True   |  301  |9.211174e-06|8.981450e-05|5.084101e-10|   0   |
| 180 |True   |  302  |9.701800e-06|8.981450e-05|5.390889e-10|   0   |
| 181 |True   |  308  |9.189983e-06|6.547477e-05|5.317276e-10|   0   |
| 182 |True   |  240  |9.314430e-06|9.827412e-06|1.119399e-11|   0   |
| 183 |True   |  302  |9.981532e-06|2.282964e-05|8.419304e-10|   0   |
| 184 |True   |  348  |9.920441e-06|1.091935e-05|5.511755e-13|   0   |
| 185 |True   |  310  |9.555244e-06|5.892730e-05|5.682515e-10|   0   |
| 186 |True   |  331  |9.370210e-06|2.282964e-05|7.645809e-10|   0   |
| 187 |True   |  231  |9.537840e-06|2.818474e-05|5.027938e-12|   0   |
| 188 |True   |  327  |9.650834e-06|1.409072e-05|2.518433e-13|   0   |
| 189 |True   |  330  |9.525310e-06|2.054668e-05|8.306898e-10|   0   |
| 190 |True   |  263  |9.144419e-06|2.536627e-05|4.550570e-14|   0   |
| 191 |True   |  321  |9.552593e-06|3.479598e-05|6.555373e-10|   0   |
| 192 |True   |  306  |9.414158e-06|3.866220e-05|6.208656e-10|   0   |
| 193 |True   |  209  |9.347343e-06|3.479598e-05|5.633767e-12|   0   |
| 194 |True   |  321  |9.395433e-06|3.479598e-05|6.410847e-10|   0   |
| 195 |True   |  285  |9.433018e-06|2.086442e-04|4.854036e-10|   0   |
| 196 |True   |  331  |9.695262e-06|2.282964e-05|8.053341e-10|   0   |
| 197 |True   |  310  |9.849902e-06|2.282964e-05|8.251747e-10|   0   |
| 199 |True   |  354  |9.573060e-06|1.210504e-05|3.599513e-13|   0   |
| 198 |True   |  303  |9.369944e-06|1.213261e-05|3.307789e-13|   0   |
