|seed |success|  nit  |    gap     |  tau_sum   |   G_norm   |avoid_n|
| 150 |True   |  556  |9.043587e-06|9.641806e-06|1.179162e-10|  17   |
| 26  |True   | 1047  |9.531054e-06|1.028594e-05|8.298918e-10|  49   |
| 189 |True   | 1736  |9.790091e-06|9.823403e-06|5.612992e-10|  93   |
| 160 |True   |  503  |9.960092e-06|9.975713e-06|2.177856e-10|  10   |
| 105 |True   |  303  |9.067990e-06|9.102944e-06|3.862435e-10|   0   |
| 86  |True   |  317  |9.205738e-06|9.259919e-06|5.736604e-10|   0   |
| 177 |True   |  574  |9.915351e-06|1.011960e-05|2.281243e-10|  11   |
| 60  |True   |  332  |9.905206e-06|9.911417e-06|6.735474e-10|   0   |
| 132 |True   |  902  |9.393824e-06|9.747398e-06|8.739757e-10|  37   |
| 157 |True   |  380  |9.829033e-06|9.849343e-06|3.753734e-10|   3   |
| 199 |True   |  320  |9.664767e-06|9.668101e-06|3.483030e-10|   0   |
| 92  |True   |  307  |9.083728e-06|9.137057e-06|3.517176e-10|   0   |
| 76  |True   |  329  |9.052590e-06|9.058875e-06|6.774558e-10|   0   |
| 28  |True   |  303  |9.462479e-06|9.592958e-06|5.723706e-10|   0   |
| 45  |True   |  803  |9.412393e-06|9.439777e-06|4.315205e-10|  29   |
| 146 |True   |  465  |9.178983e-06|9.346902e-06|8.065043e-10|   9   |
| 97  |True   |  308  |9.003744e-06|9.041426e-06|4.264010e-10|   0   |
| 111 |True   |  766  |9.838618e-06|1.008647e-05|8.557880e-10|  30   |
| 172 |True   |  801  |9.081469e-06|9.273607e-06|2.257975e-10|  30   |
| 118 |True   | 1482  |9.368662e-06|1.019169e-05|6.253742e-11|  78   |
| 156 |True   |  300  |9.194451e-06|9.253767e-06|3.630945e-10|   0   |
| 143 |True   |  807  |9.149812e-06|9.397409e-06|1.905757e-10|  24   |
| 159 |True   |  526  |9.098307e-06|9.314071e-06|9.555925e-10|  13   |
| 188 |True   |  303  |9.521327e-06|9.639501e-06|3.540057e-10|   0   |
| 117 |True   |  312  |9.670576e-06|9.689725e-06|3.774499e-10|   0   |
| 54  |True   |  428  |9.963948e-06|1.005762e-05|4.913188e-10|   7   |
| 166 |True   |  446  |9.494538e-06|9.861130e-06|2.411846e-10|   7   |
| 34  |True   | 3526  |9.923790e-06|9.934110e-06|3.459889e-11|  217  |
| 73  |True   |  317  |9.837600e-06|9.898823e-06|5.712712e-10|   0   |
| 36  |True   |  371  |9.257485e-06|9.431167e-06|2.065515e-10|   3   |
| 14  |True   |  614  |9.282095e-06|9.720645e-06|2.059730e-10|  21   |
| 141 |True   | 1483  |9.003700e-06|1.094813e-05|6.811017e-11|  76   |
| 198 |True   |  322  |9.370075e-06|9.404839e-06|4.400905e-10|   0   |
| 136 |True   |  355  |9.110373e-06|9.217233e-06|2.470217e-10|   3   |
| 152 |True   |  326  |9.347500e-06|9.357022e-06|5.644440e-10|   0   |
|  2  |True   |  334  |9.711378e-06|9.784713e-06|3.279523e-10|   0   |
| 178 |True   |  324  |9.982729e-06|1.006332e-05|3.324571e-10|   0   |
| 126 |True   |  316  |9.084607e-06|9.097983e-06|5.340596e-10|   0   |
| 87  |True   |  568  |9.887663e-06|9.923916e-06|4.662932e-10|  14   |
| 48  |True   |  341  |9.859170e-06|9.860856e-06|5.434768e-10|   0   |
| 125 |True   |  596  |9.202937e-06|9.359827e-06|1.644599e-10|  15   |
| 137 |True   |  320  |9.212756e-06|9.263530e-06|3.130671e-10|   0   |
| 27  |True   |  426  |9.261320e-06|9.407900e-06|2.736286e-10|   6   |
| 191 |True   |  327  |9.652557e-06|9.660846e-06|7.549943e-10|   0   |
| 46  |True   |  340  |9.524104e-06|9.531640e-06|4.816006e-10|   0   |
| 149 |True   |  342  |9.491305e-06|9.544368e-06|7.399644e-10|   0   |
| 12  |True   |  307  |9.986187e-06|9.999658e-06|2.288663e-10|   0   |
| 147 |True   |  754  |9.178944e-06|9.198946e-06|2.640744e-10|  25   |
| 18  |True   |  540  |9.418348e-06|9.450363e-06|1.235109e-10|  13   |
| 29  |True   |  312  |9.455023e-06|9.468397e-06|6.843839e-10|   0   |
| 17  |True   |  332  |9.313221e-06|9.313864e-06|6.306685e-10|   1   |
| 169 |True   |  414  |9.810319e-06|1.001610e-05|7.906051e-10|   5   |
| 173 |True   |  701  |9.042671e-06|9.282107e-06|2.433976e-10|  18   |
| 94  |True   |  357  |9.518139e-06|9.519435e-06|4.149998e-10|   2   |
| 30  |True   |  330  |9.543699e-06|9.593885e-06|7.996836e-10|   0   |
| 114 |True   |  321  |9.199895e-06|9.224720e-06|1.872714e-10|   0   |
| 161 |True   | 1599  |9.266226e-06|9.279614e-06|9.069359e-11|  81   |
| 142 |True   |  778  |9.510183e-06|1.204825e-05|2.701447e-10|  34   |
| 66  |True   |  575  |9.616689e-06|1.123007e-05|1.990194e-10|  16   |
| 41  |True   |  339  |9.025985e-06|9.027642e-06|5.203657e-10|   0   |
| 109 |True   |  316  |9.948801e-06|9.998094e-06|6.224933e-13|   0   |
| 42  |True   | 1371  |9.572562e-06|9.728645e-06|6.093406e-11|  79   |
| 23  |True   |  339  |9.791542e-06|9.830510e-06|3.748216e-10|   0   |
| 11  |True   |  999  |9.535802e-06|1.030534e-05|1.257854e-10|  42   |
| 190 |True   |  320  |9.097061e-06|9.126203e-06|6.786592e-10|   0   |
| 82  |True   |  874  |9.767768e-06|9.800547e-06|1.737442e-10|  38   |
| 129 |True   | 1105  |9.959194e-06|9.967591e-06|5.513005e-10|  47   |
| 24  |True   |  320  |9.080286e-06|9.106396e-06|2.447914e-10|   0   |
| 50  |True   |  644  |9.324103e-06|1.137773e-05|1.244420e-10|  24   |
|  8  |True   |  306  |9.007878e-06|9.051380e-06|3.102704e-10|   0   |
| 151 |True   |  324  |9.066777e-06|9.097666e-06|7.680522e-10|   0   |
| 122 |True   |  532  |9.013041e-06|9.019611e-06|3.898682e-10|  12   |
| 171 |True   |  343  |9.657623e-06|9.672318e-06|3.817555e-10|   0   |
| 176 |True   |  407  |9.196114e-06|9.276247e-06|1.993581e-10|   4   |
| 182 |True   |  318  |9.864786e-06|9.913093e-06|4.659763e-10|   0   |
|  9  |True   |  322  |9.606212e-06|9.615167e-06|6.583551e-10|   0   |
| 52  |True   |  408  |9.019048e-06|9.265659e-06|2.935434e-10|   4   |
| 98  |True   |  328  |9.371230e-06|9.384269e-06|5.295269e-10|   0   |
| 38  |True   |  316  |9.267492e-06|9.293783e-06|3.812585e-10|   0   |
| 96  |True   |  310  |9.666118e-06|9.675275e-06|2.984315e-10|   0   |
| 107 |True   |  322  |9.603138e-06|9.622276e-06|5.310178e-10|   0   |
|  0  |True   |  401  |9.974688e-06|1.004451e-05|8.931171e-10|   5   |
| 78  |True   |  658  |9.984041e-06|9.998105e-06|1.470744e-10|  21   |
| 174 |True   |  322  |9.711129e-06|9.747800e-06|4.689486e-10|   0   |
| 138 |True   |  511  |9.247686e-06|9.488142e-06|3.113347e-10|   8   |
| 187 |True   |  315  |9.530993e-06|9.577576e-06|6.519432e-10|   0   |
| 90  |True   |  317  |9.569236e-06|9.684826e-06|3.233038e-10|   0   |
| 35  |True   |  302  |9.106347e-06|9.186187e-06|5.005791e-10|   0   |
| 15  |True   |  358  |9.791977e-06|9.794473e-06|6.209889e-13|   3   |
| 31  |True   |  731  |9.127492e-06|9.293269e-06|1.918620e-10|  19   |
| 179 |True   | 1000  |9.331026e-06|9.757008e-06|6.951600e-11|  50   |
| 170 |True   |  469  |9.039155e-06|9.130548e-06|1.642073e-10|   9   |
| 180 |True   |  303  |9.959812e-06|1.004308e-05|3.347823e-10|   0   |
| 55  |True   |  663  |9.607266e-06|9.913678e-06|2.244217e-10|  21   |
| 80  |True   |  318  |9.434977e-06|9.465495e-06|8.131346e-10|   0   |
| 58  |True   |  342  |9.744865e-06|9.764981e-06|2.651544e-10|   1   |
|  1  |True   |  315  |9.635916e-06|9.660254e-06|2.585422e-10|   0   |
| 39  |True   | 2204  |9.785444e-06|9.800681e-06|5.859781e-11|  116  |
| 168 |True   |  314  |9.406787e-06|9.435806e-06|3.646833e-10|   0   |
| 84  |True   |  368  |9.832826e-06|9.847021e-06|2.607548e-10|   2   |
| 116 |True   |  302  |9.460174e-06|9.505895e-06|2.057295e-10|   0   |
| 10  |True   |  567  |9.564527e-06|9.585103e-06|1.504972e-10|  15   |
| 71  |True   |  486  |9.347365e-06|9.380444e-06|4.908872e-10|  10   |
| 154 |True   | 1414  |9.018380e-06|9.383945e-06|1.213248e-10|  64   |
| 77  |True   |  321  |9.268825e-06|9.325605e-06|5.785805e-10|   0   |
| 20  |True   |  328  |9.993842e-06|1.000187e-05|2.731989e-10|   0   |
| 158 |True   |  543  |9.143109e-06|9.298171e-06|3.185793e-10|  14   |
| 133 |True   |  406  |9.013784e-06|9.059014e-06|3.040702e-10|   4   |
| 106 |True   |  852  |9.786969e-06|1.006735e-05|1.901679e-10|  29   |
| 83  |True   |  397  |9.655215e-06|9.789278e-06|5.049228e-10|   5   |
| 93  |True   |  329  |9.264269e-06|9.267353e-06|3.147761e-10|   0   |
| 104 |True   |  476  |9.035061e-06|9.076481e-06|3.439603e-10|   8   |
| 184 |True   |  568  |9.931902e-06|9.936977e-06|4.686458e-10|  17   |
| 121 |True   | 1225  |9.421349e-06|9.682987e-06|8.407796e-11|  62   |
| 164 |True   |  442  |9.160835e-06|9.414235e-06|2.574484e-10|   9   |
| 40  |True   |  319  |9.964795e-06|9.987190e-06|3.330081e-10|   0   |
| 44  |True   |  507  |9.790549e-06|1.017462e-05|1.198450e-10|  12   |
| 51  |True   |  863  |9.249608e-06|9.637762e-06|8.842793e-10|  34   |
| 56  |True   |  343  |9.570229e-06|9.572483e-06|3.123654e-10|   1   |
| 21  |True   | 4032  |9.209124e-06|9.288802e-06|8.822236e-10|  255  |
| 85  |True   |  324  |9.566145e-06|9.581535e-06|4.805026e-10|   0   |
| 185 |True   |  921  |9.932704e-06|1.017701e-05|1.358368e-10|  38   |
|  5  |True   | 1831  |9.337303e-06|9.868884e-06|4.014131e-11|  101  |
| 130 |True   |  399  |9.289883e-06|9.330848e-06|2.364590e-10|   5   |
|  6  |True   |  820  |9.294014e-06|9.801148e-06|8.464564e-10|  33   |
| 64  |True   |  352  |9.033268e-06|9.036428e-06|3.111146e-10|   0   |
| 197 |True   |  428  |9.789296e-06|9.961483e-06|3.333937e-10|   4   |
| 192 |True   |  321  |9.667894e-06|9.709883e-06|6.793797e-13|   0   |
| 101 |True   |  369  |9.437071e-06|9.488453e-06|3.620378e-10|   2   |
| 163 |True   |  307  |9.948853e-06|9.965119e-06|5.880366e-10|   0   |
| 61  |True   |  576  |9.684652e-06|9.786918e-06|2.891235e-12|  17   |
| 144 |True   |  310  |9.544442e-06|9.614904e-06|7.425897e-10|   0   |
| 139 |True   |  594  |9.182801e-06|9.213685e-06|1.466956e-10|  12   |
| 89  |True   |  331  |9.469512e-06|9.472516e-06|7.971887e-10|   0   |
| 193 |True   |  315  |9.480464e-06|9.486704e-06|5.193659e-10|   0   |
| 167 |True   |  346  |9.575862e-06|9.646916e-06|4.730874e-10|   2   |
| 155 |True   |  344  |9.117610e-06|9.152322e-06|1.825606e-10|   0   |
| 37  |True   |  347  |9.502006e-06|9.508960e-06|9.673831e-10|   3   |
| 65  |True   |  888  |9.693637e-06|9.726751e-06|1.917094e-10|  37   |
| 99  |True   | 1974  |9.287398e-06|9.368996e-06|7.927107e-11|  115  |
| 135 |True   |  747  |9.955241e-06|1.052219e-05|8.358999e-11|  27   |
| 72  |True   |  426  |9.127548e-06|9.171881e-06|6.695282e-10|   7   |
| 81  |True   |  471  |9.056497e-06|9.257721e-06|9.181970e-10|   9   |
| 140 |True   | 1300  |9.693657e-06|9.709016e-06|6.338240e-11|  58   |
| 68  |True   | 1007  |9.273790e-06|9.371333e-06|9.686145e-11|  38   |
| 124 |True   |  358  |9.144319e-06|9.144905e-06|6.235028e-10|   1   |
| 175 |True   |  302  |9.879589e-06|9.886463e-06|2.774370e-10|   0   |
| 134 |True   |  499  |9.325867e-06|1.005676e-05|1.372960e-10|  11   |
| 49  |True   |  306  |9.875093e-06|9.909895e-06|2.539133e-10|   0   |
| 91  |True   |  425  |9.664273e-06|9.712974e-06|9.073131e-10|   7   |
| 53  |True   |  329  |9.403194e-06|9.558850e-06|5.016420e-10|   0   |
| 25  |True   | 3654  |9.278973e-06|1.026421e-05|3.643215e-10|  235  |
| 165 |True   |  306  |9.020008e-06|9.090095e-06|2.359658e-10|   0   |
| 22  |True   |  311  |9.266095e-06|9.312186e-06|4.259612e-10|   0   |
| 43  |True   |  361  |9.694640e-06|9.720597e-06|2.977831e-10|   2   |
|  3  |True   |  424  |9.267220e-06|9.400006e-06|7.479452e-13|   6   |
| 67  |True   | 1367  |9.331313e-06|9.669772e-06|2.789042e-10|  65   |
| 103 |True   |  318  |9.383031e-06|9.391121e-06|2.285647e-10|   0   |
| 16  |True   |  728  |9.463036e-06|9.670477e-06|3.637033e-10|  24   |
| 128 |True   |  316  |9.603769e-06|9.679643e-06|3.618910e-10|   0   |
| 115 |True   |  395  |9.831106e-06|9.865494e-06|5.553395e-10|   5   |
| 123 |True   |  308  |9.325431e-06|9.441025e-06|4.232951e-10|   0   |
| 79  |True   |  740  |9.687358e-06|9.850189e-06|2.261193e-10|  22   |
| 95  |True   |  721  |9.496152e-06|9.888910e-06|6.287535e-10|  27   |
| 131 |True   | 1210  |9.198428e-06|9.420314e-06|9.437364e-11|  63   |
| 148 |True   |  883  |9.780036e-06|1.028459e-05|8.033029e-10|  38   |
| 108 |True   |  564  |9.528690e-06|9.877060e-06|9.886569e-10|  15   |
| 119 |True   | 2099  |9.207192e-06|9.211372e-06|5.782001e-11|  118  |
| 32  |True   |  557  |9.147920e-06|9.200605e-06|1.674209e-10|  16   |
| 127 |True   |  515  |9.633027e-06|9.763369e-06|7.773314e-10|  11   |
| 145 |True   |  310  |9.747073e-06|9.766637e-06|2.364370e-10|   0   |
| 196 |True   |  410  |9.572066e-06|9.580793e-06|3.230780e-10|   3   |
| 70  |True   | 1279  |9.842935e-06|1.031785e-05|1.329053e-10|  65   |
| 100 |True   |  339  |9.700780e-06|9.862252e-06|3.488062e-10|   1   |
| 194 |True   |  305  |9.010042e-06|9.031405e-06|5.050393e-10|   0   |
| 183 |True   |  533  |9.251749e-06|9.329528e-06|2.234045e-10|  11   |
| 59  |True   |  333  |9.797414e-06|9.843307e-06|3.687183e-10|   0   |
| 57  |True   |  934  |9.784064e-06|9.803646e-06|2.830783e-10|  40   |
| 19  |True   | 1689  |9.365632e-06|9.437237e-06|4.961484e-11|  98   |
| 102 |True   |  317  |9.158554e-06|9.187760e-06|5.271829e-10|   0   |
|  7  |True   |  318  |9.720288e-06|9.742695e-06|8.523709e-10|   0   |
| 74  |True   |  473  |9.307766e-06|9.474066e-06|8.395829e-10|   9   |
| 195 |True   |  523  |9.878059e-06|1.010268e-05|7.582991e-10|  13   |
| 110 |True   |  414  |9.083000e-06|9.186721e-06|4.020727e-10|   6   |
| 153 |True   |  312  |9.955034e-06|9.965035e-06|6.885881e-10|   0   |
| 88  |True   |  302  |9.733609e-06|9.803162e-06|3.035939e-10|   0   |
| 63  |True   |  306  |9.356353e-06|9.533990e-06|2.645391e-10|   0   |
| 186 |True   |  681  |9.974005e-06|1.008820e-05|6.453706e-10|  24   |
| 62  |True   | 1988  |9.733353e-06|1.039547e-05|7.317867e-10|  120  |
| 113 |True   |  551  |9.891984e-06|1.024257e-05|3.007868e-10|  15   |
|  4  |True   |  318  |9.686551e-06|9.688212e-06|3.860781e-10|   0   |
| 69  |True   |  326  |9.866761e-06|9.869766e-06|5.753377e-10|   0   |
| 120 |True   |  312  |9.823100e-06|9.861301e-06|5.690164e-10|   0   |
| 112 |True   |  331  |9.570202e-06|9.571845e-06|4.093319e-10|   0   |
| 75  |True   | 2723  |9.039930e-06|9.074732e-06|2.345487e-12|  169  |
| 181 |True   |  317  |9.470173e-06|9.472565e-06|4.433761e-10|   0   |
| 33  |True   |  885  |9.487852e-06|9.555160e-06|1.917283e-10|  38   |
| 162 |True   |  319  |9.932327e-06|9.974445e-06|2.484136e-10|   0   |
| 47  |True   | 1821  |9.101291e-06|9.219713e-06|6.305180e-11|  107  |
| 13  |True   |  308  |9.078749e-06|9.084329e-06|5.252918e-10|   0   |
