|seed |success|  nit  |    gap     |  tau_sum   |   G_norm   |avoid_n|
| 134 |True   |  521  |9.432432e-06|9.442254e-06|9.942651e-11|  10   |
| 181 |True   |  762  |9.214642e-06|9.736064e-06|1.639959e-10|  28   |
| 80  |True   |  661  |9.874809e-06|1.004533e-05|4.187991e-10|  15   |
| 14  |True   |  773  |9.036342e-06|9.229707e-06|9.512003e-11|  24   |
| 151 |True   | 1076  |9.029657e-06|9.143554e-06|5.432277e-10|  43   |
| 97  |True   | 1434  |9.249526e-06|9.256031e-06|5.239166e-10|  60   |
| 27  |True   | 1291  |9.932209e-06|1.070898e-05|2.962676e-10|  45   |
| 36  |True   |  329  |9.201088e-06|9.241717e-06|1.483630e-10|   1   |
| 129 |True   |  445  |9.213959e-06|9.311016e-06|4.063684e-10|   4   |
| 66  |True   | 1789  |9.424326e-06|9.790831e-06|8.211191e-10|  79   |
| 83  |True   |  666  |9.169626e-06|9.302180e-06|2.535455e-10|  13   |
| 100 |True   |  666  |9.816403e-06|9.959116e-06|1.963049e-10|  13   |
| 183 |True   |  346  |9.665441e-06|9.698479e-06|2.342715e-10|   0   |
| 91  |True   |  367  |9.798681e-06|9.919701e-06|1.673743e-10|   4   |
| 29  |True   |  350  |9.006066e-06|9.018743e-06|1.868048e-10|   0   |
| 15  |True   |  378  |9.446267e-06|9.495739e-06|2.226895e-10|   1   |
| 125 |True   |  345  |9.122774e-06|9.154854e-06|3.474266e-10|   0   |
| 41  |True   |  669  |9.669152e-06|9.782023e-06|3.836086e-10|  19   |
| 28  |True   | 1774  |9.572501e-06|1.017279e-05|3.611952e-10|  75   |
| 16  |True   | 1186  |9.814478e-06|1.062114e-05|4.645690e-10|  55   |
| 11  |True   |  363  |9.503078e-06|9.562586e-06|4.189382e-10|   0   |
| 166 |True   |  350  |9.406494e-06|9.487635e-06|1.399538e-10|   0   |
| 95  |True   |  362  |9.659005e-06|9.708709e-06|1.755783e-10|   0   |
| 118 |True   | 3274  |9.964914e-06|1.512345e-05|4.048414e-12|  174  |
| 40  |True   |  343  |9.507259e-06|9.554871e-06|2.432233e-10|   0   |
| 146 |True   |  307  |9.307697e-06|9.319351e-06|1.675443e-10|   0   |
| 38  |True   |  375  |9.238053e-06|9.321722e-06|2.953065e-10|   0   |
| 67  |True   |  470  |9.101347e-06|9.283173e-06|3.513587e-10|   7   |
| 54  |True   |  324  |9.494683e-06|9.509474e-06|1.636442e-10|   0   |
| 20  |True   |  305  |9.966911e-06|1.013335e-05|1.133070e-10|   0   |
| 13  |True   |  354  |9.248327e-06|9.320941e-06|1.575070e-10|   0   |
| 150 |True   |  324  |9.019576e-06|9.046272e-06|4.055070e-10|   0   |
| 131 |True   |  821  |9.018449e-06|9.129692e-06|4.059743e-10|  19   |
| 98  |True   | 3295  |9.783205e-06|9.790001e-06|6.178064e-12|  161  |
| 180 |True   |  320  |9.126817e-06|9.274361e-06|1.438651e-10|   0   |
| 126 |True   |  891  |9.271038e-06|9.453893e-06|2.322802e-10|  23   |
| 175 |True   | 2936  |9.152140e-06|1.052274e-05|3.361583e-12|  150  |
| 70  |True   |  373  |9.451405e-06|9.463496e-06|3.748807e-10|   0   |
| 164 |True   |  333  |9.932346e-06|9.956340e-06|2.934356e-10|   0   |
| 101 |True   |  333  |9.826971e-06|9.864144e-06|2.205356e-10|   0   |
| 72  |True   |  284  |9.281813e-06|9.296268e-06|1.563996e-10|   0   |
| 155 |True   |  791  |9.270913e-06|1.011330e-05|1.712437e-10|  21   |
| 96  |True   |  313  |9.238884e-06|9.286438e-06|1.555109e-10|   0   |
|  3  |True   |  344  |9.296925e-06|9.361225e-06|6.054048e-11|   0   |
| 106 |True   |  315  |9.276304e-06|9.393984e-06|1.728030e-10|   0   |
| 107 |True   |  307  |9.948403e-06|1.005394e-05|1.349895e-10|   0   |
| 120 |True   |  623  |9.427620e-06|9.839511e-06|1.593696e-10|  21   |
| 135 |True   | 1052  |9.284344e-06|9.328618e-06|7.103147e-10|  46   |
| 116 |True   |  550  |9.223026e-06|9.326154e-06|4.889122e-10|  12   |
| 94  |True   |  284  |9.864209e-06|9.883239e-06|1.889295e-10|   0   |
| 71  |True   |  545  |9.631053e-06|9.734401e-06|2.610528e-10|   8   |
| 53  |True   | 1029  |9.108903e-06|9.741550e-06|1.557774e-10|  47   |
| 147 |True   |  455  |9.618964e-06|9.642687e-06|3.998717e-10|   5   |
| 21  |True   |  323  |9.764251e-06|9.796916e-06|1.519492e-10|   0   |
| 45  |True   | 1481  |9.451906e-06|9.522916e-06|4.455862e-10|  65   |
| 60  |True   |  322  |9.078209e-06|9.119140e-06|2.353974e-10|   0   |
| 49  |True   | 1856  |9.745320e-06|1.016169e-05|9.897388e-11|  100  |
| 169 |True   | 1107  |9.409765e-06|1.062208e-05|4.936448e-10|  48   |
| 176 |True   |  496  |9.263891e-06|9.646971e-06|1.549888e-10|   7   |
| 104 |True   |  812  |9.560262e-06|9.572538e-06|1.547583e-10|  16   |
| 59  |True   |  376  |9.822678e-06|1.001537e-05|1.533003e-10|   4   |
| 75  |True   |  433  |9.752973e-06|9.832607e-06|2.631370e-10|   4   |
| 46  |True   | 1893  |9.730546e-06|9.755897e-06|3.106292e-12|  81   |
| 77  |True   |  325  |9.766659e-06|9.818000e-06|3.051370e-10|   0   |
| 90  |True   |  429  |9.499496e-06|9.534836e-06|3.443776e-11|   5   |
| 178 |True   | 1136  |9.420610e-06|1.146622e-05|5.664070e-10|  34   |
| 87  |True   |  326  |9.572050e-06|9.653262e-06|2.677763e-10|   0   |
|  9  |True   |  857  |9.141212e-06|9.186816e-06|2.446866e-10|  34   |
| 31  |True   |  441  |9.375622e-06|9.557056e-06|1.515923e-10|   7   |
| 123 |True   |  680  |9.428007e-06|9.995626e-06|4.692874e-11|  19   |
| 149 |True   |  479  |9.707257e-06|9.983122e-06|1.625877e-10|   8   |
| 114 |True   |  658  |9.197740e-06|9.423689e-06|4.591195e-10|  15   |
| 185 |True   |  342  |9.754850e-06|9.787614e-06|2.295910e-10|   0   |
| 33  |True   | 1041  |9.715735e-06|1.043261e-05|3.892936e-10|  37   |
| 56  |True   |  433  |9.210342e-06|9.447724e-06|3.588328e-10|   3   |
| 145 |True   |  347  |9.723609e-06|9.761362e-06|5.244492e-10|   0   |
| 124 |True   |  426  |9.813007e-06|9.977502e-06|1.778047e-10|   7   |
| 108 |True   |  332  |9.367022e-06|9.379163e-06|1.747329e-10|   0   |
| 142 |True   |  613  |9.712922e-06|9.972876e-06|3.417249e-10|  14   |
| 12  |True   |  553  |9.630135e-06|9.874657e-06|1.763552e-10|   8   |
| 17  |True   |  299  |9.712128e-06|9.967275e-06|6.533567e-11|   0   |
| 35  |True   |  696  |9.434396e-06|9.467148e-06|4.612873e-10|  15   |
| 165 |True   | 2012  |9.159516e-06|9.226878e-06|1.829281e-12|  103  |
| 193 |True   |  795  |9.465153e-06|9.566195e-06|1.971091e-10|  24   |
| 156 |True   |  335  |9.294017e-06|9.320769e-06|2.389272e-10|   0   |
| 105 |True   | 1221  |9.589677e-06|1.059901e-05|4.028989e-10|  48   |
| 140 |True   |  305  |9.987322e-06|1.005120e-05|1.110887e-10|   0   |
| 102 |True   |  540  |9.882572e-06|1.012905e-05|1.495587e-10|  14   |
| 195 |True   |  363  |9.128690e-06|9.157125e-06|3.903178e-10|   1   |
| 112 |True   |  314  |9.290337e-06|9.422210e-06|2.106776e-10|   0   |
| 43  |True   |  385  |9.835025e-06|9.993327e-06|5.714528e-10|   1   |
|  7  |True   |  443  |9.468435e-06|9.701342e-06|1.545357e-10|   4   |
| 182 |True   |  846  |9.094359e-06|9.620049e-06|2.944194e-10|  23   |
| 50  |True   |  536  |9.078753e-06|9.150716e-06|1.576689e-10|  12   |
| 137 |True   | 1022  |9.568485e-06|1.024347e-05|4.639655e-10|  39   |
| 109 |True   |  360  |9.036184e-06|9.058850e-06|2.948767e-10|   0   |
| 139 |True   |  310  |9.921674e-06|9.984074e-06|3.822247e-10|   0   |
| 79  |True   | 1057  |9.995338e-06|1.121157e-05|5.253378e-10|  38   |
| 110 |True   |  385  |9.436399e-06|9.500386e-06|5.270489e-10|   2   |
| 159 |True   | 1112  |9.101092e-06|9.379109e-06|2.182396e-10|  41   |
| 10  |True   |  385  |9.800804e-06|9.868716e-06|1.598900e-10|   4   |
| 65  |True   |  330  |9.612974e-06|9.648316e-06|3.720233e-11|   0   |
| 86  |True   |  451  |9.650959e-06|9.706555e-06|1.094139e-10|   6   |
| 158 |True   |  363  |9.929028e-06|9.936222e-06|9.850411e-11|   2   |
| 154 |True   |  319  |9.308408e-06|9.336119e-06|9.174748e-11|   0   |
| 69  |True   | 3369  |9.901919e-06|9.918887e-06|3.610014e-12|  178  |
| 153 |True   | 1089  |9.804709e-06|1.021472e-05|1.360278e-10|  45   |
| 78  |True   |  701  |9.219015e-06|9.577258e-06|1.702326e-10|  26   |
| 128 |True   |  311  |9.228047e-06|9.314174e-06|2.104211e-10|   0   |
| 130 |True   |  351  |9.248461e-06|9.255720e-06|2.129032e-10|   0   |
| 89  |True   |  407  |9.047997e-06|9.174804e-06|4.141469e-10|   2   |
| 168 |True   |  412  |9.511578e-06|9.543410e-06|2.223798e-10|   1   |
| 84  |True   |  497  |9.098543e-06|9.184040e-06|1.753203e-10|   9   |
| 127 |True   |  354  |9.054634e-06|9.186265e-06|7.313779e-11|   0   |
| 141 |True   | 2527  |9.155847e-06|9.733611e-06|3.430297e-12|  130  |
| 148 |True   |  546  |9.538368e-06|9.610146e-06|1.496119e-10|   9   |
| 167 |True   |  401  |9.712503e-06|9.723924e-06|1.973987e-10|   0   |
| 115 |True   | 1174  |9.541373e-06|9.721152e-06|5.708309e-10|  47   |
| 73  |True   |  384  |9.919270e-06|1.014220e-05|2.035939e-10|   4   |
| 37  |True   |  683  |9.284995e-06|9.445090e-06|3.621559e-10|  17   |
| 171 |True   |  454  |9.282892e-06|9.304742e-06|1.401611e-10|   5   |
| 44  |True   | 1368  |9.442825e-06|9.772374e-06|1.484760e-10|  62   |
| 88  |True   |  336  |9.589231e-06|9.649513e-06|3.563892e-10|   0   |
| 76  |True   |  811  |9.081870e-06|9.456004e-06|4.112339e-10|  22   |
| 152 |True   |  346  |9.257029e-06|9.368077e-06|1.200804e-10|   0   |
| 196 |True   |  355  |9.893422e-06|9.936966e-06|1.542577e-10|   2   |
| 144 |True   | 1445  |9.880906e-06|9.999216e-06|5.337648e-10|  52   |
| 26  |True   | 1092  |9.140111e-06|9.860400e-06|1.707557e-10|  51   |
| 58  |True   |  297  |9.345075e-06|9.432556e-06|1.656048e-10|   0   |
| 18  |True   |  893  |9.716202e-06|9.959177e-06|2.107465e-12|  29   |
| 52  |True   |  525  |9.488598e-06|9.598527e-06|4.359631e-10|   7   |
| 81  |True   |  459  |9.894582e-06|1.012460e-05|2.423291e-10|   6   |
| 99  |True   |  338  |9.065522e-06|9.132086e-06|5.918044e-11|   0   |
| 25  |True   |  526  |9.430562e-06|9.438939e-06|1.459479e-10|  10   |
| 190 |True   |  316  |9.424251e-06|9.458711e-06|1.840434e-10|   0   |
| 187 |True   |  347  |9.494246e-06|9.781028e-06|1.390467e-10|   2   |
| 122 |True   |  905  |9.123379e-06|9.492565e-06|2.642033e-10|  30   |
| 57  |True   |  562  |9.711794e-06|9.907127e-06|1.812527e-10|  17   |
| 186 |True   |  347  |9.955890e-06|9.984767e-06|1.256019e-10|   0   |
|  1  |True   |  350  |9.758390e-06|9.814995e-06|6.989450e-10|   0   |
| 63  |True   |  344  |9.885093e-06|9.917090e-06|1.273208e-10|   0   |
| 121 |True   |  577  |9.558567e-06|9.580602e-06|4.114705e-10|  13   |
| 62  |True   |  335  |9.933928e-06|9.957501e-06|7.738476e-11|   0   |
| 19  |True   |  960  |9.963138e-06|9.987445e-06|3.447213e-10|  34   |
| 173 |True   |  452  |9.868891e-06|9.996819e-06|7.199022e-11|   6   |
| 111 |True   | 1086  |9.225356e-06|9.844549e-06|5.292700e-10|  42   |
| 136 |True   |  501  |9.631059e-06|9.670975e-06|2.474806e-10|   5   |
| 117 |True   |  467  |9.347284e-06|9.460362e-06|1.848886e-10|   6   |
| 197 |True   |  397  |9.179827e-06|9.194015e-06|1.169162e-10|   2   |
| 51  |True   |  559  |9.318696e-06|9.361988e-06|1.838964e-10|  13   |
| 32  |True   |  331  |9.467681e-06|9.494511e-06|2.129073e-10|   0   |
|  2  |True   |  328  |9.002442e-06|9.098890e-06|1.436241e-10|   0   |
| 157 |True   |  374  |9.991953e-06|9.997535e-06|1.357014e-10|   2   |
| 93  |True   |  347  |9.400495e-06|9.444527e-06|1.677568e-10|   0   |
|  0  |True   | 1568  |9.650398e-06|9.844229e-06|5.157138e-10|  75   |
|  8  |True   |  374  |9.049986e-06|9.053467e-06|3.170408e-10|   0   |
| 138 |True   |  876  |9.525518e-06|9.538510e-06|6.652857e-11|  28   |
| 55  |True   |  327  |9.872364e-06|9.934057e-06|1.389173e-10|   0   |
|  6  |True   |  351  |9.416257e-06|9.434695e-06|3.561470e-10|   0   |
| 172 |True   |  633  |9.424722e-06|9.554996e-06|2.813069e-10|   9   |
| 170 |True   | 1573  |9.747551e-06|1.008359e-05|2.818888e-10|  64   |
| 194 |True   | 2455  |9.474842e-06|9.802116e-06|6.689419e-10|  107  |
| 68  |True   |  420  |9.647156e-06|9.738229e-06|2.214789e-10|   6   |
| 192 |True   |  919  |9.285375e-06|9.607174e-06|8.260013e-11|  27   |
| 199 |True   | 1506  |9.352427e-06|9.924932e-06|5.268646e-10|  70   |
| 22  |True   |  385  |9.757837e-06|9.761612e-06|1.118837e-10|   0   |
| 161 |True   |  397  |9.988497e-06|1.018199e-05|1.353641e-10|   2   |
| 179 |True   | 1719  |9.473853e-06|9.485676e-06|4.898318e-10|  73   |
| 132 |True   |  348  |9.316053e-06|9.340239e-06|1.687628e-10|   0   |
|  4  |True   |  414  |9.354138e-06|9.429609e-06|1.461421e-10|   1   |
| 160 |True   |  841  |9.175739e-06|9.496711e-06|1.544843e-10|  31   |
| 61  |True   |  343  |9.646617e-06|9.659452e-06|2.349485e-10|   0   |
| 177 |True   |  424  |9.945543e-06|1.003320e-05|1.815336e-10|   7   |
| 119 |True   |  370  |9.887721e-06|9.912543e-06|1.393416e-10|   2   |
| 24  |True   |  551  |9.232186e-06|9.446249e-06|7.442347e-10|  11   |
| 189 |True   |  484  |9.966273e-06|9.990634e-06|1.811376e-10|   7   |
| 34  |True   |  385  |9.596941e-06|9.674101e-06|9.060944e-10|   0   |
| 163 |True   |  765  |9.112087e-06|1.152324e-05|1.888732e-10|  15   |
| 39  |True   |  345  |9.379982e-06|9.400214e-06|8.072256e-11|   0   |
| 191 |True   |  308  |9.938961e-06|1.002038e-05|3.306411e-10|   0   |
| 92  |True   |  346  |9.111641e-06|9.128978e-06|7.696526e-10|   0   |
|  5  |True   |  819  |9.821899e-06|9.834484e-06|5.164174e-10|  22   |
| 184 |True   |  363  |9.591727e-06|9.620615e-06|3.422169e-10|   0   |
| 133 |True   |  409  |9.001211e-06|9.021027e-06|2.904242e-10|   3   |
| 23  |True   |  475  |9.766518e-06|9.846682e-06|2.411566e-10|   7   |
| 162 |True   |  366  |9.573035e-06|9.608347e-06|1.630806e-10|   0   |
| 30  |True   |  875  |9.367078e-06|9.374842e-06|4.867611e-10|  25   |
| 64  |True   |  569  |9.800844e-06|1.015337e-05|2.487535e-10|  14   |
| 82  |True   | 1112  |9.621700e-06|1.018479e-05|1.816518e-10|  46   |
| 113 |True   |  343  |9.124080e-06|9.175226e-06|7.434405e-10|   0   |
| 42  |True   |  349  |9.725048e-06|9.728260e-06|2.472046e-10|   1   |
| 48  |True   |  359  |9.712731e-06|9.786128e-06|3.559874e-10|   0   |
| 198 |True   |  330  |9.854069e-06|9.862909e-06|1.775320e-10|   0   |
| 188 |True   |  338  |9.817287e-06|9.836543e-06|8.596106e-10|   0   |
| 74  |True   |  415  |9.456730e-06|9.554824e-06|1.642720e-10|   4   |
| 85  |True   | 1703  |9.925925e-06|9.936980e-06|1.725748e-10|  64   |
| 103 |True   |  353  |9.791556e-06|9.859976e-06|2.770391e-10|   0   |
| 174 |True   |  575  |9.521937e-06|1.016085e-05|1.936932e-10|   9   |
| 47  |True   | 1961  |9.950263e-06|1.042286e-05|1.573612e-12|  95   |
| 143 |True   |  841  |9.507715e-06|9.771665e-06|2.867841e-10|  25   |
