|seed |success|  nit  |    gap     |  tau_sum   |   G_norm   |avoid_n|
|  9  |True   |  316  |9.758845e-06|9.979457e-06|1.618710e-10|   0   |
| 11  |True   |  412  |9.471712e-06|9.650127e-06|1.847439e-11|   2   |
| 12  |True   |  341  |9.959613e-06|9.992739e-06|1.099246e-10|   0   |
|  3  |True   |  557  |9.075400e-06|9.180993e-06|2.629212e-11|  10   |
|  4  |True   |  628  |9.082664e-06|9.158454e-06|1.267938e-10|  16   |
|  7  |True   |  657  |9.401487e-06|9.433572e-06|2.169553e-10|  18   |
|  5  |True   |  751  |9.875430e-06|9.885503e-06|6.151789e-11|  20   |
|  6  |True   |  768  |9.208375e-06|1.174588e-05|1.139517e-10|  23   |
| 14  |True   |  428  |9.648119e-06|9.748196e-06|3.582977e-10|   6   |
| 10  |True   | 1034  |9.736625e-06|9.779796e-06|6.265557e-11|  25   |
| 18  |True   |  353  |9.717120e-06|1.005475e-05|1.604826e-10|   1   |
|  0  |True   | 1277  |9.886952e-06|1.095560e-05|1.824699e-10|  50   |
| 16  |True   |  580  |9.473870e-06|9.810754e-06|1.891643e-10|  15   |
|  8  |True   | 1187  |9.474027e-06|9.685879e-06|1.962645e-10|  45   |
| 20  |True   |  351  |9.058689e-06|9.286328e-06|1.084481e-10|   1   |
| 17  |True   |  622  |9.411139e-06|9.738883e-06|9.226934e-10|  16   |
| 13  |True   | 1051  |9.695260e-06|9.710967e-06|1.925720e-10|  41   |
| 22  |True   |  345  |9.010303e-06|9.057390e-06|1.418070e-10|   1   |
| 15  |True   | 1029  |9.590310e-06|9.813913e-06|1.954990e-10|  38   |
| 25  |True   |  323  |9.952202e-06|1.022056e-05|9.464985e-10|   0   |
| 19  |True   |  702  |9.384931e-06|1.021465e-05|2.372644e-10|  17   |
|  1  |True   | 1902  |9.719908e-06|9.807691e-06|2.993089e-10|  77   |
| 23  |True   |  455  |9.903003e-06|9.978626e-06|4.531573e-10|   7   |
| 27  |True   |  350  |9.781215e-06|9.978588e-06|1.949661e-10|   0   |
| 28  |True   |  420  |9.973052e-06|1.069069e-05|1.410480e-10|   5   |
| 31  |True   |  376  |9.047864e-06|9.102244e-06|3.893071e-11|   0   |
| 35  |True   |  311  |9.250068e-06|9.430847e-06|1.307731e-10|   0   |
| 37  |True   |  575  |9.313141e-06|9.550961e-06|1.207396e-10|  12   |
| 33  |True   |  839  |9.895719e-06|1.008000e-05|1.266615e-11|  20   |
| 21  |True   | 1787  |9.528710e-06|9.570893e-06|4.710915e-10|  83   |
| 34  |True   | 1109  |9.436262e-06|1.003140e-05|1.946499e-10|  48   |
| 36  |True   | 1088  |9.640584e-06|1.009373e-05|1.863697e-10|  37   |
| 40  |True   |  448  |9.879621e-06|1.021905e-05|1.863923e-10|   4   |
| 41  |True   |  381  |9.315234e-06|9.692066e-06|4.568150e-11|   2   |
| 32  |True   | 1676  |9.702626e-06|9.908045e-06|4.279091e-11|  75   |
| 29  |True   | 1623  |9.322265e-06|1.052709e-05|1.358521e-10|  82   |
| 42  |True   |  625  |9.530834e-06|1.005591e-05|1.169129e-10|  18   |
|  2  |True   | 3918  |9.893635e-06|1.184705e-05|3.458079e-12|  172  |
| 44  |True   |  488  |9.568193e-06|9.586910e-06|1.498980e-10|   4   |
| 30  |True   | 2212  |9.003323e-06|9.016917e-06|5.554559e-10|  112  |
| 47  |True   |  368  |9.109801e-06|9.112583e-06|6.441209e-11|   1   |
| 48  |True   |  383  |9.093999e-06|9.204893e-06|8.644461e-11|   2   |
| 26  |True   | 2560  |9.958975e-06|1.004693e-05|3.694619e-10|  113  |
| 45  |True   |  823  |9.640221e-06|1.036300e-05|2.516335e-11|  23   |
| 50  |True   |  340  |9.279563e-06|9.345370e-06|1.695610e-10|   0   |
| 51  |True   |  408  |9.846494e-06|1.007326e-05|1.873791e-10|   3   |
| 53  |True   |  317  |9.228817e-06|9.270142e-06|1.880494e-11|   0   |
| 49  |True   |  806  |9.620962e-06|9.672658e-06|2.927650e-10|  16   |
| 52  |True   |  494  |9.213894e-06|9.583876e-06|6.828221e-11|   8   |
| 43  |True   | 1743  |9.548742e-06|9.564541e-06|4.668321e-10|  85   |
| 57  |True   |  656  |9.182733e-06|9.197156e-06|1.310665e-10|  13   |
| 55  |True   |  933  |9.458946e-06|9.606470e-06|3.712295e-11|  27   |
| 56  |True   |  915  |9.601886e-06|1.005210e-05|3.127882e-10|  35   |
| 63  |True   |  339  |9.779949e-06|9.910555e-06|1.940334e-10|   0   |
| 59  |True   |  871  |9.302446e-06|9.704098e-06|1.680487e-10|  26   |
| 46  |True   | 2080  |9.670921e-06|9.680109e-06|7.310179e-10|  100  |
| 64  |True   |  323  |9.695798e-06|9.767704e-06|1.548373e-10|   0   |
| 61  |True   |  857  |9.168658e-06|9.342820e-06|2.368163e-10|  19   |
| 62  |True   |  906  |9.877023e-06|1.029059e-05|1.506233e-10|  39   |
| 65  |True   |  426  |9.901836e-06|9.990950e-06|9.940819e-12|   3   |
| 54  |True   | 1748  |9.270575e-06|1.028415e-05|1.444135e-10|  86   |
| 66  |True   |  392  |9.950617e-06|9.986640e-06|7.110426e-11|   2   |
| 67  |True   |  410  |9.930599e-06|1.011276e-05|1.094284e-10|   0   |
| 60  |True   | 1376  |9.887557e-06|9.894059e-06|5.092623e-10|  52   |
| 71  |True   |  431  |9.168233e-06|9.185000e-06|2.047374e-11|   2   |
| 69  |True   |  435  |9.682527e-06|9.996637e-06|1.423840e-10|   7   |
| 39  |True   | 3674  |9.991950e-06|1.027984e-05|1.857022e-12|  189  |
| 24  |True   | 5540  |9.782494e-06|1.093019e-05|1.451165e-11|  297  |
| 73  |True   |  545  |9.744676e-06|1.009414e-05|1.756163e-10|  11   |
| 72  |True   |  825  |9.946781e-06|1.038875e-05|1.410017e-10|  33   |
| 74  |True   |  797  |9.045269e-06|9.079440e-06|2.449805e-10|  28   |
| 70  |True   |  979  |9.938314e-06|1.044583e-05|1.521914e-10|  41   |
| 58  |True   | 2189  |9.749357e-06|9.870238e-06|3.474463e-12|  118  |
| 76  |True   |  954  |9.630703e-06|9.645056e-06|1.396934e-10|  35   |
| 79  |True   |  523  |9.911943e-06|1.028280e-05|1.660285e-10|   9   |
| 38  |True   | 4759  |9.503875e-06|9.524088e-06|1.373572e-11|  255  |
| 78  |True   |  649  |9.156429e-06|9.891643e-06|2.166194e-10|  19   |
| 82  |True   |  548  |9.088764e-06|9.265062e-06|1.380704e-10|  14   |
| 75  |True   | 1221  |9.926713e-06|9.984149e-06|1.150938e-10|  30   |
| 85  |True   |  328  |9.623602e-06|9.666826e-06|9.893558e-11|   0   |
| 77  |True   | 1184  |9.408882e-06|1.022487e-05|8.069517e-10|  52   |
| 88  |True   |  352  |9.892464e-06|9.903521e-06|1.033412e-10|   0   |
| 90  |True   |  374  |9.483388e-06|9.810869e-06|2.713465e-11|   3   |
| 87  |True   |  558  |9.589628e-06|9.748498e-06|8.754136e-11|  13   |
| 68  |True   | 2151  |9.769921e-06|1.047466e-05|4.490579e-10|  75   |
| 80  |True   | 1635  |9.190741e-06|9.362124e-06|3.694106e-10|  58   |
| 91  |True   |  585  |9.213487e-06|9.237558e-06|1.603570e-10|  13   |
| 93  |True   |  303  |9.240082e-06|9.506682e-06|1.256919e-10|   0   |
| 86  |True   | 1096  |9.931791e-06|1.028412e-05|3.493661e-11|  39   |
| 89  |True   | 1042  |9.019478e-06|9.582154e-06|1.496532e-10|  36   |
| 84  |True   | 1446  |9.505217e-06|1.111961e-05|2.379718e-10|  51   |
| 98  |True   |  529  |9.016683e-06|9.448630e-06|1.032982e-10|   3   |
| 100 |True   |  456  |9.412718e-06|9.949942e-06|2.158667e-10|   7   |
| 95  |True   | 1035  |9.681925e-06|9.696227e-06|1.584443e-10|  40   |
| 97  |True   |  778  |9.294000e-06|9.739280e-06|1.420431e-10|  26   |
| 102 |True   |  526  |9.008570e-06|9.044218e-06|2.886822e-11|   9   |
| 99  |True   |  801  |9.153394e-06|9.552325e-06|3.680651e-10|  23   |
| 81  |True   | 2298  |9.877596e-06|9.908988e-06|2.072083e-10|  104  |
| 103 |True   |  521  |9.702738e-06|9.780567e-06|1.150884e-10|  12   |
| 96  |True   | 1124  |9.591010e-06|9.944567e-06|9.990913e-11|  46   |
| 92  |True   | 1584  |9.033830e-06|9.747431e-06|1.614466e-10|  72   |
| 83  |True   | 2499  |9.195284e-06|9.826858e-06|2.261772e-10|  125  |
| 101 |True   | 1220  |9.486192e-06|9.549101e-06|6.291629e-11|  50   |
| 111 |True   |  332  |9.969432e-06|1.013974e-05|3.326523e-11|   0   |
| 113 |True   |  317  |9.598391e-06|9.885475e-06|1.986899e-10|   0   |
| 107 |True   |  542  |9.162937e-06|9.307082e-06|5.872085e-11|  11   |
| 104 |True   |  860  |9.184073e-06|9.583901e-06|1.461387e-10|  36   |
| 110 |True   |  454  |9.723085e-06|1.010899e-05|3.491766e-10|   8   |
| 94  |True   | 2167  |9.416368e-06|9.563914e-06|4.745697e-10|  104  |
| 105 |True   |  949  |9.505319e-06|9.876716e-06|3.404459e-11|  42   |
| 106 |True   | 1013  |9.250740e-06|9.527037e-06|7.038133e-11|  36   |
| 116 |True   |  336  |9.639750e-06|9.717599e-06|8.332896e-11|   0   |
| 109 |True   |  972  |9.758065e-06|9.918596e-06|1.261056e-10|  31   |
| 118 |True   |  430  |9.518964e-06|9.859270e-06|1.398502e-10|   6   |
| 121 |True   |  390  |9.965408e-06|1.005105e-05|7.730379e-11|   3   |
| 117 |True   |  769  |9.372893e-06|1.032653e-05|1.686902e-11|  21   |
| 120 |True   |  655  |9.998895e-06|1.054628e-05|2.149988e-10|  16   |
| 115 |True   | 1047  |9.895011e-06|1.041664e-05|1.355010e-10|  37   |
| 112 |True   | 1439  |9.246307e-06|9.279402e-06|2.941376e-10|  60   |
| 123 |True   |  672  |9.009212e-06|9.226522e-06|1.219450e-10|  17   |
| 124 |True   |  428  |9.284604e-06|9.990882e-06|5.392564e-11|   4   |
| 119 |True   | 1043  |9.962793e-06|1.062901e-05|1.121159e-10|  30   |
| 130 |True   |  347  |9.216871e-06|9.269020e-06|1.592550e-10|   0   |
| 127 |True   |  591  |9.563689e-06|9.741352e-06|4.153138e-11|  12   |
| 134 |True   |  353  |9.833496e-06|1.009545e-05|3.141384e-11|   1   |
| 125 |True   |  957  |9.689395e-06|1.010372e-05|2.837307e-10|  44   |
| 108 |True   | 2305  |9.974546e-06|1.019677e-05|3.770184e-10|  89   |
| 122 |True   | 1429  |9.328480e-06|9.655515e-06|5.035876e-10|  69   |
| 132 |True   |  657  |9.229052e-06|9.388195e-06|5.269871e-11|  13   |
| 126 |True   | 1058  |9.318960e-06|9.790663e-06|3.563246e-11|  42   |
| 129 |True   |  750  |9.490825e-06|9.853086e-06|1.667847e-10|  26   |
| 128 |True   | 1015  |9.852261e-06|1.042133e-05|3.660208e-11|  35   |
| 138 |True   |  562  |9.387405e-06|9.399692e-06|7.485859e-11|  11   |
| 142 |True   |  532  |9.189245e-06|9.581172e-06|1.354862e-10|  14   |
| 139 |True   |  672  |9.880240e-06|9.935336e-06|1.895473e-10|  20   |
| 143 |True   |  712  |9.468995e-06|9.562824e-06|2.037304e-10|  20   |
| 144 |True   |  499  |9.423842e-06|9.686545e-06|1.153026e-10|   9   |
| 135 |True   | 1303  |9.633812e-06|1.006365e-05|9.807829e-10|  51   |
| 133 |True   | 1713  |9.300216e-06|9.308055e-06|4.446194e-10|  60   |
| 145 |True   |  443  |9.533624e-06|9.769689e-06|2.903228e-10|   4   |
| 137 |True   | 1449  |9.419122e-06|9.488005e-06|4.902998e-11|  67   |
| 146 |True   |  817  |9.366337e-06|9.393579e-06|9.227391e-11|  26   |
| 147 |True   |  845  |9.773431e-06|1.066173e-05|2.036167e-10|  14   |
| 151 |True   |  633  |9.478289e-06|9.597602e-06|1.663279e-10|  11   |
| 149 |True   |  878  |9.094250e-06|9.795174e-06|1.889555e-10|  31   |
| 150 |True   |  958  |9.041991e-06|9.451056e-06|1.479804e-11|  36   |
| 114 |True   | 4732  |9.618389e-06|1.751722e-05|4.956174e-12|  246  |
| 153 |True   |  763  |9.191737e-06|1.066651e-05|1.171178e-11|  18   |
| 155 |True   |  363  |9.991489e-06|1.004159e-05|6.393432e-11|   1   |
| 157 |True   |  417  |9.581271e-06|9.636862e-06|1.322955e-10|   5   |
| 156 |True   |  619  |9.901833e-06|9.961178e-06|1.946696e-10|  16   |
| 158 |True   |  643  |9.836498e-06|1.030654e-05|1.371400e-10|  21   |
| 160 |True   |  569  |9.568041e-06|9.976760e-06|1.146973e-10|  13   |
| 161 |True   |  344  |9.240487e-06|9.266666e-06|8.729939e-11|   0   |
| 152 |True   | 1694  |9.660206e-06|9.687034e-06|1.191054e-10|  54   |
| 163 |True   |  451  |9.297375e-06|9.300056e-06|8.721234e-11|   4   |
| 159 |True   | 1172  |9.973938e-06|1.000483e-05|8.164383e-11|  38   |
| 164 |True   |  580  |9.596858e-06|9.907136e-06|7.198549e-11|  12   |
| 166 |True   |  443  |9.902075e-06|1.008006e-05|2.815372e-11|   3   |
| 165 |True   |  740  |9.205948e-06|1.019526e-05|8.157081e-11|  20   |
| 162 |True   | 1007  |9.307989e-06|9.972732e-06|1.419610e-10|  37   |
| 169 |True   |  327  |9.942040e-06|9.954496e-06|1.564204e-10|   0   |
| 167 |True   |  678  |9.725982e-06|9.902844e-06|2.206208e-10|  21   |
| 170 |True   |  756  |9.145664e-06|9.584894e-06|3.602711e-12|  22   |
| 131 |True   | 5200  |9.814624e-06|1.026540e-05|1.055668e-11|  273  |
| 173 |True   |  520  |9.230499e-06|9.351280e-06|7.918106e-11|   9   |
| 136 |True   | 4491  |9.864898e-06|1.026484e-05|4.535410e-12|  213  |
| 172 |True   |  781  |9.327321e-06|1.001935e-05|2.223175e-11|  20   |
| 140 |True   | 4289  |9.905263e-06|1.147961e-05|1.604652e-12|  212  |
| 171 |True   |  855  |9.414804e-06|9.898544e-06|2.583765e-11|  32   |
| 175 |True   |  455  |9.020921e-06|9.032051e-06|5.942372e-10|   2   |
| 148 |True   | 3802  |9.471121e-06|9.887621e-06|7.341311e-10|  205  |
| 176 |True   |  436  |9.292247e-06|9.383071e-06|1.339461e-10|   7   |
| 181 |True   |  312  |9.464933e-06|9.781413e-06|2.387218e-10|   0   |
| 178 |True   |  358  |9.849923e-06|9.948498e-06|2.583902e-10|   0   |
| 180 |True   |  709  |9.351577e-06|9.973029e-06|1.461707e-11|  24   |
| 177 |True   |  695  |9.253612e-06|9.805650e-06|8.142333e-11|  21   |
| 154 |True   | 3651  |9.962863e-06|1.075849e-05|2.595345e-10|  192  |
| 185 |True   |  606  |9.346850e-06|9.413481e-06|2.304138e-11|  10   |
| 186 |True   |  512  |9.326613e-06|9.360112e-06|6.302875e-11|  10   |
| 184 |True   |  795  |9.495995e-06|9.725741e-06|3.606605e-10|  23   |
| 188 |True   |  386  |9.399311e-06|9.542095e-06|4.102594e-10|   2   |
| 190 |True   |  466  |9.399983e-06|9.574280e-06|7.451629e-11|   1   |
| 179 |True   | 1695  |9.762533e-06|1.224145e-05|1.179910e-10|  67   |
| 189 |True   |  840  |9.369231e-06|9.444871e-06|2.740592e-10|  17   |
| 193 |True   |  478  |9.539248e-06|9.690057e-06|2.017600e-10|   8   |
| 191 |True   |  972  |9.253015e-06|9.501267e-06|2.858121e-10|  37   |
| 192 |True   |  824  |9.486787e-06|1.014722e-05|1.402809e-10|  32   |
| 168 |True   | 3159  |9.711373e-06|1.161187e-05|8.652384e-10|  174  |
| 183 |True   | 2104  |9.280411e-06|1.003398e-05|7.754203e-10|  112  |
| 195 |True   |  703  |9.311650e-06|9.564984e-06|1.187382e-10|  17   |
| 197 |True   |  418  |9.727632e-06|9.783593e-06|7.423413e-11|   4   |
| 199 |True   |  340  |9.804847e-06|9.816697e-06|1.591207e-10|   0   |
| 198 |True   |  638  |9.238726e-06|9.387209e-06|1.400480e-10|  18   |
| 196 |True   | 1095  |9.653735e-06|1.000959e-05|1.003775e-11|  44   |
| 187 |True   | 2719  |9.014796e-06|1.002058e-05|2.418800e-10|  165  |
| 174 |True   | 5354  |9.206244e-06|9.320849e-06|6.606384e-12|  258  |
| 182 |True   | 4850  |9.126217e-06|9.724748e-06|1.394626e-11|  237  |
| 194 |True   | 5502  |9.651398e-06|9.654581e-06|6.965898e-12|  270  |
| 141 |True   | 22041 |9.115070e-06|9.216786e-06|6.196605e-12| 1131  |
