|seed |success|  nit  |    gap     |  tau_sum   |   G_norm   |avoid_n|
| 163 |True   |  357  |9.577164e-06|9.590069e-06|1.679484e-10|   0   |
| 42  |True   |  411  |9.954518e-06|1.004317e-05|1.314500e-10|   2   |
| 55  |True   |  570  |9.460256e-06|9.522058e-06|2.382148e-10|  11   |
| 76  |True   |  332  |9.077417e-06|9.104132e-06|1.348235e-10|   0   |
| 133 |True   |  305  |9.882669e-06|9.951746e-06|2.605849e-10|   0   |
| 129 |True   |  347  |9.449610e-06|9.525245e-06|1.860142e-10|   1   |
| 120 |True   |  354  |9.857411e-06|9.931720e-06|2.272547e-10|   0   |
| 90  |True   | 1343  |9.330974e-06|1.153755e-05|2.803056e-10|  57   |
| 73  |True   | 1061  |9.320767e-06|9.327150e-06|3.725995e-10|  34   |
| 30  |True   |  689  |9.168742e-06|9.191635e-06|3.121363e-10|  21   |
| 69  |True   |  367  |9.453995e-06|9.473750e-06|9.942191e-11|   0   |
| 178 |True   |  368  |9.932071e-06|9.943258e-06|2.605697e-10|   0   |
| 87  |True   |  399  |9.692973e-06|9.734005e-06|3.327294e-10|   2   |
| 29  |True   |  356  |9.025769e-06|9.116232e-06|3.005653e-10|   0   |
| 103 |True   | 1000  |9.233259e-06|9.381619e-06|9.927862e-10|  36   |
| 137 |True   |  351  |9.670295e-06|9.716545e-06|1.323506e-10|   0   |
| 112 |True   | 1229  |9.279320e-06|9.291129e-06|1.961246e-12|  48   |
| 136 |True   |  352  |9.858806e-06|9.904070e-06|3.389731e-10|   0   |
| 188 |True   |  313  |9.858344e-06|9.869694e-06|6.143786e-10|   0   |
| 85  |True   |  357  |9.257959e-06|9.285934e-06|1.648336e-10|   2   |
| 193 |True   |  384  |9.158096e-06|9.401553e-06|4.052818e-10|   1   |
| 101 |True   | 4336  |9.626735e-06|1.239111e-05|1.049531e-11|  229  |
| 181 |True   | 1516  |9.758574e-06|9.810683e-06|8.856036e-10|  65   |
| 157 |True   |  708  |9.834946e-06|1.000585e-05|6.931048e-10|  19   |
| 155 |True   |  432  |9.972924e-06|1.009906e-05|1.711525e-10|   7   |
| 72  |True   |  351  |9.336213e-06|9.402042e-06|1.662734e-10|   0   |
| 81  |True   |  339  |9.262118e-06|9.313945e-06|1.322807e-10|   0   |
| 50  |True   |  397  |9.809603e-06|9.811791e-06|1.049089e-10|   3   |
| 158 |True   |  324  |9.163217e-06|9.195638e-06|1.336406e-10|   0   |
| 22  |True   | 1324  |9.946132e-06|1.096770e-05|2.148085e-12|  55   |
| 167 |True   |  368  |9.533061e-06|9.581204e-06|3.520250e-10|   0   |
| 98  |True   |  346  |9.392250e-06|9.406070e-06|2.290114e-10|   0   |
|  5  |True   |  822  |9.013819e-06|9.088433e-06|9.656484e-10|  31   |
| 145 |True   |  353  |9.883059e-06|9.886647e-06|5.102796e-10|   0   |
| 38  |True   |  396  |9.728265e-06|9.763232e-06|2.001587e-10|   3   |
| 45  |True   |  370  |9.887723e-06|9.947760e-06|3.274955e-11|   4   |
| 164 |True   |  344  |9.078807e-06|9.117497e-06|2.361274e-10|   0   |
| 125 |True   |  536  |9.512699e-06|9.538356e-06|3.933450e-10|   7   |
| 32  |True   |  350  |9.481616e-06|9.492893e-06|1.779009e-10|   0   |
| 63  |True   |  341  |9.177891e-06|9.262982e-06|3.919521e-10|   0   |
| 124 |True   | 1987  |9.389418e-06|1.311571e-05|4.425937e-10|  100  |
| 28  |True   |  347  |9.639905e-06|9.682926e-06|2.338625e-10|   0   |
| 153 |True   |  350  |9.272577e-06|9.288141e-06|1.407274e-10|   0   |
| 19  |True   |  382  |9.976368e-06|1.007274e-05|1.474822e-10|   4   |
|  2  |True   |  543  |9.358030e-06|9.648783e-06|1.592813e-10|  14   |
| 198 |True   | 1247  |9.947244e-06|1.001404e-05|5.344061e-10|  53   |
| 61  |True   |  670  |9.222749e-06|9.258716e-06|1.812456e-10|  19   |
| 41  |True   |  308  |9.800389e-06|9.885493e-06|1.093021e-10|   0   |
| 140 |True   |  523  |9.984332e-06|1.012899e-05|2.437989e-10|   8   |
|  9  |True   |  515  |9.613353e-06|9.646514e-06|1.363327e-10|   9   |
| 68  |True   |  795  |9.671724e-06|9.968835e-06|7.653588e-10|  22   |
|  0  |True   |  752  |9.215805e-06|9.766194e-06|1.720060e-10|  24   |
| 117 |True   |  821  |9.741602e-06|1.016886e-05|1.817506e-10|  31   |
| 184 |True   |  341  |9.585005e-06|9.642156e-06|1.704016e-10|   1   |
| 110 |True   |  422  |9.889523e-06|1.002660e-05|1.525913e-10|   4   |
| 11  |True   |  354  |9.552355e-06|9.619468e-06|1.699370e-10|   2   |
|  8  |True   |  334  |9.817827e-06|9.830047e-06|4.029037e-10|   0   |
| 104 |True   |  348  |9.134755e-06|9.152732e-06|2.458028e-10|   0   |
| 118 |True   | 1588  |9.113229e-06|9.634053e-06|1.898587e-12|  60   |
| 89  |True   |  831  |9.024651e-06|9.150053e-06|1.733778e-10|  12   |
| 95  |True   |  403  |9.955385e-06|9.959243e-06|1.897510e-10|   3   |
| 21  |True   |  325  |9.520935e-06|9.551076e-06|1.741272e-10|   0   |
| 44  |True   |  422  |9.215345e-06|9.378445e-06|2.437286e-10|   1   |
|  1  |True   |  400  |9.392211e-06|9.490815e-06|4.451342e-10|   2   |
| 100 |True   |  511  |9.364336e-06|9.558861e-06|3.885520e-10|   9   |
| 179 |True   |  592  |9.617007e-06|9.686141e-06|9.104753e-11|  10   |
| 57  |True   |  564  |9.950544e-06|1.022101e-05|4.481091e-10|  14   |
| 51  |True   |  294  |9.793826e-06|9.813657e-06|1.659011e-10|   0   |
| 185 |True   |  673  |9.704730e-06|9.762855e-06|2.453595e-10|  18   |
| 78  |True   |  316  |9.155608e-06|9.207564e-06|2.782042e-10|   0   |
| 134 |True   |  366  |9.800297e-06|9.822706e-06|1.266221e-10|   0   |
| 77  |True   |  725  |9.233134e-06|9.389388e-06|5.243387e-10|  19   |
| 74  |True   |  709  |9.766391e-06|9.908504e-06|1.105255e-10|  20   |
| 146 |True   | 1309  |9.956693e-06|1.050905e-05|8.288698e-10|  43   |
| 187 |True   |  361  |9.582308e-06|9.664060e-06|3.447212e-11|   2   |
| 130 |True   | 3672  |9.182830e-06|9.224921e-06|1.829455e-11|  181  |
| 79  |True   |  606  |9.425567e-06|9.682297e-06|5.337144e-10|  11   |
|  4  |True   | 1097  |9.828957e-06|1.034493e-05|1.756480e-10|  46   |
| 113 |True   | 1701  |9.497776e-06|1.006993e-05|2.647889e-10|  83   |
| 192 |True   |  360  |9.572276e-06|9.592832e-06|1.081104e-10|   0   |
| 86  |True   |  473  |9.184003e-06|9.203152e-06|1.285143e-10|   4   |
| 37  |True   | 1474  |9.290893e-06|1.163432e-05|8.585865e-10|  68   |
| 35  |True   |  481  |9.563205e-06|9.599114e-06|2.704044e-10|   5   |
| 59  |True   | 1166  |9.832681e-06|9.990041e-06|2.471696e-10|  49   |
|  3  |True   |  866  |9.616674e-06|9.962765e-06|1.873593e-10|  28   |
| 141 |True   |  380  |9.482374e-06|9.508962e-06|3.652180e-10|   2   |
| 162 |True   |  885  |9.147795e-06|9.531210e-06|1.687578e-10|  34   |
| 170 |True   |  691  |9.723886e-06|9.995109e-06|1.508351e-10|  16   |
| 191 |True   | 1333  |9.615518e-06|9.765975e-06|2.452792e-10|  48   |
| 34  |True   |  500  |9.876839e-06|1.012377e-05|5.494313e-10|   9   |
| 91  |True   |  357  |9.706222e-06|9.881667e-06|1.658605e-10|   2   |
| 58  |True   |  336  |9.890727e-06|9.946830e-06|3.900424e-10|   0   |
| 135 |True   |  661  |9.131496e-06|1.047469e-05|3.274919e-10|  14   |
| 123 |True   | 3452  |9.137547e-06|9.562617e-06|9.432047e-12|  190  |
| 159 |True   |  401  |9.957461e-06|9.961253e-06|2.073460e-10|   2   |
| 169 |True   | 2582  |9.058004e-06|1.022059e-05|6.550566e-12|  126  |
| 12  |True   |  386  |9.322119e-06|9.482743e-06|1.710443e-10|   5   |
| 66  |True   |  334  |9.042654e-06|9.084236e-06|1.377026e-10|   0   |
| 60  |True   |  721  |9.029925e-06|9.343299e-06|1.929101e-10|  23   |
| 75  |True   |  432  |9.654340e-06|9.714594e-06|1.595580e-10|   4   |
| 166 |True   |  349  |9.538465e-06|9.542381e-06|2.041846e-10|   0   |
| 18  |True   | 1663  |9.170887e-06|9.225365e-06|2.382347e-12|  69   |
| 65  |True   |  333  |9.646485e-06|9.658371e-06|1.435415e-10|   0   |
| 149 |True   |  565  |9.223652e-06|9.228230e-06|3.746724e-10|   6   |
| 83  |True   |  331  |9.957060e-06|1.003742e-05|1.987189e-10|   0   |
| 138 |True   |  766  |9.721773e-06|9.737478e-06|1.485588e-10|  17   |
| 25  |True   | 2577  |9.718157e-06|9.925055e-06|1.918098e-12|  125  |
| 48  |True   | 2055  |9.304911e-06|9.840877e-06|8.664742e-10|  95   |
| 194 |True   | 4651  |9.328825e-06|1.763514e-05|3.503687e-11|  275  |
| 132 |True   |  505  |9.669193e-06|9.858078e-06|3.400125e-10|   7   |
| 168 |True   | 1663  |9.349223e-06|9.373122e-06|4.633768e-10|  75   |
| 97  |True   |  328  |9.293935e-06|9.334322e-06|1.510390e-10|   0   |
| 143 |True   |  321  |9.112914e-06|9.132683e-06|2.087232e-10|   0   |
| 119 |True   |  952  |9.958322e-06|1.527543e-05|2.302360e-10|  36   |
| 43  |True   |  408  |9.567976e-06|9.625048e-06|2.644284e-10|   2   |
| 189 |True   |  492  |9.042203e-06|9.260948e-06|3.224177e-10|   6   |
| 131 |True   |  612  |9.174179e-06|9.366881e-06|1.541135e-10|  20   |
| 54  |True   |  391  |9.163139e-06|9.383655e-06|1.584466e-10|   5   |
| 182 |True   |  346  |9.901979e-06|9.906105e-06|4.762762e-10|   0   |
| 147 |True   | 1222  |9.876118e-06|9.884004e-06|4.093833e-10|  43   |
| 108 |True   |  335  |9.370273e-06|9.439916e-06|1.129938e-10|   0   |
| 122 |True   |  806  |9.508460e-06|9.835151e-06|1.807095e-10|  29   |
| 24  |True   |  344  |9.580708e-06|9.636096e-06|5.203392e-10|   0   |
| 17  |True   |  331  |9.188298e-06|9.205521e-06|2.079158e-10|   0   |
| 36  |True   |  429  |9.130668e-06|9.253827e-06|2.942319e-10|   3   |
| 67  |True   |  357  |9.222512e-06|9.236244e-06|4.179117e-10|   0   |
| 174 |True   |  322  |9.582884e-06|9.602244e-06|2.680434e-10|   0   |
| 183 |True   |  347  |9.508296e-06|9.532811e-06|2.714408e-10|   0   |
| 99  |True   |  331  |9.833451e-06|9.842596e-06|1.652383e-10|   0   |
| 62  |True   |  529  |9.948303e-06|1.012568e-05|1.749892e-10|  14   |
| 115 |True   |  356  |9.038835e-06|9.075832e-06|4.089216e-10|   0   |
| 94  |True   |  784  |9.179375e-06|9.188960e-06|4.214535e-10|  21   |
| 14  |True   | 1129  |9.041064e-06|9.240112e-06|4.548646e-10|  47   |
| 84  |True   |  323  |9.895012e-06|9.923839e-06|3.671550e-10|   0   |
| 175 |True   |  338  |9.039288e-06|9.086741e-06|2.895318e-10|   0   |
| 80  |True   |  324  |9.715304e-06|9.805599e-06|2.305550e-10|   0   |
| 106 |True   | 1807  |9.564572e-06|9.962007e-06|2.312018e-12|  69   |
| 16  |True   | 1440  |9.500967e-06|9.916442e-06|5.896369e-10|  77   |
| 196 |True   |  715  |9.255805e-06|9.392343e-06|9.468796e-11|  18   |
| 27  |True   |  425  |9.227226e-06|9.345023e-06|2.042557e-10|   3   |
| 173 |True   |  377  |9.067630e-06|9.181266e-06|1.443193e-10|   0   |
| 15  |True   |  328  |9.985842e-06|1.005898e-05|2.445647e-10|   0   |
| 56  |True   |  322  |9.623070e-06|9.661217e-06|6.965383e-11|   0   |
| 190 |True   |  540  |9.906739e-06|1.002230e-05|9.836628e-11|  11   |
| 109 |True   |  297  |9.135669e-06|9.251320e-06|1.608391e-10|   0   |
| 111 |True   |  317  |9.982126e-06|1.000941e-05|1.923953e-10|   0   |
| 127 |True   |  479  |9.461931e-06|9.605189e-06|1.431052e-10|  11   |
| 144 |True   |  394  |9.515323e-06|9.522720e-06|1.459371e-10|   1   |
| 161 |True   |  447  |9.831128e-06|9.963447e-06|1.806698e-10|   5   |
|  6  |True   |  550  |9.002093e-06|9.109416e-06|1.640143e-10|  16   |
| 197 |True   |  438  |9.826895e-06|9.887152e-06|2.285430e-10|   2   |
| 46  |True   |  299  |9.069680e-06|9.089986e-06|1.855757e-10|   0   |
| 13  |True   |  886  |9.760510e-06|1.051180e-05|1.491640e-10|  35   |
| 156 |True   |  688  |9.333032e-06|9.517102e-06|1.204082e-10|  19   |
| 33  |True   | 1423  |9.238629e-06|1.331092e-05|1.852203e-12|  71   |
| 53  |True   |  352  |9.307524e-06|9.349547e-06|1.386039e-10|   0   |
| 70  |True   |  539  |9.128866e-06|9.131805e-06|9.707311e-11|  10   |
| 142 |True   |  337  |9.090319e-06|9.122190e-06|2.929959e-10|   0   |
| 128 |True   |  352  |9.528594e-06|9.555666e-06|1.225728e-10|   0   |
| 154 |True   |  625  |9.402013e-06|9.514357e-06|2.540505e-10|  16   |
|  7  |True   |  326  |9.413351e-06|9.417542e-06|1.258768e-10|   0   |
| 96  |True   |  521  |9.272525e-06|9.468309e-06|2.130932e-10|   9   |
| 10  |True   | 2304  |9.953546e-06|9.999888e-06|4.681648e-10|  109  |
| 52  |True   |  390  |9.189821e-06|9.272035e-06|2.528130e-10|   2   |
| 114 |True   |  835  |9.305439e-06|9.330702e-06|3.965724e-10|  25   |
| 47  |True   |  326  |9.344989e-06|9.360771e-06|3.551985e-10|   0   |
| 92  |True   |  555  |9.867373e-06|9.909445e-06|4.105206e-10|  12   |
| 26  |True   |  353  |9.201137e-06|9.237194e-06|5.898641e-11|   0   |
| 172 |True   |  343  |9.237389e-06|9.298496e-06|2.304689e-10|   0   |
| 150 |True   |  369  |9.524137e-06|9.538021e-06|1.077287e-10|   1   |
| 160 |True   |  484  |9.585364e-06|9.692758e-06|1.061061e-10|   9   |
| 116 |True   |  365  |9.379109e-06|9.404102e-06|4.510810e-10|   0   |
| 139 |True   | 1099  |9.338478e-06|9.429921e-06|9.896179e-10|  44   |
| 176 |True   |  395  |9.412292e-06|9.753375e-06|3.954253e-10|   3   |
| 171 |True   |  331  |9.986927e-06|1.001252e-05|1.756845e-10|   0   |
| 148 |True   |  327  |9.495652e-06|9.545265e-06|2.042822e-10|   0   |
| 180 |True   | 1353  |9.649903e-06|9.656981e-06|3.894698e-10|  62   |
| 23  |True   |  506  |9.253132e-06|9.311847e-06|4.043822e-10|   4   |
| 20  |True   |  323  |9.639138e-06|9.788703e-06|2.045756e-10|   0   |
| 71  |True   |  340  |9.216047e-06|9.224012e-06|6.003734e-11|   0   |
| 40  |True   |  816  |9.924793e-06|9.930517e-06|3.342316e-10|  18   |
| 49  |True   |  683  |9.914055e-06|1.023207e-05|4.736653e-10|  15   |
| 82  |True   |  323  |9.236675e-06|9.287936e-06|1.698884e-10|   1   |
| 64  |True   |  324  |9.424465e-06|9.453668e-06|2.371020e-10|   0   |
| 39  |True   |  517  |9.224340e-06|9.240440e-06|1.783104e-10|   8   |
| 121 |True   |  329  |9.913757e-06|1.001386e-05|1.543228e-10|   0   |
| 93  |True   |  380  |9.794747e-06|9.815936e-06|1.231677e-10|   0   |
| 195 |True   |  495  |9.253442e-06|9.264641e-06|8.883008e-10|   5   |
| 199 |True   |  548  |9.811876e-06|9.834283e-06|2.778397e-10|   4   |
| 151 |True   |  407  |9.909000e-06|9.952593e-06|8.785144e-11|   3   |
| 186 |True   |  359  |9.326539e-06|9.422711e-06|6.096454e-11|   0   |
| 102 |True   |  355  |9.198511e-06|9.278931e-06|1.429598e-10|   0   |
| 152 |True   |  313  |9.091136e-06|9.178612e-06|2.847587e-10|   0   |
| 126 |True   | 6911  |9.800197e-06|9.825675e-06|2.046613e-12|  360  |
| 31  |True   |  445  |9.162981e-06|9.244027e-06|1.162894e-10|   3   |
| 88  |True   |  432  |9.535675e-06|9.607001e-06|9.813021e-10|   4   |
| 177 |True   | 1106  |9.420005e-06|1.028749e-05|2.058932e-10|  50   |
| 107 |True   |  745  |9.674849e-06|9.899901e-06|1.245331e-10|  17   |
| 105 |True   | 1508  |9.303418e-06|9.332101e-06|1.206386e-10|  77   |
| 165 |True   |  340  |9.327095e-06|9.368034e-06|2.912627e-10|   0   |
