|seed |success|  nit  |    gap     |  tau_sum   |   G_norm   |avoid_n|
|  4  |True   |  686  |9.259345e-06|1.375593e-05|9.023414e-10|   9   |
|  7  |True   |  982  |9.284274e-06|1.200425e-05|8.056711e-10|  17   |
| 11  |True   | 1197  |9.987321e-06|1.432995e-05|6.104493e-10|  37   |
|  0  |True   | 1194  |9.616639e-06|1.117267e-05|8.006950e-10|  33   |
| 10  |True   | 1380  |9.957643e-06|3.364979e-05|4.894534e-10|  47   |
|  6  |True   | 1342  |9.940267e-06|1.193449e-05|9.738728e-13|  32   |
|  2  |True   | 1556  |9.728075e-06|1.900543e-05|4.267195e-13|  42   |
| 13  |True   | 1203  |9.446314e-06|1.064720e-05|7.590758e-10|  31   |
|  8  |True   | 2202  |9.202161e-06|2.271615e-05|1.452760e-11|  56   |
| 19  |True   |  724  |9.059658e-06|1.075791e-05|1.159291e-13|   9   |
|  9  |True   | 2485  |9.280492e-06|1.319189e-05|5.199789e-10|  73   |
| 12  |True   | 2679  |9.864172e-06|1.295160e-05|1.879137e-12|  81   |
| 15  |True   | 1568  |9.620458e-06|1.234409e-05|8.415073e-10|  37   |
| 22  |True   |  969  |9.601164e-06|1.203192e-05|1.144592e-12|  23   |
| 24  |True   |  824  |9.312539e-06|1.182512e-05|1.292441e-12|  16   |
| 14  |True   | 2610  |9.116968e-06|1.286277e-05|4.966513e-10|  77   |
| 25  |True   |  846  |9.389869e-06|1.290004e-05|2.909490e-13|  18   |
|  3  |True   | 3954  |9.465347e-06|9.829784e-06|2.517485e-10|  135  |
| 20  |True   | 1846  |9.777272e-06|1.837471e-05|9.149954e-10|  54   |
|  1  |True   | 4067  |9.884553e-06|1.174081e-05|5.041904e-10|  138  |
|  5  |True   | 4289  |9.142433e-06|9.200706e-06|3.306408e-10|  136  |
| 16  |True   | 3173  |9.853199e-06|2.066803e-05|8.830363e-12|  98   |
| 21  |True   | 2299  |9.652187e-06|1.534070e-05|3.354881e-12|  67   |
| 18  |True   | 3698  |9.630452e-06|1.648520e-05|4.531789e-10|  104  |
| 34  |True   |  740  |9.832115e-06|1.203648e-05|1.661799e-13|  11   |
| 27  |True   | 1652  |9.814848e-06|1.264159e-05|4.347107e-10|  51   |
| 32  |True   | 1616  |9.520090e-06|1.345083e-05|7.518618e-10|  35   |
| 29  |True   | 1995  |9.536274e-06|1.078521e-05|3.809299e-10|  78   |
| 28  |True   | 2016  |9.345348e-06|9.800429e-06|6.297625e-10|  56   |
| 39  |True   |  559  |9.398185e-06|1.200975e-05|7.410257e-14|   9   |
| 38  |True   |  964  |9.337164e-06|1.700139e-05|7.385138e-10|  15   |
| 17  |True   | 5422  |9.282300e-06|9.616725e-06|2.928183e-10|  175  |
| 36  |True   | 1818  |9.097970e-06|1.268710e-05|7.099023e-10|  55   |
| 37  |True   | 1939  |9.557640e-06|1.516925e-05|7.387884e-10|  49   |
| 43  |True   |  855  |9.583983e-06|1.190443e-05|6.725009e-10|  15   |
| 31  |True   | 3714  |9.357568e-06|3.280650e-05|5.718222e-10|  133  |
| 23  |True   | 6064  |9.775703e-06|1.706205e-05|2.689907e-10|  205  |
| 42  |True   | 2396  |9.726594e-06|2.947236e-05|9.161571e-10|  68   |
| 49  |True   |  710  |9.428280e-06|1.064067e-05|1.721762e-12|   7   |
| 45  |True   | 2341  |9.495030e-06|2.325974e-05|6.075688e-10|  82   |
| 30  |True   | 6060  |9.391226e-06|1.892878e-05|9.312650e-10|  209  |
| 35  |True   | 5729  |9.107893e-06|2.330104e-05|2.949681e-10|  206  |
| 53  |True   |  851  |9.735457e-06|1.247292e-05|4.619682e-12|  25   |
| 52  |True   | 1440  |9.227332e-06|1.089688e-05|7.396771e-13|  33   |
| 54  |True   |  892  |9.868227e-06|1.367258e-05|9.801335e-12|  18   |
| 41  |True   | 5609  |9.307760e-06|1.029658e-05|6.507499e-10|  190  |
| 51  |True   | 2210  |9.395761e-06|1.291834e-05|4.993028e-10|  77   |
| 50  |True   | 2955  |9.761240e-06|1.050934e-05|8.754405e-10|  90   |
| 44  |True   | 5174  |9.577560e-06|1.024590e-05|4.924244e-11|  177  |
| 57  |True   | 1001  |9.702121e-06|1.594889e-05|8.607910e-10|  30   |
| 48  |True   | 4768  |9.621628e-06|1.336057e-05|1.216940e-11|  149  |
| 56  |True   | 1973  |9.295351e-06|1.743609e-05|5.170545e-10|  55   |
| 60  |True   | 1437  |9.914426e-06|1.134262e-05|6.740668e-10|  44   |
| 62  |True   | 1455  |9.154942e-06|1.675092e-05|7.305648e-10|  42   |
| 59  |True   | 2021  |9.630289e-06|9.638549e-06|2.390401e-10|  63   |
| 58  |True   | 2503  |9.449400e-06|2.909959e-05|5.523604e-10|  85   |
| 55  |True   | 3234  |9.728497e-06|1.343909e-05|6.798646e-10|  104  |
| 46  |True   | 7092  |9.693445e-06|1.042111e-05|5.339672e-11|  260  |
| 63  |True   | 1516  |9.316697e-06|9.802744e-06|7.548438e-10|  49   |
| 66  |True   |  688  |9.278174e-06|1.145595e-05|9.117737e-12|  10   |
| 61  |True   | 2529  |9.625867e-06|1.340221e-05|3.821304e-10|  73   |
| 71  |True   |  846  |9.654602e-06|2.204388e-05|3.165977e-13|  24   |
| 72  |True   | 1028  |9.163173e-06|1.614597e-05|8.511938e-10|  21   |
| 65  |True   | 2394  |9.942397e-06|2.251109e-05|9.164867e-10|  87   |
| 70  |True   | 1921  |9.390255e-06|1.068646e-05|1.243504e-12|  51   |
| 75  |True   |  780  |9.691780e-06|1.737896e-05|9.744806e-10|  18   |
| 74  |True   | 1593  |9.449583e-06|1.244085e-05|8.224669e-10|  46   |
| 40  |True   | 11427 |9.362543e-06|3.272356e-05|4.038897e-11|  347  |
| 64  |True   | 4272  |9.734418e-06|1.098027e-05|1.321781e-10|  139  |
| 73  |True   | 2745  |9.405387e-06|2.203315e-05|5.954902e-10|  71   |
| 76  |True   | 2003  |9.014382e-06|1.222876e-05|3.715562e-10|  56   |
| 67  |True   | 4088  |9.068208e-06|1.038147e-05|1.763391e-10|  138  |
| 33  |True   | 13748 |9.284931e-06|1.499353e-05|5.952920e-11|  437  |
| 68  |True   | 4101  |9.947246e-06|1.318640e-05|8.258862e-10|  132  |
| 81  |True   | 1404  |9.784359e-06|1.738619e-05|9.021557e-10|  30   |
| 79  |True   | 1864  |9.786787e-06|1.551281e-05|8.293035e-10|  48   |
| 85  |True   | 1048  |9.987068e-06|1.494720e-05|7.833912e-13|  28   |
| 82  |True   | 1753  |9.445113e-06|1.003944e-05|3.176965e-10|  44   |
| 86  |True   | 1124  |9.833667e-06|1.462613e-05|1.238190e-12|  30   |
| 83  |True   | 1885  |9.851321e-06|2.497874e-05|5.447518e-10|  57   |
| 84  |True   | 1850  |9.720400e-06|2.096513e-05|7.917269e-10|  55   |
| 26  |True   | 17717 |9.103851e-06|9.292947e-06|3.295250e-11|  578  |
| 89  |True   | 2209  |9.322039e-06|1.229168e-05|5.363320e-10|  55   |
| 93  |True   | 1744  |9.835647e-06|1.215680e-05|1.262083e-12|  48   |
| 88  |True   | 2779  |9.630444e-06|1.668467e-05|2.890788e-12|  84   |
| 92  |True   | 2008  |9.845216e-06|1.084470e-05|1.521638e-12|  54   |
| 78  |True   | 5721  |9.856919e-06|1.264206e-05|2.966639e-10|  176  |
| 80  |True   | 5274  |9.283903e-06|1.043983e-05|2.388694e-10|  180  |
| 77  |True   | 6564  |9.031490e-06|1.273800e-05|5.248689e-11|  220  |
| 96  |True   | 1372  |9.948804e-06|1.309223e-05|6.473747e-10|  36   |
| 91  |True   | 3598  |9.603001e-06|1.130304e-05|4.193085e-10|  102  |
| 98  |True   | 1659  |9.620875e-06|1.295217e-05|6.439332e-10|  48   |
| 90  |True   | 4412  |9.497780e-06|1.338889e-05|3.858517e-10|  149  |
| 100 |True   | 1254  |9.877175e-06|1.386165e-05|5.521319e-10|  38   |
| 101 |True   | 1224  |9.141924e-06|2.738633e-05|2.090344e-12|  42   |
| 99  |True   | 2310  |9.775805e-06|1.522462e-05|2.346348e-12|  73   |
| 47  |True   | 16621 |9.780136e-06|9.782399e-06|1.051236e-11|  561  |
| 94  |True   | 3422  |9.062110e-06|1.323470e-05|3.615961e-10|  126  |
| 95  |True   | 3187  |9.373827e-06|1.774032e-05|9.185233e-10|  116  |
| 106 |True   | 1112  |9.762617e-06|1.522950e-05|7.307803e-13|  16   |
| 108 |True   |  937  |9.994603e-06|1.577809e-05|8.105702e-10|  22   |
| 105 |True   | 1775  |9.332231e-06|1.374160e-05|1.706991e-12|  55   |
| 104 |True   | 2153  |9.018434e-06|1.122691e-05|1.866556e-12|  66   |
| 102 |True   | 2900  |9.150015e-06|1.007912e-05|3.270526e-10|  86   |
| 69  |True   | 12009 |9.719193e-06|1.013220e-05|5.155622e-10|  439  |
| 112 |True   | 1250  |9.632336e-06|1.092966e-05|6.360616e-12|  28   |
| 115 |True   | 1501  |9.935574e-06|1.242227e-05|6.847786e-10|  41   |
| 113 |True   | 1913  |9.337753e-06|1.247456e-05|2.894273e-12|  47   |
| 111 |True   | 3023  |9.611265e-06|1.249796e-05|3.532877e-10|  98   |
| 97  |True   | 5981  |9.158690e-06|2.358477e-05|4.564400e-10|  205  |
| 117 |True   | 1482  |9.180661e-06|1.629125e-05|7.101638e-10|  39   |
| 121 |True   |  789  |9.715987e-06|1.056511e-05|6.044914e-10|   9   |
| 122 |True   |  879  |9.794301e-06|1.360303e-05|9.845675e-10|  18   |
| 120 |True   | 1430  |9.308450e-06|1.863117e-05|4.123433e-10|  37   |
| 109 |True   | 4589  |9.363730e-06|2.468447e-05|4.174913e-12|  150  |
| 118 |True   | 2837  |9.159144e-06|1.178968e-05|1.699389e-12|  98   |
| 119 |True   | 2425  |9.228444e-06|2.125884e-05|9.172975e-10|  83   |
| 107 |True   | 6307  |9.860029e-06|1.693172e-05|2.156430e-11|  239  |
| 116 |True   | 4342  |9.501531e-06|1.543325e-05|3.162855e-10|  142  |
| 126 |True   | 1571  |9.602860e-06|1.074635e-05|7.708418e-12|  52   |
| 127 |True   | 1415  |9.157078e-06|1.606959e-05|1.505512e-12|  45   |
| 128 |True   | 1907  |9.874181e-06|1.690258e-05|9.526699e-10|  56   |
| 134 |True   |  700  |9.040621e-06|1.151290e-05|8.358412e-10|  11   |
| 131 |True   | 1618  |9.570035e-06|1.177014e-05|9.267528e-10|  57   |
| 110 |True   | 8642  |9.002579e-06|1.975122e-05|6.547349e-10|  289  |
| 114 |True   | 7548  |9.616532e-06|1.406153e-05|8.167020e-10|  253  |
| 130 |True   | 3533  |9.501865e-06|1.079415e-05|8.095070e-11|  125  |
| 137 |True   | 1409  |9.593019e-06|1.573924e-05|7.844672e-10|  39   |
| 138 |True   | 1512  |9.356387e-06|1.587983e-05|2.292073e-13|  48   |
| 135 |True   | 2890  |9.964941e-06|2.510187e-05|3.587254e-10|  97   |
| 136 |True   | 2818  |9.165369e-06|2.113473e-05|2.067169e-12|  82   |
| 123 |True   | 6813  |9.480310e-06|1.540202e-05|2.835243e-10|  228  |
| 129 |True   | 5518  |9.131437e-06|1.320811e-05|7.069733e-10|  186  |
| 132 |True   | 5030  |9.584965e-06|1.199385e-05|4.494941e-12|  159  |
| 143 |True   |  689  |9.460672e-06|1.058829e-05|9.992224e-12|   5   |
| 140 |True   | 1362  |9.008396e-06|1.199085e-05|1.554086e-12|  26   |
| 139 |True   | 2121  |9.603922e-06|1.171417e-05|3.825596e-12|  77   |
| 142 |True   | 1135  |9.134341e-06|1.076150e-05|8.158521e-10|  21   |
| 103 |True   | 13692 |9.653432e-06|1.232514e-05|8.975932e-12|  509  |
| 133 |True   | 6063  |9.299513e-06|1.576152e-05|3.765478e-10|  178  |
| 149 |True   |  593  |9.188262e-06|9.999039e-06|9.072109e-13|   7   |
| 145 |True   | 1534  |9.558993e-06|1.981981e-05|4.475212e-10|  49   |
| 141 |True   | 2034  |9.105737e-06|1.060037e-05|8.179189e-10|  55   |
| 146 |True   | 2012  |9.489345e-06|1.572305e-05|8.690288e-10|  59   |
| 124 |True   | 9096  |9.427457e-06|4.778694e-05|1.714213e-11|  338  |
| 153 |True   |  877  |9.822966e-06|1.155010e-05|9.347932e-10|   9   |
| 147 |True   | 2015  |9.454103e-06|2.675914e-05|7.157777e-12|  75   |
| 155 |True   |  906  |9.029695e-06|1.711417e-05|5.274784e-10|  23   |
| 151 |True   | 1390  |9.288165e-06|1.199664e-05|5.198013e-10|  34   |
| 148 |True   | 2232  |9.383586e-06|2.339964e-05|6.295513e-10|  73   |
| 154 |True   | 1534  |9.589137e-06|1.332521e-05|3.872143e-12|  39   |
| 125 |True   | 9954  |9.142970e-06|1.196533e-05|2.244164e-11|  334  |
| 164 |True   |  486  |9.236780e-06|9.587721e-06|9.968013e-10|   4   |
| 160 |True   | 1253  |9.449227e-06|1.042300e-05|5.128563e-10|  30   |
| 144 |True   | 4723  |9.307278e-06|1.588087e-05|6.254661e-10|  157  |
| 159 |True   | 2347  |9.690248e-06|1.038879e-05|1.951407e-11|  79   |
| 166 |True   |  841  |9.361636e-06|1.354042e-05|8.000164e-10|  17   |
| 158 |True   | 2453  |9.037202e-06|1.432756e-05|1.094669e-12|  81   |
| 150 |True   | 4376  |9.578477e-06|1.212404e-05|1.382060e-10|  178  |
| 157 |True   | 2914  |9.029764e-06|2.500631e-05|7.650387e-12|  94   |
| 161 |True   | 2467  |9.354445e-06|1.363083e-05|2.680897e-10|  90   |
| 167 |True   | 1397  |9.367157e-06|1.333841e-05|4.104822e-10|  41   |
| 156 |True   | 3835  |9.055771e-06|1.184281e-05|4.806433e-10|  142  |
| 152 |True   | 4476  |9.721054e-06|2.257798e-05|6.793719e-12|  166  |
| 168 |True   | 1179  |9.357229e-06|1.593332e-05|9.713686e-11|  31   |
| 163 |True   | 3195  |9.787010e-06|1.049851e-05|4.400754e-10|  88   |
| 171 |True   | 1304  |9.781757e-06|1.013235e-05|5.498629e-10|  31   |
| 175 |True   |  662  |9.514122e-06|1.005041e-05|7.919193e-10|   6   |
| 174 |True   | 1148  |9.040621e-06|1.088625e-05|2.256050e-12|  25   |
| 178 |True   |  528  |9.002458e-06|9.679710e-06|5.710323e-13|   6   |
| 170 |True   | 2173  |9.277654e-06|1.056323e-05|2.874439e-10|  62   |
| 162 |True   | 4196  |9.768502e-06|1.748212e-05|4.327027e-10|  151  |
| 176 |True   | 1164  |9.342222e-06|1.570285e-05|6.752543e-10|  31   |
| 180 |True   |  874  |9.625733e-06|1.407799e-05|8.334494e-10|  17   |
| 172 |True   | 3082  |9.140032e-06|1.631891e-05|7.638789e-10|  89   |
| 173 |True   | 3378  |9.080366e-06|2.355233e-05|2.561733e-10|  126  |
| 184 |True   | 1601  |9.204502e-06|2.464059e-05|2.268835e-12|  62   |
| 87  |True   | 25255 |9.726533e-06|1.061259e-05|6.706254e-12|  838  |
| 181 |True   | 2000  |9.961374e-06|3.482522e-05|6.822824e-10|  62   |
| 186 |True   | 1553  |9.933838e-06|1.639929e-05|7.190122e-10|  39   |
| 185 |True   | 2414  |9.833399e-06|3.740758e-05|4.984283e-10|  98   |
| 177 |True   | 3612  |9.899125e-06|1.333280e-05|6.607162e-10|  126  |
| 183 |True   | 2652  |9.957895e-06|1.447634e-05|2.129779e-10|  96   |
| 191 |True   | 1037  |9.081854e-06|1.011857e-05|3.190328e-13|  17   |
| 187 |True   | 1996  |9.642835e-06|1.762991e-05|7.928701e-10|  56   |
| 189 |True   | 1464  |9.767591e-06|1.296921e-05|1.685765e-12|  40   |
| 169 |True   | 5864  |9.675660e-06|1.372577e-05|3.582686e-10|  197  |
| 194 |True   | 1243  |9.923454e-06|1.326692e-05|2.206547e-13|  27   |
| 196 |True   | 1213  |9.277186e-06|1.741553e-05|1.528571e-13|  37   |
| 165 |True   | 7689  |9.534412e-06|2.560680e-05|1.143548e-11|  262  |
| 198 |True   | 1278  |9.226342e-06|1.125664e-05|9.912278e-10|  24   |
| 182 |True   | 5283  |9.616237e-06|1.091323e-05|3.263332e-10|  170  |
| 199 |True   | 1333  |9.630144e-06|1.064404e-05|2.953669e-12|  37   |
| 192 |True   | 3538  |9.417793e-06|1.219329e-05|4.702513e-10|  108  |
| 195 |True   | 4220  |9.940548e-06|1.566512e-05|1.812331e-10|  141  |
| 188 |True   | 6044  |9.409280e-06|1.703194e-05|4.596799e-11|  224  |
| 190 |True   | 5983  |9.390521e-06|1.433647e-05|1.628906e-11|  215  |
| 193 |True   | 7605  |9.796968e-06|1.856785e-05|2.162646e-11|  229  |
| 179 |True   | 13790 |9.434071e-06|1.296961e-05|3.287987e-10|  466  |
| 197 |True   | 12198 |9.101181e-06|9.865445e-06|5.132689e-10|  428  |
