|seed |success|  nit  |    gap     |  tau_sum   |   G_norm   |avoid_n|
|  9  |True   |  353  |9.552257e-06|1.048785e-05|2.440955e-13|   0   |
|  0  |True   |  365  |9.981340e-06|1.019834e-05|3.342268e-13|   0   |
|  6  |True   |  353  |9.383877e-06|1.041252e-05|2.119783e-13|   0   |
|  2  |True   |  354  |9.613230e-06|1.035062e-05|2.153570e-13|   0   |
|  8  |True   |  378  |9.226828e-06|9.629193e-06|4.069540e-13|   0   |
| 11  |True   |  379  |9.152123e-06|9.296771e-06|9.047431e-10|   0   |
|  7  |True   |  393  |9.371267e-06|9.461535e-06|8.761718e-10|   0   |
|  1  |True   |  387  |9.519105e-06|9.633694e-06|7.128606e-10|   0   |
| 12  |True   |  375  |9.574493e-06|9.618278e-06|6.815484e-13|   0   |
|  4  |True   |  483  |9.588408e-06|1.034222e-05|7.559505e-10|   4   |
|  3  |True   |  655  |9.930860e-06|1.290317e-05|2.018704e-13|  12   |
|  5  |True   |  664  |9.907875e-06|1.174477e-05|2.783463e-13|  16   |
| 15  |True   |  353  |9.129985e-06|9.556825e-06|7.905404e-10|   0   |
| 13  |True   |  361  |9.215684e-06|1.057461e-05|9.804421e-10|   0   |
| 19  |True   |  380  |9.386189e-06|1.006923e-05|1.760570e-13|   0   |
| 20  |True   |  350  |9.041682e-06|9.827425e-06|2.427398e-13|   0   |
| 10  |True   |  818  |9.425797e-06|9.655921e-06|3.207458e-10|  21   |
| 22  |True   |  361  |9.448057e-06|9.781769e-06|9.351170e-10|   0   |
| 21  |True   |  374  |9.209971e-06|9.421856e-06|1.997302e-13|   0   |
| 14  |True   |  630  |9.642154e-06|1.910249e-05|9.528410e-10|  13   |
| 23  |True   |  395  |9.064632e-06|1.043969e-05|8.706218e-13|   0   |
| 16  |True   |  621  |9.246417e-06|9.863588e-06|2.290073e-13|  14   |
| 18  |True   |  621  |9.761043e-06|1.061797e-05|1.755607e-13|  10   |
| 24  |True   |  365  |9.407978e-06|9.640635e-06|9.690807e-10|   0   |
| 26  |True   |  353  |9.231983e-06|1.043867e-05|1.927100e-13|   0   |
| 25  |True   |  366  |9.889744e-06|1.023411e-05|3.871641e-13|   0   |
| 17  |True   |  839  |9.675310e-06|1.749412e-05|7.481065e-10|  22   |
| 27  |True   |  357  |9.327392e-06|9.504011e-06|2.086493e-13|   0   |
| 30  |True   |  355  |9.036548e-06|9.381693e-06|2.211328e-13|   0   |
| 28  |True   |  386  |9.469494e-06|9.632456e-06|8.977083e-13|   0   |
| 32  |True   |  373  |9.102984e-06|9.236384e-06|2.779271e-13|   0   |
| 29  |True   |  605  |9.403190e-06|1.089567e-05|7.092254e-10|  11   |
| 33  |True   |  368  |9.685052e-06|9.762449e-06|4.056319e-13|   0   |
| 35  |True   |  371  |9.330979e-06|9.844883e-06|9.336501e-10|   0   |
| 36  |True   |  480  |9.724062e-06|1.006432e-05|7.501817e-10|   4   |
| 38  |True   |  351  |9.674170e-06|1.002345e-05|9.261271e-10|   0   |
| 31  |True   |  576  |9.412987e-06|1.075063e-05|3.962901e-10|  13   |
| 37  |True   |  364  |9.900862e-06|1.016624e-05|2.569986e-13|   0   |
| 39  |True   |  372  |9.862255e-06|1.024668e-05|9.688288e-13|   0   |
| 40  |True   |  350  |9.165079e-06|9.827422e-06|2.796168e-13|   0   |
| 41  |True   |  377  |9.696278e-06|1.053193e-05|1.667097e-13|   0   |
| 34  |True   |  777  |9.578129e-06|1.247543e-05|2.816971e-10|  21   |
| 42  |True   |  546  |9.222667e-06|9.894913e-06|3.230657e-13|   4   |
| 44  |True   |  365  |9.308776e-06|9.535010e-06|1.778171e-13|   0   |
| 43  |True   |  403  |9.544240e-06|9.729045e-06|7.143277e-10|   0   |
| 45  |True   |  443  |9.900956e-06|1.230841e-05|9.551762e-11|   4   |
| 46  |True   |  377  |9.058081e-06|9.223630e-06|8.149790e-10|   0   |
| 48  |True   |  371  |9.440867e-06|9.600650e-06|8.821663e-10|   0   |
| 50  |True   |  394  |9.653898e-06|9.715559e-06|2.098659e-13|   0   |
| 52  |True   |  407  |9.946178e-06|1.243808e-05|7.231375e-10|   2   |
| 51  |True   |  363  |9.856078e-06|9.924741e-06|1.782318e-13|   0   |
| 49  |True   |  635  |9.280821e-06|1.181640e-05|9.108548e-10|  11   |
| 54  |True   |  355  |9.137929e-06|9.760554e-06|9.201593e-10|   0   |
| 56  |True   |  349  |9.339209e-06|9.827423e-06|9.355482e-10|   0   |
| 58  |True   |  349  |9.442419e-06|1.103703e-05|2.424793e-13|   0   |
| 47  |True   |  772  |9.621558e-06|1.142355e-05|3.386555e-13|  15   |
| 53  |True   |  717  |9.445557e-06|1.165459e-05|7.316028e-10|  18   |
| 59  |True   |  352  |9.523543e-06|1.006301e-05|1.630374e-13|   0   |
| 55  |True   |  381  |9.118078e-06|9.234820e-06|4.321040e-13|   0   |
| 63  |True   |  364  |9.302427e-06|1.064309e-05|8.787395e-10|   0   |
| 60  |True   |  383  |9.325236e-06|9.813935e-06|8.898791e-10|   0   |
| 62  |True   |  363  |9.326854e-06|9.370820e-06|3.711073e-13|   0   |
| 57  |True   |  621  |9.311550e-06|1.645611e-05|2.314157e-13|  14   |
| 65  |True   |  352  |9.369329e-06|1.006341e-05|2.048450e-13|   0   |
| 66  |True   |  355  |9.281523e-06|9.817800e-06|6.825046e-10|   0   |
| 68  |True   |  357  |9.609398e-06|1.076424e-05|9.206391e-10|   0   |
| 61  |True   |  652  |9.671272e-06|1.102666e-05|7.279646e-10|  12   |
| 67  |True   |  386  |9.517020e-06|9.604771e-06|3.180237e-13|   0   |
| 70  |True   |  395  |9.904866e-06|1.452033e-05|6.367615e-10|   1   |
| 69  |True   |  384  |9.780409e-06|9.905423e-06|8.417880e-10|   0   |
| 72  |True   |  383  |9.835126e-06|1.025527e-05|4.043362e-13|   0   |
| 74  |True   |  355  |9.477854e-06|9.878151e-06|6.028016e-10|   0   |
| 75  |True   |  350  |9.747686e-06|1.106336e-05|3.095023e-13|   0   |
| 76  |True   |  348  |9.679693e-06|1.091936e-05|2.345405e-13|   0   |
| 64  |True   |  862  |9.632000e-06|1.343669e-05|6.004629e-10|  18   |
| 71  |True   |  595  |9.379292e-06|1.278115e-05|9.583841e-10|  10   |
| 77  |True   |  356  |9.499190e-06|1.035140e-05|1.568859e-13|   0   |
| 73  |True   |  583  |9.123951e-06|1.024984e-05|2.472425e-13|   7   |
| 81  |True   |  368  |9.566182e-06|9.632619e-06|1.839929e-13|   0   |
| 78  |True   |  455  |9.393039e-06|1.215794e-05|2.897502e-13|   4   |
| 84  |True   |  347  |9.772500e-06|1.091936e-05|9.372130e-10|   0   |
| 85  |True   |  357  |9.305334e-06|9.940011e-06|2.247720e-13|   0   |
| 82  |True   |  362  |9.150967e-06|9.352725e-06|9.271523e-10|   0   |
| 83  |True   |  447  |9.284376e-06|9.714030e-06|9.636199e-10|   4   |
| 79  |True   |  582  |9.495421e-06|1.003527e-05|8.593306e-10|  12   |
| 80  |True   |  581  |9.697746e-06|9.843716e-06|2.926816e-13|   8   |
| 86  |True   |  363  |9.973794e-06|1.003363e-05|8.016824e-10|   0   |
| 87  |True   |  391  |9.559683e-06|9.974624e-06|8.189548e-10|   0   |
| 89  |True   |  382  |9.972464e-06|1.016599e-05|3.119051e-13|   0   |
| 88  |True   |  382  |9.033028e-06|9.043960e-06|2.810682e-13|   0   |
| 91  |True   |  348  |9.256928e-06|9.827425e-06|8.446141e-10|   0   |
| 92  |True   |  376  |9.306253e-06|9.860435e-06|2.602449e-12|   0   |
| 90  |True   |  483  |9.553289e-06|1.059278e-05|1.351854e-11|   3   |
| 95  |True   |  360  |9.624553e-06|9.851781e-06|9.733846e-10|   0   |
| 93  |True   |  376  |9.864226e-06|1.006953e-05|5.096633e-10|   0   |
| 96  |True   |  359  |9.386289e-06|9.560293e-06|9.639385e-10|   0   |
| 97  |True   |  408  |9.258646e-06|9.925450e-06|6.948494e-10|   0   |
| 98  |True   |  400  |9.785355e-06|1.016758e-05|3.185814e-13|   0   |
| 99  |True   |  353  |9.598991e-06|1.002346e-05|6.841312e-10|   0   |
| 94  |True   |  577  |9.149196e-06|1.255142e-05|9.826887e-10|  10   |
| 101 |True   |  355  |9.777190e-06|1.085930e-05|1.724540e-13|   0   |
| 102 |True   |  386  |9.140237e-06|9.466439e-06|2.155899e-13|   0   |
| 100 |True   |  580  |9.958364e-06|1.059616e-05|6.438138e-10|  12   |
| 103 |True   |  374  |9.629117e-06|9.870506e-06|3.829139e-13|   0   |
| 105 |True   |  380  |9.803623e-06|1.003718e-05|5.102245e-13|   0   |
| 107 |True   |  362  |9.355111e-06|9.607141e-06|9.484802e-10|   0   |
| 109 |True   |  362  |9.462592e-06|1.015197e-05|6.449877e-10|   0   |
| 110 |True   |  393  |9.116052e-06|1.095052e-05|8.045220e-10|   1   |
| 104 |True   |  721  |9.216062e-06|9.665285e-06|9.129847e-10|  15   |
| 113 |True   |  359  |9.348367e-06|9.676599e-06|2.342643e-13|   0   |
| 108 |True   |  620  |9.953985e-06|1.313078e-05|2.546545e-10|  11   |
| 111 |True   |  514  |9.385764e-06|9.922132e-06|9.525659e-10|   9   |
| 106 |True   |  647  |9.554679e-06|1.219544e-05|5.975692e-10|  13   |
| 114 |True   |  512  |9.894425e-06|1.086485e-05|4.857279e-13|   7   |
| 112 |True   |  605  |9.891591e-06|1.257965e-05|9.389725e-10|  13   |
| 117 |True   |  350  |9.921117e-06|1.016359e-05|8.735995e-10|   0   |
| 120 |True   |  353  |9.036503e-06|1.008323e-05|2.182492e-13|   0   |
| 116 |True   |  448  |9.036345e-06|9.180293e-06|8.440923e-10|   3   |
| 118 |True   |  356  |9.601966e-06|9.959587e-06|6.451067e-10|   0   |
| 122 |True   |  357  |9.841411e-06|1.021102e-05|3.097891e-13|   0   |
| 115 |True   |  588  |9.903220e-06|1.143064e-05|8.938494e-10|  11   |
| 119 |True   |  379  |9.130212e-06|9.240455e-06|8.355416e-10|   0   |
| 121 |True   |  352  |9.455186e-06|9.890699e-06|2.415269e-13|   0   |
| 123 |True   |  343  |9.972349e-06|1.091936e-05|6.540604e-10|   0   |
| 124 |True   |  350  |9.229232e-06|9.827424e-06|2.490874e-13|   0   |
| 126 |True   |  358  |9.487232e-06|1.076481e-05|9.164092e-10|   0   |
| 125 |True   |  362  |9.675076e-06|9.818369e-06|9.470345e-10|   0   |
| 128 |True   |  346  |9.553669e-06|1.213262e-05|1.705142e-13|   0   |
| 130 |True   |  348  |9.816862e-06|1.022279e-05|6.295471e-10|   0   |
| 127 |True   |  420  |9.398844e-06|1.021039e-05|6.278693e-10|   0   |
| 131 |True   |  373  |9.845388e-06|1.002811e-05|9.133717e-10|   0   |
| 134 |True   |  361  |9.966130e-06|1.038353e-05|2.673531e-12|   0   |
| 132 |True   |  356  |9.736516e-06|9.857711e-06|3.778876e-13|   0   |
| 133 |True   |  362  |9.113249e-06|9.381095e-06|1.683681e-13|   0   |
| 135 |True   |  369  |9.359789e-06|9.769082e-06|6.972368e-10|   0   |
| 138 |True   |  367  |9.022402e-06|9.392066e-06|8.877657e-10|   0   |
| 129 |True   |  643  |9.291333e-06|1.003547e-05|4.329455e-10|  12   |
| 137 |True   |  472  |9.585776e-06|1.066807e-05|5.472388e-13|   6   |
| 140 |True   |  449  |9.850433e-06|1.085296e-05|1.387976e-12|   3   |
| 141 |True   |  393  |9.667171e-06|1.037344e-05|8.520873e-10|   0   |
| 142 |True   |  377  |9.164447e-06|9.299177e-06|8.447316e-10|   0   |
| 139 |True   |  549  |9.665895e-06|1.217326e-05|5.262326e-10|   8   |
| 146 |True   |  348  |9.875606e-06|1.091936e-05|3.043305e-13|   0   |
| 143 |True   |  364  |9.605229e-06|9.868670e-06|3.422886e-13|   0   |
| 147 |True   |  375  |9.228283e-06|9.724556e-06|7.028435e-13|   0   |
| 136 |True   |  922  |9.437971e-06|1.007514e-05|7.604655e-10|  22   |
| 144 |True   |  606  |9.853098e-06|1.267831e-05|8.129392e-10|  13   |
| 150 |True   |  356  |9.317225e-06|9.775714e-06|1.465851e-13|   0   |
| 153 |True   |  424  |9.392276e-06|1.198057e-05|5.518756e-10|   3   |
| 145 |True   |  819  |9.458761e-06|1.136637e-05|6.847647e-10|  25   |
| 149 |True   |  628  |9.124740e-06|1.062822e-05|6.870542e-10|   9   |
| 151 |True   |  394  |9.266803e-06|9.302435e-06|2.777802e-13|   0   |
| 148 |True   |  696  |9.361001e-06|1.127659e-05|8.064395e-10|  15   |
| 156 |True   |  411  |9.533671e-06|9.773412e-06|9.131046e-10|   0   |
| 152 |True   |  623  |9.076250e-06|1.239793e-05|4.166957e-10|  11   |
| 157 |True   |  464  |9.875688e-06|1.213763e-05|5.093901e-10|   5   |
| 155 |True   |  590  |9.883582e-06|1.019346e-05|2.029068e-10|  13   |
| 160 |True   |  374  |9.491687e-06|9.726252e-06|4.865567e-10|   0   |
| 159 |True   |  375  |9.965977e-06|1.025976e-05|4.335649e-13|   0   |
| 158 |True   |  361  |9.528498e-06|9.664149e-06|9.551822e-10|   0   |
| 154 |True   |  659  |9.305293e-06|1.177489e-05|4.357701e-10|  14   |
| 161 |True   |  360  |9.185113e-06|9.624265e-06|7.871356e-10|   0   |
| 164 |True   |  387  |9.850521e-06|1.044956e-05|2.975062e-13|   0   |
| 167 |True   |  348  |9.140809e-06|9.827423e-06|8.981091e-10|   0   |
| 162 |True   |  563  |9.640021e-06|1.174524e-05|8.801773e-10|   8   |
| 166 |True   |  353  |9.814826e-06|1.025897e-05|1.831777e-13|   0   |
| 163 |True   |  553  |9.857470e-06|1.191352e-05|8.762788e-10|   6   |
| 172 |True   |  347  |9.183603e-06|1.091936e-05|9.640241e-10|   0   |
| 169 |True   |  359  |9.614272e-06|1.014923e-05|2.253282e-13|   0   |
| 165 |True   |  598  |9.533212e-06|1.089806e-05|6.295840e-10|  12   |
| 173 |True   |  366  |9.045411e-06|9.836928e-06|2.342037e-13|   0   |
| 168 |True   |  515  |9.469064e-06|1.140878e-05|7.829730e-10|   6   |
| 174 |True   |  372  |9.484090e-06|9.584051e-06|7.881878e-10|   0   |
| 170 |True   |  471  |9.290480e-06|1.089718e-05|4.700107e-13|   4   |
| 171 |True   |  529  |9.968946e-06|1.233977e-05|5.402914e-10|   8   |
| 175 |True   |  360  |9.276166e-06|9.402903e-06|6.400628e-10|   0   |
| 177 |True   |  351  |9.424609e-06|9.933699e-06|9.992816e-10|   0   |
| 176 |True   |  369  |9.115900e-06|9.216777e-06|3.055858e-13|   0   |
| 178 |True   |  353  |9.659335e-06|1.017164e-05|2.050642e-13|   0   |
| 179 |True   |  355  |9.016400e-06|9.230368e-06|8.178950e-10|   0   |
| 181 |True   |  352  |9.852905e-06|1.042939e-05|9.321810e-10|   0   |
| 183 |True   |  363  |9.824564e-06|1.015773e-05|6.461671e-10|   0   |
| 182 |True   |  368  |9.581266e-06|9.786719e-06|9.116138e-10|   0   |
| 180 |True   |  409  |9.811287e-06|9.902250e-06|8.459977e-10|   0   |
| 185 |True   |  364  |9.304398e-06|9.432856e-06|3.811630e-10|   0   |
| 184 |True   |  482  |9.021735e-06|9.463199e-06|4.963689e-13|   3   |
| 190 |True   |  367  |9.070927e-06|9.914511e-06|2.909469e-13|   0   |
| 186 |True   |  560  |9.339213e-06|1.033671e-05|5.650210e-10|  12   |
| 191 |True   |  357  |9.923803e-06|1.050465e-05|2.305978e-13|   0   |
| 188 |True   |  386  |9.214661e-06|9.424802e-06|8.830683e-10|   0   |
| 187 |True   |  654  |9.595296e-06|1.456567e-05|1.944887e-13|  15   |
| 193 |True   |  359  |9.537168e-06|9.658237e-06|2.645816e-13|   0   |
| 196 |True   |  399  |9.803155e-06|1.030348e-05|2.861218e-13|   1   |
| 192 |True   |  560  |9.716598e-06|1.198324e-05|7.612736e-10|   9   |
| 195 |True   |  462  |9.271939e-06|1.024759e-05|7.739152e-10|   4   |
| 194 |True   |  446  |9.955676e-06|1.068887e-05|6.858698e-10|   4   |
| 189 |True   |  638  |9.591479e-06|1.119886e-05|9.674190e-10|  10   |
| 197 |True   |  468  |9.795948e-06|1.072951e-05|2.347013e-13|   2   |
| 198 |True   |  364  |9.130122e-06|9.524758e-06|2.267971e-13|   0   |
| 199 |True   |  658  |9.910273e-06|1.154970e-05|3.356306e-12|  14   |
