|seed |success|  nit  |    gap     |  tau_sum   |   G_norm   |avoid_n|
|  8  |True   |  349  |9.449568e-06|1.033099e-05|6.946138e-10|   0   |
|  2  |True   |  361  |9.608476e-06|1.034179e-05|1.234964e-13|   0   |
|  3  |True   |  371  |9.472109e-06|9.874420e-06|5.806770e-10|   0   |
|  4  |True   |  460  |9.970864e-06|1.342765e-05|9.727635e-10|   5   |
| 10  |True   |  391  |9.002367e-06|9.388312e-06|9.752414e-10|   0   |
|  1  |True   |  407  |9.131737e-06|9.214314e-06|1.355919e-12|   0   |
|  7  |True   |  387  |9.740425e-06|1.009160e-05|6.172164e-12|   0   |
| 12  |True   |  380  |9.614182e-06|9.643246e-06|4.742958e-13|   0   |
|  9  |True   |  509  |9.168243e-06|1.580780e-05|8.527386e-10|   8   |
|  0  |True   |  444  |9.569287e-06|9.606903e-06|2.130380e-13|   0   |
|  6  |True   |  620  |9.272555e-06|1.431567e-05|4.854566e-10|   3   |
|  5  |True   |  516  |9.265529e-06|1.309905e-05|6.205717e-10|   6   |
| 14  |True   |  387  |9.813390e-06|1.012112e-05|2.525192e-13|   0   |
| 13  |True   |  365  |9.649150e-06|9.749015e-06|1.900385e-13|   0   |
| 18  |True   |  356  |9.042118e-06|9.519478e-06|9.836181e-10|   0   |
| 20  |True   |  361  |9.526489e-06|9.928845e-06|9.939952e-10|   0   |
| 16  |True   |  423  |9.837713e-06|1.143185e-05|5.063455e-10|   3   |
| 21  |True   |  519  |9.422536e-06|1.263672e-05|7.331949e-10|   9   |
| 22  |True   |  392  |9.313458e-06|9.330673e-06|9.164991e-10|   0   |
| 24  |True   |  460  |9.445868e-06|1.305223e-05|1.371945e-13|   4   |
| 17  |True   |  618  |9.472605e-06|1.047579e-05|3.435435e-10|  15   |
| 15  |True   |  684  |9.471235e-06|1.127624e-05|6.000364e-10|  11   |
| 11  |True   | 1193  |9.692781e-06|1.142800e-05|9.848821e-10|  26   |
| 25  |True   |  362  |9.430880e-06|1.029622e-05|7.274809e-10|   0   |
| 26  |True   |  374  |9.522604e-06|1.041408e-05|8.767643e-14|   0   |
| 23  |True   |  670  |9.479409e-06|1.061910e-05|6.980434e-10|  14   |
| 19  |True   |  812  |9.643041e-06|1.251187e-05|7.755316e-10|  17   |
| 28  |True   |  419  |9.073968e-06|1.277256e-05|8.787247e-10|   3   |
| 27  |True   |  385  |9.408938e-06|9.793113e-06|9.415769e-10|   0   |
| 33  |True   |  356  |9.695535e-06|9.939217e-06|6.895223e-10|   0   |
| 29  |True   |  397  |9.497338e-06|9.504956e-06|9.622275e-10|   0   |
| 31  |True   |  359  |9.326167e-06|9.483062e-06|8.668947e-10|   0   |
| 34  |True   |  367  |9.781149e-06|9.819149e-06|9.417208e-14|   0   |
| 36  |True   |  355  |9.932950e-06|1.025205e-05|1.076475e-13|   0   |
| 32  |True   |  502  |9.576702e-06|1.410128e-05|8.509361e-10|   5   |
| 37  |True   |  356  |9.129435e-06|9.579980e-06|7.767345e-14|   0   |
| 38  |True   |  397  |9.950368e-06|1.125132e-05|9.605782e-10|   0   |
| 39  |True   |  369  |9.534832e-06|9.856616e-06|8.647086e-10|   0   |
| 35  |True   |  457  |9.211321e-06|9.803807e-06|8.223844e-10|   3   |
| 40  |True   |  355  |9.967380e-06|1.177761e-05|9.564773e-10|   0   |
| 30  |True   |  685  |9.110909e-06|9.845980e-06|6.465796e-10|  12   |
| 41  |True   |  369  |9.081770e-06|9.583006e-06|1.479077e-13|   0   |
| 42  |True   |  353  |9.668070e-06|1.039942e-05|1.978055e-13|   0   |
| 44  |True   |  348  |9.733783e-06|1.122929e-05|8.275806e-10|   0   |
| 43  |True   |  356  |9.503460e-06|9.720955e-06|1.359027e-13|   0   |
| 46  |True   |  359  |9.079274e-06|9.504314e-06|8.517088e-14|   0   |
| 47  |True   |  357  |9.621696e-06|9.913982e-06|9.465858e-10|   0   |
| 48  |True   |  372  |9.024984e-06|1.027031e-05|1.116366e-13|   0   |
| 52  |True   |  349  |9.041998e-06|9.827414e-06|9.881935e-10|   0   |
| 49  |True   |  434  |9.281517e-06|1.266319e-05|6.969909e-10|   4   |
| 50  |True   |  508  |9.518389e-06|1.507693e-05|7.097518e-10|   8   |
| 53  |True   |  374  |9.003075e-06|9.448723e-06|4.156702e-12|   0   |
| 51  |True   |  449  |9.574947e-06|1.545068e-05|7.170158e-10|   3   |
| 54  |True   |  514  |9.551952e-06|1.552536e-05|6.382017e-10|   8   |
| 56  |True   |  385  |9.109574e-06|9.460437e-06|1.342995e-13|   0   |
| 55  |True   |  476  |9.917190e-06|1.303580e-05|7.624947e-10|   4   |
| 58  |True   |  369  |9.107760e-06|9.176727e-06|9.124145e-14|   0   |
| 59  |True   |  391  |9.037872e-06|9.494040e-06|6.421373e-10|   1   |
| 60  |True   |  407  |9.322451e-06|1.184357e-05|9.242739e-10|   2   |
| 45  |True   |  925  |9.677064e-06|1.358716e-05|5.866350e-10|  19   |
| 61  |True   |  441  |9.645698e-06|1.241471e-05|3.755831e-12|   4   |
| 64  |True   |  352  |9.349759e-06|9.563570e-06|7.232195e-10|   0   |
| 65  |True   |  363  |9.293746e-06|9.635234e-06|9.964631e-14|   0   |
| 62  |True   |  385  |9.815624e-06|9.871534e-06|1.008723e-13|   0   |
| 63  |True   |  385  |9.172644e-06|9.344813e-06|8.408213e-10|   0   |
| 69  |True   |  356  |9.082090e-06|9.713478e-06|8.230007e-14|   0   |
| 67  |True   |  359  |9.469002e-06|9.706428e-06|1.378500e-13|   0   |
| 72  |True   |  400  |9.833946e-06|1.249815e-05|9.831861e-14|   2   |
| 66  |True   |  562  |9.495603e-06|1.001270e-05|3.856241e-13|   6   |
| 73  |True   |  388  |9.151856e-06|9.245755e-06|1.440699e-13|   0   |
| 68  |True   |  592  |9.422565e-06|1.731246e-05|7.698762e-10|   7   |
| 75  |True   |  360  |9.590861e-06|9.771727e-06|9.017110e-13|   0   |
| 76  |True   |  353  |9.634495e-06|1.013313e-05|6.992829e-10|   0   |
| 74  |True   |  364  |9.740581e-06|1.003771e-05|4.004201e-13|   0   |
| 57  |True   | 1047  |9.129700e-06|1.132524e-05|6.903100e-10|  23   |
| 71  |True   |  607  |9.952131e-06|1.257164e-05|7.249932e-10|   9   |
| 70  |True   |  634  |9.943692e-06|1.570290e-05|6.034534e-10|  13   |
| 79  |True   |  361  |9.246754e-06|1.033885e-05|9.845632e-10|   0   |
| 77  |True   |  641  |9.369673e-06|1.294006e-05|8.907816e-10|   9   |
| 78  |True   |  507  |9.973223e-06|1.196982e-05|4.821577e-10|   7   |
| 82  |True   |  396  |9.161857e-06|1.169348e-05|6.382044e-10|   2   |
| 80  |True   |  497  |9.957490e-06|1.156594e-05|1.859305e-13|   6   |
| 88  |True   |  347  |9.512573e-06|1.091935e-05|9.872385e-10|   0   |
| 86  |True   |  361  |9.957925e-06|1.055453e-05|9.396851e-14|   0   |
| 81  |True   |  580  |9.002576e-06|1.139412e-05|6.777085e-10|   9   |
| 84  |True   |  425  |9.589159e-06|1.401015e-05|7.608985e-10|   2   |
| 83  |True   |  506  |9.703718e-06|1.681965e-05|7.472609e-14|   7   |
| 87  |True   |  383  |9.679965e-06|9.795072e-06|9.101218e-12|   0   |
| 90  |True   |  363  |9.425404e-06|1.106949e-05|9.797242e-14|   0   |
| 85  |True   |  673  |9.392415e-06|1.588965e-05|6.468632e-10|  11   |
| 89  |True   |  561  |9.389799e-06|1.242860e-05|9.754256e-10|  11   |
| 91  |True   |  493  |9.906944e-06|1.778654e-05|6.962564e-10|   6   |
| 93  |True   |  388  |9.146989e-06|9.528771e-06|1.163157e-13|   0   |
| 92  |True   |  449  |9.454262e-06|9.535399e-06|4.621252e-10|   2   |
| 95  |True   |  399  |9.436884e-06|1.320788e-05|8.215030e-10|   2   |
| 96  |True   |  442  |9.210824e-06|1.355364e-05|3.756025e-10|   4   |
| 94  |True   |  557  |9.100506e-06|2.074684e-05|4.744300e-10|   9   |
| 97  |True   |  463  |9.110946e-06|1.294834e-05|9.575202e-10|   2   |
| 100 |True   |  364  |9.765002e-06|1.013702e-05|9.004815e-13|   0   |
| 102 |True   |  352  |9.268081e-06|1.040929e-05|8.736583e-14|   0   |
| 99  |True   |  377  |9.513841e-06|9.522514e-06|9.646079e-14|   0   |
| 103 |True   |  356  |9.773401e-06|1.051800e-05|1.934323e-13|   0   |
| 107 |True   |  359  |9.043891e-06|9.777004e-06|9.587511e-10|   0   |
| 98  |True   |  826  |9.882917e-06|2.246362e-05|6.241091e-10|  24   |
| 106 |True   |  376  |9.381078e-06|9.529081e-06|9.247798e-10|   0   |
| 111 |True   |  350  |9.834983e-06|1.200079e-05|8.923634e-10|   0   |
| 104 |True   |  435  |9.962288e-06|1.023520e-05|1.081981e-13|   0   |
| 109 |True   |  367  |9.936835e-06|1.421123e-05|7.911677e-10|   1   |
| 101 |True   |  759  |9.992755e-06|1.115112e-05|6.242128e-10|  17   |
| 112 |True   |  353  |9.982244e-06|1.034551e-05|9.777585e-10|   0   |
| 110 |True   |  386  |9.360551e-06|9.447084e-06|7.104084e-10|   0   |
| 113 |True   |  356  |9.430910e-06|9.825474e-06|1.046102e-13|   0   |
| 114 |True   |  360  |9.826961e-06|1.013173e-05|1.236409e-13|   0   |
| 105 |True   |  871  |9.992711e-06|1.340937e-05|6.888384e-10|  16   |
| 115 |True   |  355  |9.270920e-06|9.741606e-06|8.313021e-10|   0   |
| 108 |True   |  821  |9.262263e-06|1.142499e-05|3.156584e-10|  22   |
| 118 |True   |  348  |9.808608e-06|1.247946e-05|1.453874e-13|   0   |
| 116 |True   |  368  |9.383457e-06|9.527775e-06|6.915623e-10|   0   |
| 120 |True   |  358  |9.893028e-06|1.022427e-05|8.628317e-10|   0   |
| 121 |True   |  352  |9.413587e-06|1.034407e-05|8.933290e-10|   0   |
| 122 |True   |  362  |9.923237e-06|1.075179e-05|9.126841e-14|   0   |
| 117 |True   |  387  |9.105040e-06|9.313387e-06|3.966520e-13|   0   |
| 119 |True   |  493  |9.803298e-06|1.285013e-05|4.059520e-10|   4   |
| 124 |True   |  405  |9.204118e-06|1.542592e-05|8.333034e-10|   1   |
| 126 |True   |  357  |9.206975e-06|1.012354e-05|8.018380e-10|   0   |
| 123 |True   |  695  |9.466435e-06|1.175165e-05|5.927667e-10|  18   |
| 130 |True   |  355  |9.614967e-06|9.843861e-06|9.593134e-10|   0   |
| 127 |True   |  372  |9.457808e-06|9.691313e-06|8.298424e-10|   0   |
| 128 |True   |  396  |9.417357e-06|1.613341e-05|9.813042e-10|   1   |
| 129 |True   |  444  |9.054361e-06|1.557127e-05|9.884133e-10|   4   |
| 134 |True   |  351  |9.816325e-06|1.103222e-05|2.771362e-13|   0   |
| 132 |True   |  372  |9.022839e-06|1.014339e-05|9.658447e-10|   0   |
| 131 |True   |  412  |9.227108e-06|9.420655e-06|9.594023e-14|   0   |
| 133 |True   |  355  |9.838637e-06|1.061602e-05|7.376363e-14|   0   |
| 136 |True   |  347  |9.640112e-06|1.091935e-05|9.755022e-10|   0   |
| 125 |True   |  809  |9.457833e-06|2.510569e-05|5.945955e-10|  20   |
| 135 |True   |  393  |9.014957e-06|9.058595e-06|1.230259e-13|   0   |
| 139 |True   |  359  |9.817582e-06|1.011554e-05|9.929297e-10|   0   |
| 137 |True   |  376  |9.058125e-06|9.134275e-06|7.499529e-10|   0   |
| 142 |True   |  376  |9.022729e-06|9.226853e-06|1.285254e-13|   0   |
| 141 |True   |  420  |9.401439e-06|1.144881e-05|8.105122e-10|   2   |
| 138 |True   |  455  |9.908827e-06|1.229386e-05|9.338123e-14|   2   |
| 143 |True   |  400  |9.921269e-06|1.362047e-05|8.715280e-10|   1   |
| 146 |True   |  351  |9.615529e-06|1.132956e-05|1.231334e-13|   0   |
| 144 |True   |  442  |9.534645e-06|1.083822e-05|7.724757e-10|   4   |
| 148 |True   |  349  |9.227177e-06|1.131282e-05|8.629202e-10|   0   |
| 140 |True   |  428  |9.358798e-06|9.375200e-06|7.792000e-10|   1   |
| 147 |True   |  439  |9.157458e-06|9.887905e-06|7.564572e-10|   3   |
| 145 |True   |  513  |9.595733e-06|1.003303e-05|2.129335e-13|   7   |
| 149 |True   |  383  |9.317525e-06|9.705581e-06|8.947845e-14|   0   |
| 153 |True   |  355  |9.402077e-06|1.040918e-05|9.162419e-10|   0   |
| 152 |True   |  368  |9.019235e-06|9.537968e-06|8.916681e-10|   0   |
| 151 |True   |  387  |9.281570e-06|9.327087e-06|6.986328e-10|   0   |
| 155 |True   |  360  |9.557734e-06|9.969599e-06|1.222687e-13|   0   |
| 150 |True   |  564  |9.383528e-06|1.165759e-05|6.363861e-10|   9   |
| 159 |True   |  347  |9.214477e-06|1.091935e-05|9.240845e-10|   0   |
| 156 |True   |  471  |9.272592e-06|1.079973e-05|5.335892e-10|   7   |
| 158 |True   |  371  |9.696534e-06|1.011542e-05|1.154419e-13|   0   |
| 161 |True   |  369  |9.594265e-06|1.042754e-05|7.681286e-14|   0   |
| 154 |True   |  573  |9.616559e-06|1.564543e-05|1.004351e-13|  10   |
| 157 |True   |  416  |9.580070e-06|1.303415e-05|8.607942e-10|   1   |
| 162 |True   |  369  |9.753838e-06|1.055765e-05|9.163110e-14|   0   |
| 160 |True   |  592  |9.191780e-06|1.415249e-05|6.827050e-10|  13   |
| 164 |True   |  355  |9.675820e-06|1.042692e-05|6.947442e-10|   0   |
| 163 |True   |  444  |9.333835e-06|2.134962e-05|2.912518e-12|   4   |
| 167 |True   |  365  |9.957378e-06|1.148486e-05|9.605345e-14|   0   |
| 165 |True   |  483  |9.461468e-06|1.334384e-05|7.151080e-10|   5   |
| 172 |True   |  398  |9.379760e-06|1.230089e-05|1.258439e-13|   1   |
| 166 |True   |  523  |9.851416e-06|1.228764e-05|7.829773e-10|   6   |
| 171 |True   |  374  |9.983440e-06|1.017336e-05|1.520129e-13|   0   |
| 168 |True   |  427  |9.948753e-06|1.655415e-05|1.111949e-13|   3   |
| 173 |True   |  354  |9.842152e-06|1.028039e-05|8.153957e-14|   0   |
| 170 |True   |  455  |9.335794e-06|1.176953e-05|1.223680e-13|   3   |
| 169 |True   |  611  |9.271674e-06|1.266000e-05|9.282087e-10|   5   |
| 174 |True   |  432  |9.176585e-06|1.400461e-05|8.550068e-10|   3   |
| 177 |True   |  458  |9.911290e-06|1.785696e-05|6.295899e-14|   4   |
| 181 |True   |  373  |9.137988e-06|1.064899e-05|8.073287e-10|   0   |
| 179 |True   |  372  |9.236962e-06|9.505180e-06|9.858078e-14|   0   |
| 183 |True   |  370  |9.317640e-06|9.737244e-06|3.299574e-13|   0   |
| 180 |True   |  389  |9.702102e-06|9.849894e-06|1.237217e-13|   0   |
| 182 |True   |  362  |9.597515e-06|9.777993e-06|8.496467e-10|   0   |
| 184 |True   |  352  |9.357535e-06|1.061348e-05|7.488737e-10|   0   |
| 176 |True   |  671  |9.549027e-06|1.630902e-05|7.060075e-10|  12   |
| 178 |True   |  592  |9.598394e-06|1.774954e-05|3.711218e-12|  13   |
| 185 |True   |  497  |9.595680e-06|1.885119e-05|1.621338e-12|   7   |
| 186 |True   |  533  |9.321687e-06|1.318205e-05|8.254404e-14|   8   |
| 188 |True   |  360  |9.064164e-06|9.629551e-06|7.862337e-10|   0   |
| 175 |True   |  897  |9.540804e-06|1.573893e-05|5.293019e-13|  13   |
| 190 |True   |  363  |9.188435e-06|9.490646e-06|2.520490e-13|   0   |
| 187 |True   |  596  |9.240090e-06|1.179616e-05|6.796342e-10|  12   |
| 191 |True   |  376  |9.454685e-06|1.002132e-05|1.539810e-13|   0   |
| 194 |True   |  353  |9.184022e-06|9.670492e-06|7.386109e-10|   0   |
| 192 |True   |  374  |9.005500e-06|9.400472e-06|9.994903e-10|   0   |
| 193 |True   |  362  |9.762094e-06|1.017997e-05|2.021022e-13|   0   |
| 189 |True   |  575  |9.407048e-06|2.098742e-05|7.706805e-10|  13   |
| 196 |True   |  398  |9.929558e-06|1.660738e-05|1.094838e-13|   2   |
| 198 |True   |  350  |9.981923e-06|1.119523e-05|1.064927e-13|   0   |
| 199 |True   |  357  |9.329105e-06|9.742553e-06|1.209868e-13|   0   |
| 197 |True   |  444  |9.209868e-06|9.984754e-06|4.578900e-10|   1   |
| 195 |True   |  578  |9.861490e-06|1.581942e-05|9.727599e-14|   7   |
