|seed |success|  nit  |    gap     |  tau_sum   |   G_norm   |avoid_n|
|  1  |True   |  361  |9.013079e-06|9.778953e-06|1.565240e-12|   0   |
|  7  |True   |  380  |9.503629e-06|1.048089e-05|9.411127e-10|   0   |
|  6  |True   |  392  |9.337876e-06|9.417889e-06|1.619964e-13|   0   |
|  0  |True   |  367  |9.998400e-06|1.007472e-05|1.401758e-13|   0   |
| 10  |True   |  384  |9.573594e-06|1.005578e-05|8.384176e-10|   0   |
|  4  |True   |  382  |9.877898e-06|9.882350e-06|9.616895e-10|   0   |
| 12  |True   |  542  |9.293895e-06|1.012729e-05|4.528392e-10|   7   |
|  5  |True   |  569  |9.033695e-06|1.220765e-05|9.103729e-10|  11   |
| 11  |True   |  551  |9.532847e-06|1.232648e-05|6.821548e-10|   5   |
|  2  |True   |  630  |9.047539e-06|1.424407e-05|9.068709e-10|  14   |
|  8  |True   |  655  |9.904809e-06|1.553081e-05|7.538326e-10|  13   |
| 16  |True   |  377  |9.916186e-06|1.055638e-05|1.677993e-13|   0   |
| 15  |True   |  379  |9.083035e-06|9.121337e-06|1.440852e-13|   0   |
| 14  |True   |  415  |9.053289e-06|1.021224e-05|9.501450e-10|   1   |
|  3  |True   |  937  |9.942831e-06|1.142990e-05|3.509217e-13|  28   |
| 17  |True   |  395  |9.173668e-06|9.936506e-06|8.353565e-10|   1   |
| 19  |True   |  372  |9.571631e-06|9.681504e-06|9.511575e-10|   0   |
| 21  |True   |  395  |9.481694e-06|1.002695e-05|1.236876e-13|   0   |
| 20  |True   |  515  |9.576215e-06|1.267456e-05|1.551106e-13|   8   |
| 22  |True   |  639  |9.131657e-06|1.425749e-05|8.087087e-10|  13   |
| 23  |True   |  797  |9.535695e-06|1.276568e-05|5.696193e-10|  20   |
| 29  |True   |  498  |9.359246e-06|1.390200e-05|9.805821e-10|   5   |
| 28  |True   |  397  |9.947266e-06|9.963114e-06|1.223592e-13|   0   |
|  9  |True   | 1490  |9.881541e-06|1.427396e-05|5.047398e-10|  34   |
| 30  |True   |  506  |9.380237e-06|1.015458e-05|8.492997e-10|   4   |
| 31  |True   |  439  |9.137310e-06|9.760108e-06|1.829816e-13|   1   |
| 26  |True   |  744  |9.318815e-06|1.105063e-05|4.178334e-10|  16   |
| 25  |True   |  762  |9.696055e-06|1.476370e-05|4.591853e-13|  20   |
| 32  |True   |  622  |9.788002e-06|1.285621e-05|7.360082e-10|   5   |
| 27  |True   |  976  |9.319867e-06|1.084513e-05|6.283575e-13|  22   |
| 36  |True   |  460  |9.264191e-06|1.142196e-05|2.423751e-13|   2   |
| 37  |True   |  391  |9.397954e-06|9.597273e-06|1.435287e-11|   0   |
| 38  |True   |  403  |9.598967e-06|9.754786e-06|9.408723e-10|   0   |
| 13  |True   | 1673  |9.957906e-06|1.548859e-05|9.435502e-10|  41   |
| 39  |True   |  366  |9.815363e-06|1.042828e-05|1.579080e-13|   0   |
| 24  |True   | 1238  |9.429229e-06|1.123566e-05|7.337854e-10|  36   |
| 33  |True   |  628  |9.458307e-06|1.379156e-05|8.695242e-10|  14   |
| 34  |True   |  818  |9.120018e-06|1.085760e-05|8.098347e-10|  17   |
| 41  |True   |  519  |9.024158e-06|1.210836e-05|9.806727e-10|   5   |
| 44  |True   |  364  |9.803586e-06|9.863408e-06|1.490601e-13|   0   |
| 47  |True   |  375  |9.029227e-06|9.281635e-06|5.646703e-10|   0   |
| 48  |True   |  508  |9.223641e-06|1.014885e-05|6.994652e-10|   4   |
| 35  |True   | 1082  |9.985547e-06|1.045576e-05|3.954719e-10|  23   |
| 45  |True   |  633  |9.797602e-06|1.658520e-05|8.994604e-10|  13   |
| 46  |True   |  790  |9.424887e-06|1.207867e-05|7.592474e-11|  16   |
| 18  |True   | 2513  |9.770430e-06|1.632526e-05|1.658052e-11|  77   |
| 43  |True   |  856  |9.558000e-06|1.321601e-05|6.430907e-13|  20   |
| 40  |True   | 1265  |9.985444e-06|1.173292e-05|7.181879e-10|  34   |
| 51  |True   |  388  |9.355781e-06|9.390535e-06|1.399136e-13|   0   |
| 49  |True   |  806  |9.311634e-06|1.800329e-05|1.730948e-10|  10   |
| 42  |True   | 1049  |9.463615e-06|1.039072e-05|8.275384e-10|  32   |
| 54  |True   |  360  |9.965239e-06|1.018651e-05|1.357304e-13|   0   |
| 53  |True   |  552  |9.403655e-06|1.149903e-05|9.968568e-14|   1   |
| 52  |True   |  645  |9.427541e-06|1.396036e-05|8.764760e-10|  14   |
| 50  |True   |  835  |9.193302e-06|1.294515e-05|5.096974e-10|  22   |
| 58  |True   |  380  |9.162830e-06|9.477702e-06|1.580547e-13|   0   |
| 56  |True   |  684  |9.376192e-06|1.252554e-05|6.041904e-10|  11   |
| 61  |True   |  531  |9.616870e-06|1.145791e-05|1.947838e-13|   6   |
| 64  |True   |  442  |9.210106e-06|9.312685e-06|8.759247e-10|   0   |
| 59  |True   |  764  |9.522009e-06|1.110941e-05|2.533330e-13|  15   |
| 62  |True   |  697  |9.510595e-06|1.377322e-05|3.511802e-13|  13   |
| 55  |True   |  997  |9.823679e-06|1.281364e-05|4.393885e-10|  17   |
| 60  |True   |  845  |9.922076e-06|1.338633e-05|6.283449e-10|  24   |
| 68  |True   |  377  |9.937866e-06|1.003941e-05|3.754698e-13|   0   |
| 66  |True   |  674  |9.433369e-06|1.126114e-05|9.598827e-10|  13   |
| 63  |True   |  876  |9.821170e-06|1.967727e-05|9.898474e-10|  24   |
| 69  |True   |  399  |9.986039e-06|1.009438e-05|8.494435e-14|   0   |
| 67  |True   |  788  |9.276140e-06|1.321096e-05|6.731201e-10|  20   |
| 57  |True   | 1251  |9.261076e-06|1.329693e-05|6.302574e-10|  38   |
| 71  |True   |  423  |9.158720e-06|9.452508e-06|1.591937e-13|   0   |
| 65  |True   |  895  |9.091497e-06|1.106768e-05|7.293408e-11|  21   |
| 75  |True   |  396  |9.727175e-06|9.818590e-06|1.395557e-13|   0   |
| 76  |True   |  432  |9.392799e-06|1.034025e-05|1.929842e-13|   1   |
| 73  |True   |  635  |9.778584e-06|1.280158e-05|9.198510e-10|  14   |
| 78  |True   |  412  |9.007727e-06|9.164970e-06|9.895929e-10|   0   |
| 82  |True   |  366  |9.482991e-06|9.647572e-06|4.871691e-12|   0   |
| 72  |True   |  826  |9.510995e-06|1.224192e-05|7.403002e-14|  18   |
| 70  |True   | 1034  |9.716451e-06|1.194104e-05|8.566121e-10|  24   |
| 77  |True   |  787  |9.204880e-06|1.081237e-05|8.208524e-10|  13   |
| 84  |True   |  472  |9.415939e-06|1.105216e-05|8.735621e-10|   4   |
| 83  |True   |  705  |9.254875e-06|1.384450e-05|6.632205e-10|  15   |
| 81  |True   |  724  |9.036167e-06|1.196978e-05|6.642632e-10|  14   |
| 80  |True   |  891  |9.551349e-06|1.194741e-05|6.340312e-10|  23   |
| 74  |True   | 1155  |9.168918e-06|1.142889e-05|7.956677e-10|  28   |
| 87  |True   |  396  |9.619987e-06|9.643365e-06|2.055163e-13|   0   |
| 85  |True   |  626  |9.901416e-06|1.105912e-05|5.459814e-10|   6   |
| 90  |True   |  389  |9.460681e-06|9.804687e-06|1.338134e-13|   0   |
| 88  |True   |  608  |9.524648e-06|1.252857e-05|1.456515e-13|  10   |
| 79  |True   | 1133  |9.211545e-06|1.833143e-05|9.149905e-10|  23   |
| 89  |True   |  794  |9.896790e-06|1.562527e-05|9.081831e-10|  18   |
| 91  |True   |  547  |9.134983e-06|1.095123e-05|8.285711e-10|   4   |
| 94  |True   |  391  |9.392144e-06|9.603684e-06|1.600374e-13|   0   |
| 96  |True   |  440  |9.435070e-06|1.250070e-05|2.443525e-13|   1   |
| 98  |True   |  368  |9.483062e-06|9.658039e-06|2.131820e-13|   0   |
| 100 |True   |  368  |9.130214e-06|9.317277e-06|9.737089e-10|   0   |
| 86  |True   | 1102  |9.964806e-06|1.292307e-05|9.788778e-13|  28   |
| 95  |True   |  619  |9.004314e-06|1.107576e-05|7.365367e-10|   7   |
| 97  |True   |  520  |9.150124e-06|1.494667e-05|6.562699e-10|   7   |
| 99  |True   |  576  |9.749331e-06|1.174705e-05|5.684633e-10|   7   |
| 92  |True   |  778  |9.283709e-06|1.603553e-05|6.018059e-10|  18   |
| 104 |True   |  399  |9.445057e-06|9.663229e-06|1.615310e-13|   0   |
| 101 |True   |  665  |9.475975e-06|1.124017e-05|6.704218e-10|  12   |
| 105 |True   |  384  |9.697346e-06|1.003882e-05|2.426508e-13|   0   |
| 102 |True   |  593  |9.763747e-06|1.241631e-05|6.275885e-10|   8   |
| 107 |True   |  418  |9.389996e-06|9.730137e-06|1.876967e-13|   0   |
| 106 |True   |  557  |9.000899e-06|1.029430e-05|4.047593e-12|   6   |
| 93  |True   | 1272  |9.249343e-06|1.981186e-05|8.041472e-10|  35   |
| 109 |True   |  445  |9.473370e-06|1.006275e-05|8.621592e-13|   1   |
| 112 |True   |  436  |9.908314e-06|9.959745e-06|8.782714e-10|   0   |
| 113 |True   |  374  |9.693343e-06|9.936310e-06|1.253270e-13|   0   |
| 103 |True   |  971  |9.430167e-06|1.058416e-05|8.613308e-10|  20   |
| 117 |True   |  376  |9.124506e-06|9.204474e-06|1.828021e-13|   0   |
| 108 |True   |  823  |9.051124e-06|1.024588e-05|4.729952e-10|  22   |
| 116 |True   |  392  |9.186238e-06|9.193189e-06|1.758113e-13|   0   |
| 111 |True   |  739  |9.248086e-06|1.211963e-05|6.293950e-10|  12   |
| 114 |True   |  758  |9.995607e-06|1.336165e-05|7.977437e-10|  16   |
| 120 |True   |  426  |9.700784e-06|9.903006e-06|2.760023e-13|   0   |
| 115 |True   |  715  |9.770382e-06|2.730506e-05|3.882483e-12|  13   |
| 119 |True   |  544  |9.051980e-06|9.918182e-06|7.397585e-10|   5   |
| 123 |True   |  389  |9.534997e-06|1.166595e-05|9.365785e-10|   1   |
| 121 |True   |  387  |9.818911e-06|9.835492e-06|1.552464e-13|   0   |
| 124 |True   |  380  |9.370649e-06|9.551183e-06|1.088513e-13|   0   |
| 118 |True   |  934  |9.978283e-06|3.395785e-05|9.277741e-10|  22   |
| 125 |True   |  589  |9.878888e-06|1.238473e-05|9.402566e-10|   8   |
| 128 |True   |  363  |9.072342e-06|9.250782e-06|9.195700e-14|   0   |
| 129 |True   |  437  |9.678140e-06|9.754826e-06|1.625262e-13|   0   |
| 122 |True   |  851  |9.192498e-06|1.215644e-05|7.198311e-10|  11   |
| 131 |True   |  420  |9.268328e-06|1.045724e-05|9.358490e-13|   1   |
| 126 |True   |  641  |9.360769e-06|1.131430e-05|9.398816e-10|  11   |
| 130 |True   |  554  |9.207437e-06|1.236679e-05|8.580297e-10|  10   |
| 127 |True   |  562  |9.078432e-06|9.927490e-06|1.166995e-13|   3   |
| 132 |True   |  424  |9.799890e-06|9.839004e-06|4.769168e-13|   0   |
| 110 |True   | 1646  |9.308560e-06|1.050598e-05|4.398294e-10|  40   |
| 134 |True   |  481  |9.103892e-06|1.157448e-05|1.137442e-13|   2   |
| 137 |True   |  419  |9.139227e-06|9.583332e-06|9.608394e-10|   0   |
| 135 |True   |  437  |9.741294e-06|1.106170e-05|8.682382e-10|   3   |
| 136 |True   |  564  |9.053760e-06|1.079135e-05|7.859298e-10|   8   |
| 142 |True   |  465  |9.143115e-06|1.238321e-05|2.277593e-11|   3   |
| 139 |True   |  527  |9.598859e-06|1.068485e-05|7.982042e-10|   7   |
| 140 |True   |  503  |9.852210e-06|1.646045e-05|6.560702e-10|  10   |
| 145 |True   |  424  |9.767942e-06|9.967571e-06|4.123296e-13|   0   |
| 138 |True   |  611  |9.453875e-06|1.099196e-05|8.187713e-10|   9   |
| 146 |True   |  444  |9.567337e-06|1.021125e-05|1.865167e-11|   0   |
| 141 |True   |  685  |9.184401e-06|1.264463e-05|7.070894e-10|  13   |
| 144 |True   |  697  |9.140284e-06|1.096137e-05|1.408377e-13|   9   |
| 151 |True   |  391  |9.122134e-06|9.248675e-06|2.953756e-13|   0   |
| 154 |True   |  471  |9.850539e-06|1.359806e-05|1.029702e-13|   4   |
| 153 |True   |  415  |9.754632e-06|1.090200e-05|1.228069e-13|   2   |
| 147 |True   |  697  |9.509489e-06|1.752966e-05|8.688318e-10|  11   |
| 155 |True   |  504  |9.119227e-06|1.148611e-05|9.371059e-10|   6   |
| 143 |True   | 1333  |9.304291e-06|1.107692e-05|8.559021e-10|  35   |
| 133 |True   | 1808  |9.364696e-06|9.973132e-06|2.511217e-10|  60   |
| 152 |True   |  689  |9.001420e-06|1.055674e-05|2.156712e-12|  11   |
| 148 |True   |  924  |9.880331e-06|1.772958e-05|9.977742e-10|  21   |
| 156 |True   |  584  |9.933892e-06|1.119233e-05|9.779797e-10|   8   |
| 150 |True   |  896  |9.240739e-06|1.197338e-05|5.027880e-10|  15   |
| 158 |True   |  485  |9.876915e-06|1.157076e-05|9.967944e-10|   4   |
| 149 |True   | 1045  |9.129466e-06|1.493045e-05|5.002968e-10|  21   |
| 160 |True   |  391  |9.615978e-06|9.731440e-06|9.511894e-14|   0   |
| 167 |True   |  356  |9.464975e-06|1.024647e-05|4.228107e-13|   0   |
| 157 |True   |  892  |9.661738e-06|9.812983e-06|4.695098e-10|  21   |
| 165 |True   |  402  |9.905902e-06|1.022121e-05|3.112000e-13|   0   |
| 161 |True   |  688  |9.922106e-06|1.650220e-05|9.147662e-10|   9   |
| 166 |True   |  393  |9.973003e-06|1.009017e-05|1.380423e-13|   0   |
| 164 |True   |  572  |9.251321e-06|1.149949e-05|8.867204e-10|   7   |
| 168 |True   |  411  |9.825435e-06|1.334173e-05|2.171009e-13|   2   |
| 163 |True   |  591  |9.773891e-06|1.085076e-05|7.060950e-10|  10   |
| 169 |True   |  398  |9.160011e-06|9.313104e-06|1.308235e-13|   0   |
| 162 |True   |  798  |9.757312e-06|1.572791e-05|7.912677e-10|  16   |
| 173 |True   |  388  |9.189300e-06|9.558978e-06|1.940338e-12|   0   |
| 177 |True   |  364  |9.516148e-06|1.029597e-05|1.544020e-12|   0   |
| 172 |True   |  603  |9.499705e-06|1.232231e-05|2.717295e-13|  11   |
| 176 |True   |  380  |9.370795e-06|9.390859e-06|9.843332e-10|   0   |
| 171 |True   |  739  |9.078356e-06|9.694734e-06|7.210901e-10|  15   |
| 159 |True   | 1340  |9.241446e-06|1.859948e-05|4.091579e-10|  39   |
| 178 |True   |  492  |9.024846e-06|1.114767e-05|7.534459e-10|   4   |
| 183 |True   |  353  |9.245997e-06|1.024028e-05|8.057512e-10|   0   |
| 170 |True   | 1170  |9.430705e-06|1.157753e-05|4.557442e-10|  43   |
| 181 |True   |  635  |9.903038e-06|1.040363e-05|5.744374e-10|  12   |
| 174 |True   |  960  |9.078752e-06|1.633741e-05|4.303054e-10|  26   |
| 186 |True   |  357  |9.544936e-06|9.903798e-06|1.014031e-13|   0   |
| 185 |True   |  417  |9.021621e-06|9.145317e-06|1.265951e-11|   0   |
| 190 |True   |  361  |9.820109e-06|1.010442e-05|6.515270e-10|   0   |
| 180 |True   | 1058  |9.852153e-06|1.408401e-05|8.755890e-10|  30   |
| 188 |True   |  450  |9.579063e-06|9.583241e-06|1.309823e-13|   0   |
| 191 |True   |  434  |9.126124e-06|1.026128e-05|1.669158e-13|   1   |
| 189 |True   |  525  |9.588121e-06|1.211010e-05|7.570778e-10|   6   |
| 192 |True   |  376  |9.352184e-06|9.640212e-06|8.374927e-10|   0   |
| 175 |True   | 1420  |9.059630e-06|1.274964e-05|3.257759e-10|  43   |
| 193 |True   |  465  |9.922588e-06|1.233935e-05|7.214035e-10|   3   |
| 179 |True   | 1507  |9.360371e-06|1.272608e-05|5.901294e-10|  54   |
| 182 |True   | 1317  |9.489184e-06|1.611715e-05|1.886872e-13|  24   |
| 195 |True   |  382  |9.869298e-06|9.941998e-06|1.096921e-13|   0   |
| 187 |True   | 1072  |9.819131e-06|2.233372e-05|6.214180e-10|  34   |
| 196 |True   |  362  |9.120792e-06|9.450933e-06|8.131053e-10|   0   |
| 194 |True   |  785  |9.163928e-06|1.175548e-05|5.119810e-10|  16   |
| 184 |True   | 1665  |9.064113e-06|1.019736e-05|9.162958e-10|  44   |
| 197 |True   |  988  |9.236001e-06|1.317292e-05|3.072297e-10|  22   |
| 198 |True   |  909  |9.625306e-06|1.413113e-05|7.851620e-10|  16   |
| 199 |True   | 1331  |9.582129e-06|1.023049e-05|8.007785e-10|  38   |
