|seed |success|  nit  |    gap     |  tau_sum   |   G_norm   |avoid_n|
| 10  |True   |  417  |9.414616e-06|9.640825e-06|6.033769e-13|   0   |
|  0  |True   |  409  |9.178838e-06|9.902131e-06|2.420908e-13|   0   |
|  3  |True   |  408  |9.343441e-06|9.560173e-06|2.370904e-13|   0   |
|  6  |True   |  416  |9.745463e-06|9.962347e-06|9.952540e-10|   0   |
|  7  |True   |  406  |9.011674e-06|9.271214e-06|2.373800e-13|   0   |
| 12  |True   |  424  |9.109974e-06|9.346873e-06|4.924365e-13|   0   |
| 11  |True   |  435  |9.643475e-06|9.854010e-06|3.828702e-13|   0   |
|  1  |True   |  448  |9.471443e-06|9.586555e-06|3.137944e-12|   0   |
|  9  |True   |  526  |9.749365e-06|1.110042e-05|2.807643e-13|   3   |
|  5  |True   |  584  |9.028228e-06|9.771479e-06|2.329997e-13|   5   |
|  4  |True   |  451  |9.256246e-06|9.259336e-06|7.304485e-10|   0   |
|  8  |True   |  596  |9.764219e-06|1.048824e-05|4.195805e-13|   6   |
|  2  |True   |  715  |9.699487e-06|1.283359e-05|4.889567e-10|  14   |
| 13  |True   |  544  |9.617119e-06|1.027892e-05|5.596144e-13|   4   |
| 17  |True   |  465  |9.856672e-06|1.195542e-05|7.838196e-10|   2   |
| 18  |True   |  403  |9.670861e-06|9.982608e-06|2.946011e-13|   0   |
| 15  |True   |  460  |9.560555e-06|1.191001e-05|7.620586e-10|   4   |
| 19  |True   |  398  |9.893088e-06|1.018241e-05|1.785306e-13|   0   |
| 21  |True   |  396  |9.457087e-06|9.595451e-06|9.061761e-10|   0   |
| 20  |True   |  549  |9.117765e-06|1.109931e-05|3.396088e-13|   8   |
| 23  |True   |  424  |9.088079e-06|9.393780e-06|9.951674e-10|   0   |
| 14  |True   |  430  |9.476720e-06|9.485281e-06|3.794692e-13|   0   |
| 24  |True   |  419  |9.983651e-06|1.018046e-05|2.165458e-13|   0   |
| 25  |True   |  449  |9.823850e-06|1.018306e-05|2.723268e-13|   0   |
| 22  |True   |  607  |9.480080e-06|1.131865e-05|4.199156e-13|   9   |
| 28  |True   |  380  |9.564286e-06|1.054557e-05|7.638580e-10|   0   |
| 16  |True   |  954  |9.728944e-06|1.572464e-05|6.920654e-10|  21   |
| 27  |True   |  405  |9.080463e-06|9.446387e-06|1.883318e-13|   0   |
| 29  |True   |  460  |9.587547e-06|1.004421e-05|9.603718e-10|   0   |
| 30  |True   |  398  |9.288411e-06|9.433381e-06|2.249672e-13|   0   |
| 31  |True   |  403  |9.048516e-06|9.192243e-06|8.113979e-10|   0   |
| 32  |True   |  412  |9.347686e-06|9.688777e-06|8.741070e-10|   0   |
| 33  |True   |  426  |9.029040e-06|9.217926e-06|2.285627e-13|   0   |
| 35  |True   |  417  |9.905910e-06|1.022579e-05|2.930322e-13|   0   |
| 37  |True   |  374  |9.609460e-06|9.915478e-06|9.773191e-10|   0   |
| 26  |True   |  684  |9.871702e-06|1.624433e-05|2.978293e-13|  16   |
| 34  |True   |  552  |9.212167e-06|9.240908e-06|6.834216e-10|   5   |
| 36  |True   |  447  |9.979801e-06|9.981767e-06|8.886008e-10|   0   |
| 39  |True   |  388  |9.058564e-06|9.765356e-06|1.679510e-13|   0   |
| 41  |True   |  405  |9.409005e-06|1.016925e-05|2.221923e-13|   0   |
| 40  |True   |  410  |9.446134e-06|9.953628e-06|2.196392e-13|   0   |
| 42  |True   |  416  |9.653680e-06|1.013132e-05|9.515305e-10|   0   |
| 38  |True   |  398  |9.535488e-06|1.014348e-05|1.556353e-13|   0   |
| 43  |True   |  404  |9.840729e-06|1.005504e-05|3.688341e-13|   0   |
| 46  |True   |  385  |9.906533e-06|1.053631e-05|2.040639e-12|   0   |
| 45  |True   |  459  |9.005180e-06|1.085366e-05|9.505207e-10|   2   |
| 44  |True   |  491  |9.627525e-06|1.064789e-05|2.503744e-13|   4   |
| 47  |True   |  420  |9.663652e-06|9.917858e-06|8.544120e-10|   0   |
| 48  |True   |  400  |9.664217e-06|1.014274e-05|2.638086e-13|   0   |
| 49  |True   |  384  |9.314807e-06|1.057359e-05|1.545945e-13|   0   |
| 50  |True   |  407  |9.363250e-06|9.517390e-06|2.488571e-13|   0   |
| 51  |True   |  394  |9.179178e-06|1.001463e-05|9.741325e-10|   0   |
| 52  |True   |  406  |9.701237e-06|9.899449e-06|7.465575e-10|   0   |
| 53  |True   |  401  |9.747439e-06|1.018340e-05|2.055243e-13|   0   |
| 56  |True   |  405  |9.153130e-06|9.369710e-06|2.648692e-13|   0   |
| 55  |True   |  429  |9.170727e-06|9.230417e-06|5.381119e-13|   0   |
| 54  |True   |  514  |9.048569e-06|1.051093e-05|4.118122e-13|   3   |
| 58  |True   |  419  |9.930073e-06|9.975066e-06|2.685867e-13|   0   |
| 57  |True   |  432  |9.265081e-06|9.341100e-06|7.029591e-10|   0   |
| 60  |True   |  430  |9.583871e-06|9.992538e-06|3.606718e-13|   0   |
| 59  |True   |  443  |9.957577e-06|1.020071e-05|9.620716e-10|   0   |
| 61  |True   |  437  |9.095309e-06|9.256921e-06|4.299462e-13|   0   |
| 62  |True   |  406  |9.509705e-06|9.748157e-06|8.012325e-10|   0   |
| 64  |True   |  414  |9.751952e-06|1.040599e-05|5.190896e-13|   0   |
| 65  |True   |  404  |9.689252e-06|1.057133e-05|2.136653e-13|   0   |
| 67  |True   |  406  |9.166930e-06|9.774155e-06|2.509026e-13|   0   |
| 63  |True   |  432  |9.760947e-06|9.805756e-06|8.548015e-10|   0   |
| 66  |True   |  404  |9.907829e-06|1.000020e-05|3.084753e-13|   0   |
| 69  |True   |  402  |9.524059e-06|1.008811e-05|9.721656e-10|   0   |
| 68  |True   |  412  |9.724386e-06|9.948354e-06|2.546261e-13|   0   |
| 70  |True   |  404  |9.762559e-06|1.060446e-05|6.436285e-13|   0   |
| 73  |True   |  415  |9.334046e-06|1.037987e-05|1.147079e-10|   0   |
| 71  |True   |  402  |9.278003e-06|9.631521e-06|2.199189e-13|   0   |
| 72  |True   |  486  |9.709765e-06|1.218479e-05|3.278864e-11|   4   |
| 77  |True   |  402  |9.507345e-06|1.053919e-05|2.153196e-13|   0   |
| 74  |True   |  453  |9.856741e-06|9.944837e-06|7.520558e-13|   0   |
| 80  |True   |  406  |9.062086e-06|9.366618e-06|9.195711e-10|   0   |
| 75  |True   |  653  |9.738859e-06|1.207892e-05|1.979078e-13|  10   |
| 81  |True   |  391  |9.024476e-06|9.276698e-06|2.062865e-13|   0   |
| 79  |True   |  575  |9.007041e-06|1.148305e-05|6.796342e-10|   8   |
| 78  |True   |  593  |9.643528e-06|1.152952e-05|7.194386e-10|   9   |
| 76  |True   |  692  |9.524275e-06|1.752085e-05|4.680552e-10|  13   |
| 83  |True   |  381  |9.723957e-06|9.767457e-06|9.344876e-10|   0   |
| 85  |True   |  431  |9.226829e-06|9.492418e-06|2.916856e-13|   0   |
| 84  |True   |  417  |9.375331e-06|9.539172e-06|3.857049e-13|   0   |
| 82  |True   |  505  |9.818327e-06|1.005103e-05|2.937849e-10|   0   |
| 86  |True   |  405  |9.300433e-06|9.664378e-06|9.593992e-10|   0   |
| 87  |True   |  421  |9.448512e-06|9.870736e-06|6.147734e-13|   0   |
| 88  |True   |  415  |9.721159e-06|9.833760e-06|4.850273e-13|   0   |
| 89  |True   |  409  |9.207616e-06|9.557438e-06|9.058483e-10|   0   |
| 92  |True   |  441  |9.700499e-06|1.024555e-05|2.443864e-12|   0   |
| 93  |True   |  403  |9.518327e-06|9.985904e-06|1.670427e-13|   0   |
| 91  |True   |  435  |9.359043e-06|9.580655e-06|1.314952e-12|   0   |
| 97  |True   |  411  |9.957988e-06|1.078489e-05|2.331011e-13|   0   |
| 90  |True   |  549  |9.252260e-06|9.689161e-06|2.154219e-13|   4   |
| 94  |True   |  415  |9.900636e-06|1.010491e-05|3.544499e-13|   0   |
| 95  |True   |  392  |9.033375e-06|1.011484e-05|8.054238e-10|   0   |
| 98  |True   |  406  |9.817289e-06|1.027180e-05|2.475430e-13|   0   |
| 96  |True   |  417  |9.129760e-06|9.258506e-06|4.122953e-13|   0   |
| 102 |True   |  431  |9.424873e-06|9.731375e-06|2.662824e-13|   0   |
| 101 |True   |  443  |9.956686e-06|1.014124e-05|3.502991e-13|   0   |
| 103 |True   |  411  |9.603208e-06|9.875551e-06|3.178405e-13|   0   |
| 100 |True   |  451  |9.363006e-06|9.375071e-06|4.512777e-13|   0   |
| 105 |True   |  427  |9.396977e-06|9.778819e-06|9.943809e-10|   0   |
| 99  |True   |  641  |9.144983e-06|9.200171e-06|7.614107e-10|   9   |
| 106 |True   |  491  |9.438429e-06|1.064396e-05|5.032749e-13|   2   |
| 104 |True   |  448  |9.551592e-06|9.731751e-06|9.563085e-10|   0   |
| 108 |True   |  414  |9.985211e-06|1.006823e-05|8.296201e-10|   0   |
| 107 |True   |  415  |9.682917e-06|9.802661e-06|2.378213e-13|   0   |
| 111 |True   |  396  |9.510346e-06|9.696143e-06|7.480414e-10|   0   |
| 110 |True   |  411  |9.371122e-06|9.413423e-06|2.757271e-13|   0   |
| 109 |True   |  515  |9.793730e-06|9.819395e-06|3.768974e-13|   0   |
| 113 |True   |  415  |9.609138e-06|1.008510e-05|2.605739e-13|   0   |
| 115 |True   |  375  |9.121949e-06|9.792673e-06|8.147908e-10|   0   |
| 114 |True   |  407  |9.393186e-06|9.435598e-06|9.425980e-10|   0   |
| 112 |True   |  434  |9.935183e-06|1.001722e-05|5.241757e-13|   0   |
| 117 |True   |  392  |9.369345e-06|9.503422e-06|7.573897e-10|   0   |
| 120 |True   |  414  |9.529292e-06|9.939396e-06|1.735221e-13|   0   |
| 118 |True   |  422  |9.863845e-06|9.869982e-06|9.609282e-10|   0   |
| 123 |True   |  444  |9.111140e-06|9.366435e-06|1.821869e-11|   0   |
| 121 |True   |  406  |9.358438e-06|9.801622e-06|9.936952e-10|   0   |
| 116 |True   |  436  |9.254000e-06|9.322037e-06|6.376072e-13|   0   |
| 119 |True   |  647  |9.520658e-06|1.583780e-05|8.617464e-10|  12   |
| 124 |True   |  409  |9.469368e-06|9.670634e-06|1.967846e-13|   0   |
| 126 |True   |  464  |9.835451e-06|1.047122e-05|7.361690e-10|   3   |
| 125 |True   |  413  |9.322222e-06|9.662632e-06|8.977422e-10|   0   |
| 122 |True   |  723  |9.478131e-06|1.173890e-05|7.711359e-10|  15   |
| 128 |True   |  398  |9.595274e-06|9.659951e-06|2.004435e-13|   0   |
| 129 |True   |  392  |9.266440e-06|9.430063e-06|6.613342e-10|   0   |
| 127 |True   |  414  |9.678105e-06|9.843373e-06|7.434403e-10|   0   |
| 133 |True   |  405  |9.959160e-06|1.064675e-05|2.048586e-13|   0   |
| 134 |True   |  385  |9.935700e-06|1.034701e-05|8.687739e-10|   0   |
| 131 |True   |  475  |9.120761e-06|9.919592e-06|7.570318e-10|   5   |
| 132 |True   |  413  |9.081431e-06|9.171089e-06|9.408667e-10|   0   |
| 139 |True   |  421  |9.881739e-06|1.007327e-05|2.816617e-13|   0   |
| 130 |True   |  705  |9.158706e-06|9.822977e-06|6.441068e-10|  12   |
| 138 |True   |  397  |9.854377e-06|9.985703e-06|7.947372e-10|   0   |
| 135 |True   |  505  |9.205657e-06|9.522844e-06|2.892514e-13|   3   |
| 137 |True   |  429  |9.753965e-06|9.910137e-06|4.587590e-13|   0   |
| 136 |True   |  424  |9.690891e-06|9.756708e-06|8.651104e-10|   0   |
| 141 |True   |  412  |9.223661e-06|9.468384e-06|2.338164e-13|   0   |
| 142 |True   |  433  |9.609143e-06|9.685305e-06|3.010785e-13|   0   |
| 140 |True   |  454  |9.310258e-06|9.423601e-06|7.190243e-13|   0   |
| 144 |True   |  408  |9.551510e-06|1.016232e-05|2.285104e-13|   0   |
| 143 |True   |  412  |9.747294e-06|9.925314e-06|9.263115e-10|   0   |
| 145 |True   |  438  |9.162542e-06|9.808790e-06|5.162764e-13|   0   |
| 146 |True   |  397  |9.412390e-06|9.975203e-06|9.689011e-10|   0   |
| 150 |True   |  410  |9.159753e-06|9.690830e-06|2.311813e-13|   0   |
| 151 |True   |  405  |9.016060e-06|9.924707e-06|2.757907e-13|   0   |
| 149 |True   |  398  |9.664616e-06|9.935613e-06|8.901737e-10|   0   |
| 152 |True   |  407  |9.432545e-06|9.587789e-06|2.223399e-13|   0   |
| 153 |True   |  401  |9.303187e-06|9.352586e-06|2.335823e-13|   0   |
| 147 |True   |  453  |9.513848e-06|9.532435e-06|9.601631e-10|   0   |
| 156 |True   |  413  |9.511114e-06|1.035529e-05|3.174380e-13|   0   |
| 158 |True   |  396  |9.986379e-06|1.159005e-05|2.542655e-13|   0   |
| 148 |True   |  578  |9.407653e-06|1.476659e-05|2.844186e-13|   8   |
| 157 |True   |  407  |9.558378e-06|9.684292e-06|2.225424e-13|   0   |
| 154 |True   |  529  |9.154602e-06|9.712817e-06|8.168446e-10|   5   |
| 155 |True   |  423  |9.655714e-06|9.672876e-06|2.342945e-13|   0   |
| 159 |True   |  433  |9.161762e-06|9.205059e-06|4.857291e-13|   0   |
| 161 |True   |  404  |9.813135e-06|1.005591e-05|1.533986e-13|   0   |
| 162 |True   |  415  |9.155522e-06|9.834052e-06|2.249583e-13|   0   |
| 160 |True   |  493  |9.199060e-06|9.899450e-06|8.612288e-10|   3   |
| 163 |True   |  429  |9.226843e-06|9.523777e-06|2.928595e-13|   0   |
| 165 |True   |  394  |9.925633e-06|1.106924e-05|2.162144e-13|   0   |
| 164 |True   |  410  |9.937086e-06|1.037887e-05|9.695884e-10|   0   |
| 168 |True   |  403  |9.112156e-06|9.470347e-06|8.021710e-10|   0   |
| 166 |True   |  419  |9.425437e-06|9.596577e-06|2.620569e-13|   0   |
| 167 |True   |  421  |9.533414e-06|9.783062e-06|2.355620e-13|   0   |
| 171 |True   |  410  |9.737357e-06|1.000056e-05|8.509476e-10|   0   |
| 169 |True   |  443  |9.325930e-06|9.718969e-06|3.731670e-13|   0   |
| 170 |True   |  376  |9.033142e-06|9.087398e-06|4.524029e-10|   0   |
| 172 |True   |  412  |9.400956e-06|9.677229e-06|1.964135e-13|   0   |
| 173 |True   |  405  |9.457426e-06|1.004963e-05|2.381375e-13|   0   |
| 174 |True   |  408  |9.991227e-06|1.109419e-05|3.589256e-13|   0   |
| 176 |True   |  409  |9.428907e-06|9.750056e-06|2.898772e-13|   0   |
| 177 |True   |  395  |9.221483e-06|1.004987e-05|1.840195e-13|   0   |
| 178 |True   |  474  |9.671933e-06|1.071951e-05|8.788467e-10|   2   |
| 180 |True   |  387  |9.150590e-06|9.602327e-06|8.674927e-10|   0   |
| 182 |True   |  412  |9.465807e-06|9.755179e-06|2.523899e-13|   0   |
| 175 |True   |  444  |9.446053e-06|9.448007e-06|9.952913e-10|   0   |
| 183 |True   |  406  |9.860229e-06|1.013794e-05|2.197797e-13|   0   |
| 184 |True   |  405  |9.497432e-06|9.638049e-06|9.874226e-10|   0   |
| 179 |True   |  658  |9.045213e-06|1.001020e-05|2.544991e-13|  10   |
| 186 |True   |  419  |9.680471e-06|9.787453e-06|1.791368e-13|   0   |
| 185 |True   |  425  |9.170059e-06|9.271833e-06|3.546723e-13|   0   |
| 188 |True   |  413  |9.694008e-06|1.020565e-05|3.364529e-13|   0   |
| 187 |True   |  428  |9.530443e-06|9.615005e-06|3.212615e-13|   0   |
| 189 |True   |  401  |9.258439e-06|9.939950e-06|8.918484e-10|   0   |
| 181 |True   |  727  |9.478935e-06|1.314426e-05|9.643914e-10|  16   |
| 190 |True   |  411  |9.778526e-06|1.043280e-05|3.494378e-13|   0   |
| 192 |True   |  415  |9.224486e-06|9.524665e-06|2.120396e-13|   0   |
| 191 |True   |  540  |9.966339e-06|1.133920e-05|2.423638e-13|   3   |
| 193 |True   |  416  |9.108371e-06|9.252146e-06|2.025108e-13|   0   |
| 194 |True   |  427  |9.415799e-06|9.467864e-06|4.135823e-13|   0   |
| 198 |True   |  400  |9.842096e-06|9.897707e-06|9.825667e-10|   0   |
| 196 |True   |  412  |9.609814e-06|9.697059e-06|2.061819e-13|   0   |
| 195 |True   |  629  |9.546283e-06|1.287016e-05|9.631315e-10|  10   |
| 197 |True   |  587  |9.702636e-06|1.509304e-05|8.751256e-10|  12   |
| 199 |True   |  431  |9.979355e-06|1.002330e-05|3.053628e-13|   0   |
