|seed |success|  nit  |    gap     |  tau_sum   |   G_norm   |avoid_n|
| 12  |True   |  414  |9.824030e-06|9.921365e-06|2.124800e-13|   0   |
|  2  |True   |  437  |9.003897e-06|9.950488e-06|9.698843e-10|   1   |
|  6  |True   |  441  |9.234505e-06|1.109277e-05|9.507558e-10|   1   |
|  3  |True   |  462  |9.988999e-06|1.020492e-05|1.211325e-13|   0   |
|  4  |True   |  545  |9.679730e-06|1.170031e-05|1.888664e-13|   7   |
|  1  |True   |  470  |9.948536e-06|9.956779e-06|2.023788e-12|   0   |
|  5  |True   |  472  |9.399629e-06|9.498879e-06|7.944158e-13|   0   |
|  7  |True   |  444  |9.062623e-06|9.086434e-06|9.815141e-10|   0   |
|  9  |True   |  586  |9.192293e-06|1.100174e-05|1.064814e-13|   6   |
|  8  |True   |  688  |9.479191e-06|1.105031e-05|6.704954e-10|  14   |
| 11  |True   |  694  |9.101805e-06|9.834525e-06|1.617947e-12|   9   |
|  0  |True   | 1008  |9.344782e-06|1.275221e-05|8.480712e-10|  27   |
| 14  |True   |  410  |9.287887e-06|9.631006e-06|2.405428e-13|   0   |
| 13  |True   |  430  |9.164516e-06|9.181970e-06|7.797909e-13|   0   |
| 10  |True   | 1050  |9.146449e-06|1.645583e-05|5.608828e-10|  31   |
| 16  |True   |  433  |9.895264e-06|9.977472e-06|2.461062e-13|   0   |
| 15  |True   |  432  |9.379432e-06|9.476535e-06|3.119946e-13|   0   |
| 17  |True   |  544  |9.383437e-06|1.343445e-05|1.264976e-13|   8   |
| 21  |True   |  404  |9.210225e-06|9.557901e-06|1.615785e-13|   0   |
| 18  |True   |  626  |9.584879e-06|1.364513e-05|2.166219e-13|  10   |
| 20  |True   |  581  |9.450533e-06|9.964322e-06|9.890009e-10|   5   |
| 22  |True   |  602  |9.275541e-06|1.083758e-05|9.091048e-10|   9   |
| 23  |True   |  445  |9.742783e-06|9.778997e-06|9.494560e-13|   0   |
| 24  |True   |  431  |9.732659e-06|9.845356e-06|8.603014e-13|   0   |
| 27  |True   |  415  |9.222091e-06|9.276131e-06|1.118239e-13|   0   |
| 19  |True   |  915  |9.684250e-06|1.370116e-05|7.933140e-10|  19   |
| 25  |True   |  514  |9.087196e-06|9.153263e-06|1.787495e-13|   3   |
| 30  |True   |  434  |9.712288e-06|9.732134e-06|2.244272e-13|   0   |
| 26  |True   |  668  |9.147786e-06|1.054790e-05|8.094952e-10|  12   |
| 29  |True   |  433  |9.553217e-06|9.584664e-06|8.414805e-13|   0   |
| 32  |True   |  456  |9.010074e-06|9.229798e-06|1.907777e-13|   0   |
| 28  |True   |  648  |9.124981e-06|1.025620e-05|1.623703e-13|   8   |
| 33  |True   |  422  |9.826438e-06|9.916239e-06|4.243165e-11|   0   |
| 31  |True   |  586  |9.667320e-06|1.152009e-05|1.859655e-13|   6   |
| 34  |True   |  620  |9.617887e-06|1.111142e-05|2.328474e-13|   8   |
| 35  |True   |  509  |9.626360e-06|9.872865e-06|2.695101e-13|   1   |
| 36  |True   |  514  |9.071011e-06|9.141017e-06|1.867325e-13|   1   |
| 38  |True   |  411  |9.539815e-06|9.701494e-06|1.524830e-13|   0   |
| 37  |True   |  569  |9.128767e-06|1.311189e-05|1.704100e-13|   9   |
| 41  |True   |  437  |9.643618e-06|9.683582e-06|1.661807e-13|   0   |
| 40  |True   |  523  |9.643736e-06|9.725563e-06|9.070590e-10|   4   |
| 42  |True   |  444  |9.639317e-06|9.687970e-06|1.775284e-13|   0   |
| 39  |True   |  644  |9.922828e-06|1.392533e-05|9.901154e-10|  11   |
| 44  |True   |  567  |9.336770e-06|9.955244e-06|7.294120e-13|   5   |
| 46  |True   |  635  |9.208057e-06|1.236016e-05|6.702644e-10|  13   |
| 43  |True   |  770  |9.135347e-06|1.625837e-05|7.642137e-10|  18   |
| 51  |True   |  422  |9.955582e-06|1.013897e-05|2.016746e-13|   0   |
| 45  |True   |  737  |9.971050e-06|1.128309e-05|1.798206e-13|  14   |
| 50  |True   |  549  |9.411578e-06|1.137491e-05|1.350014e-13|   4   |
| 48  |True   |  731  |9.282474e-06|1.080819e-05|4.540733e-10|  14   |
| 55  |True   |  470  |9.104072e-06|9.169712e-06|9.731017e-10|   0   |
| 47  |True   |  765  |9.227644e-06|1.045955e-05|5.937016e-10|  12   |
| 52  |True   |  631  |9.089099e-06|9.995730e-06|1.791369e-13|   9   |
| 49  |True   |  794  |9.619067e-06|1.280849e-05|5.801131e-13|  14   |
| 53  |True   |  714  |9.577623e-06|1.225736e-05|9.849691e-10|  15   |
| 58  |True   |  424  |9.001154e-06|9.045823e-06|2.539225e-13|   0   |
| 56  |True   |  643  |9.195985e-06|1.299213e-05|8.709996e-10|  13   |
| 57  |True   |  610  |9.251319e-06|1.078756e-05|9.321677e-10|   9   |
| 59  |True   |  586  |9.338338e-06|1.266346e-05|1.183340e-13|   7   |
| 60  |True   |  438  |9.941525e-06|9.966823e-06|2.481532e-13|   0   |
| 54  |True   |  868  |9.479314e-06|1.392001e-05|9.134670e-10|  21   |
| 61  |True   |  454  |9.956477e-06|1.070104e-05|2.197034e-13|   1   |
| 65  |True   |  421  |9.410436e-06|9.537095e-06|1.471879e-13|   0   |
| 64  |True   |  433  |9.458913e-06|9.500132e-06|2.384634e-13|   0   |
| 66  |True   |  532  |9.204039e-06|1.026561e-05|8.801918e-13|   5   |
| 62  |True   |  613  |9.664649e-06|1.276368e-05|1.672035e-13|   7   |
| 68  |True   |  422  |9.624635e-06|9.682872e-06|2.841391e-13|   0   |
| 73  |True   |  431  |9.159560e-06|9.474134e-06|1.525347e-12|   0   |
| 72  |True   |  526  |9.482240e-06|1.221057e-05|9.575792e-10|   5   |
| 70  |True   |  617  |9.014268e-06|9.419235e-06|5.791329e-10|   9   |
| 74  |True   |  440  |9.590988e-06|9.615769e-06|2.922753e-13|   0   |
| 69  |True   |  616  |9.325538e-06|9.401030e-06|9.783962e-10|   6   |
| 67  |True   |  905  |9.674999e-06|1.151231e-05|7.288118e-10|  21   |
| 76  |True   |  421  |9.415020e-06|9.504106e-06|1.869552e-13|   0   |
| 63  |True   | 1074  |9.724621e-06|1.229759e-05|3.554429e-10|  35   |
| 71  |True   |  870  |9.970433e-06|1.116713e-05|3.761412e-11|  18   |
| 78  |True   |  430  |9.817203e-06|9.851989e-06|2.357154e-13|   0   |
| 77  |True   |  440  |9.798766e-06|9.875238e-06|1.550454e-13|   0   |
| 79  |True   |  417  |9.895017e-06|1.014867e-05|5.790493e-13|   0   |
| 75  |True   |  707  |9.040903e-06|9.447823e-06|9.342337e-10|   7   |
| 80  |True   |  429  |9.889300e-06|9.962389e-06|2.394959e-13|   0   |
| 81  |True   |  488  |9.080634e-06|9.093722e-06|8.310307e-10|   0   |
| 84  |True   |  470  |9.031862e-06|9.905115e-06|1.649506e-13|   1   |
| 85  |True   |  448  |9.924470e-06|1.032447e-05|2.497342e-13|   0   |
| 83  |True   |  440  |9.145036e-06|9.155040e-06|1.371223e-13|   0   |
| 87  |True   |  558  |9.672181e-06|1.091815e-05|1.820241e-13|   6   |
| 89  |True   |  465  |9.532328e-06|1.047233e-05|7.503503e-10|   1   |
| 91  |True   |  438  |9.679863e-06|9.756472e-06|2.230973e-13|   0   |
| 86  |True   |  689  |9.179992e-06|1.175410e-05|8.747195e-10|  13   |
| 90  |True   |  643  |9.653717e-06|1.241671e-05|1.285143e-13|   9   |
| 93  |True   |  456  |9.738394e-06|9.748554e-06|2.490967e-13|   0   |
| 94  |True   |  417  |9.549321e-06|9.753403e-06|1.587655e-13|   0   |
| 96  |True   |  442  |9.522096e-06|9.643643e-06|2.147839e-13|   0   |
| 97  |True   |  438  |9.713462e-06|9.733896e-06|1.472957e-13|   0   |
| 92  |True   |  736  |9.740587e-06|1.251285e-05|9.317958e-10|  10   |
| 88  |True   | 1187  |9.601931e-06|1.403422e-05|8.422516e-10|  29   |
| 95  |True   |  688  |9.438221e-06|1.710686e-05|9.629912e-10|  13   |
| 100 |True   |  449  |9.881627e-06|9.919910e-06|1.972934e-13|   0   |
| 98  |True   |  762  |9.920119e-06|1.359684e-05|8.480380e-10|  13   |
| 103 |True   |  454  |9.860506e-06|1.096500e-05|1.417673e-13|   1   |
| 82  |True   | 1618  |9.568316e-06|1.570632e-05|5.458980e-10|  61   |
| 104 |True   |  625  |9.796970e-06|1.483911e-05|1.724977e-13|  12   |
| 107 |True   |  460  |9.194608e-06|9.215979e-06|1.740149e-13|   0   |
| 99  |True   |  858  |9.226939e-06|9.842208e-06|7.435659e-10|  17   |
| 101 |True   |  908  |9.748542e-06|2.164219e-05|7.723608e-10|  21   |
| 106 |True   |  592  |9.895843e-06|1.348249e-05|1.194690e-13|  10   |
| 109 |True   |  437  |9.974060e-06|1.008329e-05|2.143279e-13|   0   |
| 105 |True   |  633  |9.681323e-06|9.956823e-06|9.264417e-10|   9   |
| 108 |True   |  501  |9.585402e-06|1.113343e-05|8.314927e-13|   1   |
| 102 |True   |  945  |9.411795e-06|1.562911e-05|6.639155e-10|  26   |
| 111 |True   |  442  |9.860305e-06|9.891567e-06|1.788375e-13|   0   |
| 116 |True   |  420  |9.320844e-06|9.411879e-06|5.152699e-13|   0   |
| 115 |True   |  435  |9.600341e-06|9.688220e-06|9.834518e-13|   0   |
| 117 |True   |  419  |9.457077e-06|9.503939e-06|1.399788e-13|   0   |
| 113 |True   |  427  |9.837442e-06|9.843756e-06|1.747496e-13|   0   |
| 114 |True   |  634  |9.619225e-06|1.576474e-05|8.247575e-10|  11   |
| 110 |True   |  913  |9.576935e-06|1.166525e-05|3.811965e-10|  16   |
| 120 |True   |  446  |9.425710e-06|1.015760e-05|1.903136e-13|   1   |
| 119 |True   |  574  |9.151743e-06|9.700741e-06|8.694012e-10|   8   |
| 122 |True   |  415  |9.976105e-06|1.018495e-05|2.121765e-13|   0   |
| 123 |True   |  411  |9.037159e-06|9.222954e-06|1.887641e-13|   0   |
| 118 |True   |  757  |9.725027e-06|1.017736e-05|1.468267e-13|  10   |
| 125 |True   |  438  |9.392000e-06|9.488444e-06|8.092478e-13|   0   |
| 126 |True   |  446  |9.283134e-06|9.323676e-06|1.621867e-13|   0   |
| 124 |True   |  595  |9.445223e-06|1.136224e-05|1.152588e-13|   8   |
| 128 |True   |  519  |9.695687e-06|1.229729e-05|1.199885e-13|   6   |
| 127 |True   |  577  |9.630334e-06|1.145003e-05|9.392064e-10|   7   |
| 121 |True   | 1002  |9.941891e-06|1.066808e-05|6.578142e-10|  24   |
| 129 |True   |  459  |9.699159e-06|9.714529e-06|2.417515e-13|   0   |
| 131 |True   |  468  |9.062932e-06|9.491555e-06|9.184433e-10|   1   |
| 134 |True   |  418  |9.766540e-06|9.860763e-06|2.034440e-13|   0   |
| 112 |True   | 1543  |9.810109e-06|1.401319e-05|2.684009e-10|  51   |
| 135 |True   |  542  |9.075904e-06|1.004428e-05|2.411941e-13|   5   |
| 133 |True   |  689  |9.964576e-06|1.182974e-05|8.327388e-13|  10   |
| 139 |True   |  425  |9.368344e-06|9.598693e-06|2.017762e-13|   0   |
| 136 |True   |  632  |9.046338e-06|9.318137e-06|7.308740e-13|   9   |
| 138 |True   |  581  |9.470885e-06|1.423658e-05|1.138934e-13|  10   |
| 142 |True   |  426  |9.728110e-06|9.867237e-06|5.400623e-13|   0   |
| 130 |True   | 1143  |9.921426e-06|1.271087e-05|5.610976e-10|  29   |
| 140 |True   |  656  |9.564015e-06|1.312281e-05|9.261421e-10|   8   |
| 141 |True   |  692  |9.106918e-06|1.137270e-05|2.764608e-13|  11   |
| 137 |True   |  889  |9.084048e-06|1.216092e-05|5.833467e-10|  27   |
| 146 |True   |  417  |9.655456e-06|9.845615e-06|1.694600e-13|   0   |
| 143 |True   |  620  |9.964153e-06|1.096238e-05|8.791162e-10|   4   |
| 132 |True   | 1371  |9.158830e-06|1.646214e-05|3.167898e-10|  40   |
| 145 |True   |  658  |9.526417e-06|1.173902e-05|1.979385e-13|   6   |
| 148 |True   |  425  |9.257534e-06|9.308762e-06|1.709558e-13|   0   |
| 150 |True   |  521  |9.337272e-06|1.008384e-05|1.255072e-13|   2   |
| 144 |True   |  939  |9.836274e-06|1.226344e-05|7.083636e-10|  16   |
| 147 |True   |  721  |9.253963e-06|1.053185e-05|6.367779e-10|  10   |
| 153 |True   |  434  |9.692780e-06|9.704441e-06|1.773654e-13|   0   |
| 151 |True   |  743  |9.854191e-06|1.127832e-05|7.873425e-10|  10   |
| 157 |True   |  420  |9.785408e-06|9.853442e-06|1.604608e-13|   0   |
| 155 |True   |  420  |9.311570e-06|9.335672e-06|1.336381e-13|   0   |
| 156 |True   |  487  |9.881114e-06|1.007470e-05|2.404527e-13|   0   |
| 149 |True   |  790  |9.592550e-06|1.012476e-05|7.405712e-10|  10   |
| 158 |True   |  449  |9.003684e-06|9.065571e-06|1.975293e-13|   0   |
| 159 |True   |  430  |9.554127e-06|9.688462e-06|2.383911e-13|   0   |
| 154 |True   |  733  |9.633759e-06|1.220259e-05|8.209361e-10|  14   |
| 160 |True   |  541  |9.397592e-06|1.092260e-05|1.787113e-13|   3   |
| 161 |True   |  430  |9.765052e-06|9.826399e-06|1.818527e-13|   0   |
| 152 |True   | 1142  |9.042741e-06|1.561859e-05|8.944341e-10|  20   |
| 162 |True   |  452  |9.417728e-06|9.579006e-06|2.306928e-13|   0   |
| 163 |True   |  433  |9.485930e-06|9.527778e-06|2.426672e-13|   0   |
| 168 |True   |  433  |9.812069e-06|9.986019e-06|1.526664e-13|   0   |
| 167 |True   |  434  |9.528794e-06|9.541220e-06|1.662044e-13|   0   |
| 169 |True   |  432  |9.762816e-06|9.822857e-06|8.226520e-13|   0   |
| 164 |True   |  593  |9.409989e-06|1.054757e-05|3.292950e-13|   7   |
| 166 |True   |  603  |9.388064e-06|1.366909e-05|8.947656e-10|  10   |
| 165 |True   |  494  |9.583758e-06|9.586913e-06|1.742722e-13|   0   |
| 170 |True   |  434  |9.513627e-06|9.547052e-06|1.601513e-13|   0   |
| 173 |True   |  408  |9.730945e-06|9.815657e-06|1.488883e-13|   0   |
| 172 |True   |  430  |9.355714e-06|9.426537e-06|1.158783e-13|   0   |
| 174 |True   |  584  |9.539304e-06|1.031030e-05|8.686856e-10|   8   |
| 176 |True   |  437  |9.108581e-06|9.160002e-06|2.277877e-13|   0   |
| 171 |True   |  707  |9.120189e-06|1.110006e-05|6.916518e-10|  10   |
| 175 |True   |  501  |9.921044e-06|1.017834e-05|2.326847e-13|   1   |
| 178 |True   |  435  |9.383774e-06|9.595639e-06|1.621294e-13|   0   |
| 180 |True   |  427  |9.471772e-06|9.608196e-06|1.702447e-13|   0   |
| 179 |True   |  493  |9.725246e-06|1.037905e-05|1.644522e-13|   1   |
| 177 |True   |  563  |9.361518e-06|1.022932e-05|2.005405e-13|   3   |
| 183 |True   |  424  |9.683836e-06|9.942348e-06|1.738332e-13|   0   |
| 181 |True   |  558  |9.749646e-06|1.103619e-05|1.390130e-13|   4   |
| 182 |True   |  545  |9.857885e-06|9.894096e-06|8.157878e-10|   6   |
| 184 |True   |  415  |9.675114e-06|1.000260e-05|3.308187e-13|   0   |
| 185 |True   |  435  |9.473889e-06|9.630864e-06|2.220422e-13|   0   |
| 186 |True   |  427  |9.099508e-06|9.196044e-06|1.176525e-13|   0   |
| 187 |True   |  461  |9.639055e-06|9.666311e-06|9.301813e-10|   0   |
| 191 |True   |  445  |9.238972e-06|9.248500e-06|2.141677e-13|   0   |
| 188 |True   |  620  |9.821027e-06|1.074611e-05|9.978160e-10|   8   |
| 196 |True   |  441  |9.397351e-06|9.835699e-06|1.753033e-13|   1   |
| 194 |True   |  446  |9.218035e-06|9.243716e-06|2.305800e-13|   0   |
| 190 |True   |  564  |9.337513e-06|1.496536e-05|9.875944e-10|   7   |
| 197 |True   |  442  |9.798112e-06|9.848459e-06|8.292438e-13|   0   |
| 193 |True   |  663  |9.537174e-06|1.172733e-05|3.209900e-13|  10   |
| 189 |True   |  764  |9.811621e-06|1.090666e-05|1.487244e-12|  11   |
| 195 |True   |  603  |9.923018e-06|1.155601e-05|8.040308e-13|   8   |
| 192 |True   |  935  |9.452090e-06|9.577885e-06|7.526847e-10|  23   |
| 199 |True   |  680  |9.918440e-06|1.225072e-05|7.437607e-10|  14   |
| 198 |True   |  694  |9.401324e-06|1.031273e-05|1.058520e-12|   2   |
