|seed |success|  nit  |    gap     |  tau_sum   |   G_norm   |avoid_n|
|  5  |True   |  431  |9.804332e-06|9.806344e-06|4.747561e-14|   0   |
|  4  |True   |  434  |9.040746e-06|9.055839e-06|4.569780e-14|   0   |
|  1  |True   |  452  |9.712967e-06|9.714006e-06|5.219751e-14|   0   |
|  0  |True   |  635  |9.531171e-06|3.391343e-05|4.310781e-14|  12   |
|  3  |True   |  699  |9.522100e-06|2.686926e-05|4.811281e-14|  14   |
|  9  |True   |  698  |9.292586e-06|1.611108e-05|7.849423e-10|  14   |
|  2  |True   |  711  |9.005055e-06|3.527248e-05|3.934040e-14|  17   |
|  6  |True   |  708  |9.483077e-06|3.420713e-05|4.709959e-14|   8   |
| 12  |True   |  831  |9.653103e-06|2.935569e-05|7.121245e-13|  18   |
| 11  |True   |  865  |9.680131e-06|3.326357e-05|4.031177e-14|  18   |
| 13  |True   |  568  |9.933340e-06|2.550838e-05|1.884681e-12|   8   |
| 15  |True   |  547  |9.911363e-06|2.161516e-05|4.040519e-14|   4   |
|  7  |True   | 1322  |9.632929e-06|2.681552e-05|7.499642e-10|  42   |
| 16  |True   |  597  |9.362582e-06|2.560840e-05|2.132017e-12|   5   |
| 18  |True   |  605  |9.807918e-06|3.130493e-05|3.960128e-14|   9   |
| 17  |True   |  860  |9.812936e-06|3.984967e-05|4.156040e-14|  23   |
| 14  |True   | 1129  |9.312993e-06|2.847664e-05|8.137608e-10|  29   |
| 20  |True   |  878  |9.653867e-06|1.836231e-05|7.360614e-10|  23   |
| 10  |True   | 1752  |9.272898e-06|3.708804e-05|8.569672e-10|  47   |
| 21  |True   |  868  |9.798467e-06|1.914092e-05|7.077107e-10|  15   |
| 19  |True   | 1103  |9.612471e-06|1.485339e-05|6.913714e-10|  29   |
| 23  |True   |  713  |9.977287e-06|2.653764e-05|4.159347e-14|  12   |
|  8  |True   | 1989  |9.719722e-06|5.333789e-05|3.744708e-10|  71   |
| 24  |True   |  745  |9.490234e-06|3.124883e-05|4.180258e-14|  14   |
| 22  |True   | 1199  |9.956744e-06|2.790949e-05|4.274202e-14|  36   |
| 26  |True   |  723  |9.017350e-06|2.545102e-05|4.799726e-14|  11   |
| 30  |True   |  447  |9.179272e-06|9.281818e-06|4.283494e-14|   0   |
| 27  |True   |  809  |9.288680e-06|3.589506e-05|4.141465e-14|  25   |
| 31  |True   |  440  |9.546420e-06|1.713162e-05|4.196705e-14|   1   |
| 28  |True   |  677  |9.405664e-06|2.305831e-05|4.927733e-14|  12   |
| 25  |True   | 1007  |9.296648e-06|2.735700e-05|5.565902e-14|  24   |
| 35  |True   |  434  |9.063987e-06|9.122303e-06|4.352759e-14|   0   |
| 34  |True   |  534  |9.663083e-06|3.660345e-05|4.610582e-14|   6   |
| 32  |True   |  746  |9.618554e-06|3.774235e-05|8.261222e-10|  17   |
| 37  |True   |  432  |9.108500e-06|2.625743e-05|4.308693e-14|   1   |
| 36  |True   |  540  |9.150884e-06|1.208851e-05|5.993148e-10|   5   |
| 38  |True   |  432  |9.152773e-06|9.164209e-06|2.998788e-13|   0   |
| 29  |True   | 1043  |9.857140e-06|4.652193e-05|2.412762e-12|  28   |
| 41  |True   |  564  |9.572450e-06|1.619525e-05|5.172553e-14|   5   |
| 44  |True   |  579  |9.539062e-06|3.541366e-05|4.629293e-14|   5   |
| 39  |True   |  878  |9.686769e-06|3.049670e-05|4.588221e-14|  18   |
| 42  |True   |  687  |9.782969e-06|2.765010e-05|3.837952e-14|  12   |
| 46  |True   |  575  |9.824420e-06|2.183063e-05|4.050541e-14|   4   |
| 45  |True   |  738  |9.709927e-06|3.295789e-05|4.474629e-14|  12   |
| 33  |True   | 1380  |9.000521e-06|2.088857e-05|7.627783e-14|  39   |
| 40  |True   | 1104  |9.857686e-06|3.018658e-05|7.870670e-10|  26   |
| 51  |True   |  435  |9.616720e-06|9.749678e-06|4.799677e-14|   0   |
| 50  |True   |  729  |9.951324e-06|3.344590e-05|4.109121e-14|  18   |
| 48  |True   |  960  |9.962877e-06|2.497937e-05|8.582774e-10|  18   |
| 47  |True   | 1113  |9.511583e-06|3.063313e-05|6.477815e-10|  31   |
| 58  |True   |  402  |9.989520e-06|1.014750e-05|4.858027e-14|   0   |
| 56  |True   |  566  |9.171191e-06|2.800608e-05|5.680613e-14|   8   |
| 43  |True   | 1610  |9.187618e-06|2.421832e-05|1.554057e-11|  54   |
| 53  |True   |  900  |9.376028e-06|4.693660e-05|5.843539e-14|  20   |
| 57  |True   |  769  |9.715153e-06|1.508084e-05|5.778347e-10|  21   |
| 55  |True   |  955  |9.773230e-06|2.659672e-05|7.879437e-10|  28   |
| 54  |True   |  975  |9.209116e-06|2.954305e-05|8.058896e-10|  23   |
| 61  |True   |  436  |9.798137e-06|9.867806e-06|5.521238e-14|   0   |
| 62  |True   |  414  |9.973978e-06|1.011487e-05|5.486303e-14|   0   |
| 52  |True   | 1181  |9.911974e-06|4.386210e-05|4.322931e-14|  28   |
| 49  |True   | 1709  |9.382241e-06|5.206596e-05|8.029840e-10|  51   |
| 66  |True   |  428  |9.413190e-06|9.419089e-06|4.106776e-14|   0   |
| 65  |True   |  665  |9.629240e-06|3.528482e-05|4.394169e-14|  10   |
| 64  |True   |  836  |9.025095e-06|3.012533e-05|3.891055e-14|  17   |
| 68  |True   |  676  |9.302283e-06|2.062373e-05|8.847865e-10|  15   |
| 71  |True   |  648  |9.318857e-06|3.176920e-05|4.049250e-14|   7   |
| 73  |True   |  448  |9.240330e-06|3.236378e-05|4.314888e-14|   2   |
| 69  |True   |  840  |9.549158e-06|2.596908e-05|4.015975e-14|  19   |
| 72  |True   |  605  |9.647627e-06|2.730610e-05|4.669382e-14|   4   |
| 60  |True   | 1650  |9.179445e-06|1.528876e-05|1.809087e-10|  62   |
| 63  |True   | 1333  |9.602950e-06|1.857693e-05|4.556293e-10|  38   |
| 67  |True   | 1098  |9.587278e-06|1.733771e-05|7.234772e-10|  21   |
| 75  |True   |  506  |9.542131e-06|1.695945e-05|8.289685e-10|   4   |
| 59  |True   | 2098  |9.217790e-06|6.396055e-05|4.849880e-10|  91   |
| 80  |True   |  460  |9.138978e-06|9.193957e-06|4.480771e-14|   0   |
| 77  |True   |  769  |9.951776e-06|2.680159e-05|4.213428e-14|  14   |
| 85  |True   |  443  |9.521664e-06|9.617315e-06|4.965184e-14|   0   |
| 83  |True   |  531  |9.501603e-06|1.583909e-05|4.761025e-14|   2   |
| 86  |True   |  458  |9.031878e-06|9.033254e-06|4.565276e-14|   0   |
| 84  |True   |  837  |9.461110e-06|1.970101e-05|8.017733e-10|  19   |
| 79  |True   | 1164  |9.558216e-06|2.349310e-05|4.134760e-14|  22   |
| 87  |True   |  532  |9.589721e-06|2.328391e-05|4.601696e-14|   4   |
| 78  |True   | 1306  |9.511131e-06|1.677027e-05|4.768004e-10|  37   |
| 81  |True   | 1228  |9.237585e-06|2.467815e-05|6.371848e-10|  33   |
| 74  |True   | 1757  |9.019548e-06|2.096571e-05|5.159114e-10|  59   |
| 88  |True   |  638  |9.450173e-06|2.390472e-05|3.661224e-14|  10   |
| 76  |True   | 1717  |9.431060e-06|1.038923e-05|3.284705e-10|  42   |
| 82  |True   | 1616  |9.743708e-06|2.361129e-05|5.468332e-10|  52   |
| 93  |True   |  414  |9.760364e-06|1.001945e-05|4.471715e-14|   0   |
| 97  |True   |  543  |9.599869e-06|3.342200e-05|4.600596e-14|   7   |
| 91  |True   |  875  |9.980416e-06|3.046970e-05|4.378284e-14|  14   |
| 70  |True   | 2728  |9.323739e-06|2.923526e-05|6.441339e-10|  90   |
| 95  |True   |  748  |9.988374e-06|3.733057e-05|4.122576e-14|  20   |
| 89  |True   | 1228  |9.176495e-06|5.648868e-05|8.426456e-10|  43   |
| 98  |True   |  633  |9.557879e-06|2.425934e-05|3.937085e-14|  11   |
| 99  |True   |  570  |9.198325e-06|2.443838e-05|5.902878e-14|   6   |
| 96  |True   |  840  |9.696942e-06|3.021053e-05|4.093607e-14|  21   |
| 92  |True   | 1083  |9.258820e-06|2.318096e-05|2.555051e-12|  30   |
| 101 |True   |  660  |9.990125e-06|1.992010e-05|9.311737e-10|  10   |
| 102 |True   |  500  |9.714922e-06|1.751520e-05|3.590162e-14|   4   |
| 105 |True   |  429  |9.288847e-06|9.306807e-06|4.109349e-14|   0   |
| 106 |True   |  416  |9.571186e-06|9.597827e-06|4.504157e-14|   0   |
| 109 |True   |  506  |9.731752e-06|5.724988e-05|4.665042e-14|   4   |
| 103 |True   |  774  |9.388078e-06|4.268246e-05|4.248119e-14|  21   |
| 90  |True   | 1979  |9.221103e-06|1.869238e-05|6.358734e-10|  68   |
| 94  |True   | 1567  |9.430733e-06|1.459297e-05|1.697497e-12|  45   |
| 107 |True   |  677  |9.470543e-06|2.972497e-05|4.835315e-14|   8   |
| 104 |True   |  814  |9.012722e-06|2.563377e-05|5.721875e-14|  18   |
| 114 |True   |  430  |9.427038e-06|9.477695e-06|4.395739e-14|   0   |
| 110 |True   |  852  |9.672652e-06|3.223064e-05|9.819157e-10|  15   |
| 100 |True   | 1506  |9.350634e-06|2.177047e-05|4.103446e-13|  46   |
| 117 |True   |  418  |9.083128e-06|9.150243e-06|6.581304e-14|   0   |
| 111 |True   |  836  |9.823845e-06|2.956038e-05|6.123037e-14|  23   |
| 116 |True   |  464  |9.261967e-06|2.746594e-05|5.636049e-14|   2   |
| 118 |True   |  516  |9.048223e-06|2.915245e-05|4.860483e-14|   6   |
| 120 |True   |  424  |9.081375e-06|9.208159e-06|4.308517e-14|   0   |
| 113 |True   |  839  |9.876256e-06|3.657594e-05|5.979040e-14|  18   |
| 108 |True   | 1313  |9.714931e-06|1.884015e-05|5.285286e-10|  33   |
| 119 |True   |  620  |9.050707e-06|2.544776e-05|4.029172e-14|  11   |
| 121 |True   |  415  |9.845522e-06|9.968074e-06|4.508718e-14|   0   |
| 115 |True   | 1135  |9.360960e-06|1.947507e-05|6.237237e-10|  38   |
| 131 |True   |  447  |9.190037e-06|9.341825e-06|5.110847e-14|   0   |
| 123 |True   |  854  |9.148010e-06|2.781893e-05|9.886367e-10|  18   |
| 128 |True   |  756  |9.784530e-06|3.032541e-05|4.412490e-14|  11   |
| 124 |True   |  992  |9.813972e-06|2.790610e-05|4.240249e-14|  22   |
| 132 |True   |  668  |9.938047e-06|3.059918e-05|4.551935e-14|  13   |
| 112 |True   | 1789  |9.678337e-06|3.869778e-05|5.283487e-14|  52   |
| 127 |True   |  880  |9.528827e-06|2.004590e-05|7.453438e-10|  18   |
| 126 |True   | 1041  |9.916070e-06|4.748818e-05|3.936025e-14|  25   |
| 125 |True   | 1076  |9.464948e-06|3.803871e-05|8.402213e-10|  30   |
| 135 |True   |  541  |9.975359e-06|3.557830e-05|4.672164e-14|   8   |
| 133 |True   |  717  |9.947553e-06|3.329853e-05|4.569783e-14|  11   |
| 137 |True   |  437  |9.828918e-06|2.682097e-05|3.940568e-14|   1   |
| 122 |True   | 1680  |9.138692e-06|2.000971e-05|7.638613e-10|  48   |
| 136 |True   |  510  |9.965748e-06|1.142956e-05|7.565840e-10|   2   |
| 139 |True   |  408  |9.324335e-06|9.433338e-06|4.572173e-14|   0   |
| 140 |True   |  408  |9.604733e-06|9.631605e-06|4.805122e-14|   0   |
| 138 |True   |  529  |9.730212e-06|2.759581e-05|4.507852e-14|   5   |
| 130 |True   | 1551  |9.644780e-06|4.681258e-05|7.579396e-10|  44   |
| 141 |True   |  680  |9.962480e-06|3.446269e-05|3.666277e-14|  12   |
| 150 |True   |  449  |9.084886e-06|2.585031e-05|3.878811e-14|   2   |
| 142 |True   |  986  |9.924831e-06|3.225779e-05|1.985120e-12|  22   |
| 145 |True   |  590  |9.205659e-06|2.899259e-05|5.010156e-14|   8   |
| 144 |True   |  774  |9.207273e-06|3.149961e-05|3.770134e-14|  17   |
| 146 |True   |  751  |9.554721e-06|4.014578e-05|4.229206e-14|  16   |
| 129 |True   | 2255  |9.610680e-06|1.977548e-05|3.145798e-10|  74   |
| 143 |True   |  998  |9.543897e-06|2.284733e-05|9.582381e-10|  19   |
| 151 |True   |  580  |9.490773e-06|2.514987e-05|4.049840e-14|   8   |
| 147 |True   |  830  |9.104786e-06|3.414203e-05|1.186769e-13|  18   |
| 148 |True   |  908  |9.177850e-06|4.183208e-05|4.611776e-14|  27   |
| 134 |True   | 2012  |9.242550e-06|3.187693e-05|5.489134e-10|  62   |
| 153 |True   |  542  |9.287557e-06|1.735158e-05|4.970117e-14|   5   |
| 154 |True   |  590  |9.445622e-06|3.711961e-05|5.195037e-14|   8   |
| 156 |True   |  516  |9.763178e-06|2.259371e-05|4.879319e-14|   2   |
| 159 |True   |  417  |9.981158e-06|1.001166e-05|4.421372e-14|   0   |
| 155 |True   |  695  |9.854146e-06|1.598471e-05|8.581855e-10|  14   |
| 149 |True   | 1377  |9.211580e-06|2.459737e-05|5.860506e-10|  45   |
| 152 |True   | 1068  |9.655788e-06|2.631926e-05|5.449112e-14|  25   |
| 157 |True   |  609  |9.957346e-06|2.746326e-05|2.147222e-13|  11   |
| 161 |True   |  468  |9.899099e-06|2.571404e-05|4.494777e-14|   2   |
| 162 |True   |  557  |9.112360e-06|1.222335e-05|5.493680e-10|   6   |
| 164 |True   |  416  |9.420418e-06|9.511240e-06|4.257782e-14|   0   |
| 167 |True   |  388  |9.970080e-06|1.019711e-05|4.518990e-14|   0   |
| 165 |True   |  502  |9.826499e-06|3.436824e-05|4.378586e-14|   5   |
| 168 |True   |  445  |9.513126e-06|9.516028e-06|4.887496e-14|   0   |
| 170 |True   |  406  |9.916644e-06|1.004309e-05|4.446396e-14|   0   |
| 169 |True   |  432  |9.812275e-06|9.815313e-06|4.334723e-14|   0   |
| 172 |True   |  412  |9.366127e-06|9.461434e-06|5.539312e-14|   0   |
| 173 |True   |  405  |9.046714e-06|9.268648e-06|4.498829e-14|   0   |
| 160 |True   | 1177  |9.349124e-06|4.460785e-05|4.157195e-14|  32   |
| 166 |True   |  959  |9.717479e-06|2.556320e-05|4.118637e-14|  20   |
| 176 |True   |  472  |9.762213e-06|2.453653e-05|5.585167e-14|   1   |
| 177 |True   |  457  |9.623319e-06|9.635310e-06|4.425541e-14|   0   |
| 179 |True   |  443  |9.012158e-06|9.024337e-06|5.296036e-14|   0   |
| 171 |True   | 1010  |9.363412e-06|1.516653e-05|3.466641e-10|  28   |
| 178 |True   |  491  |9.214923e-06|1.517277e-05|8.116273e-10|   4   |
| 163 |True   | 1272  |9.634918e-06|2.386291e-05|8.831086e-10|  31   |
| 174 |True   |  755  |9.797984e-06|2.597418e-05|5.100577e-14|  15   |
| 181 |True   |  420  |9.523509e-06|9.605200e-06|4.130635e-14|   0   |
| 175 |True   |  741  |9.923200e-06|3.961260e-05|9.221244e-14|  15   |
| 180 |True   |  626  |9.789662e-06|4.105845e-05|4.363881e-14|   7   |
| 182 |True   |  584  |9.029152e-06|1.894880e-05|4.682971e-14|   8   |
| 183 |True   |  427  |9.870064e-06|9.904071e-06|4.049666e-14|   0   |
| 186 |True   |  505  |9.227634e-06|1.975684e-05|4.576426e-14|   3   |
| 190 |True   |  602  |9.893700e-06|3.861367e-05|4.364859e-14|   5   |
| 185 |True   |  784  |9.242974e-06|1.966933e-05|9.298062e-10|  15   |
| 191 |True   |  693  |9.817556e-06|3.801669e-05|4.221531e-14|  13   |
| 184 |True   | 1138  |9.997283e-06|3.033669e-05|8.377199e-10|  29   |
| 187 |True   | 1096  |9.028600e-06|1.640551e-05|3.512783e-10|  28   |
| 195 |True   |  754  |9.732349e-06|2.221233e-05|3.886464e-14|  12   |
| 192 |True   | 1005  |9.590605e-06|2.610377e-05|6.008263e-13|  24   |
| 189 |True   | 1190  |9.558960e-06|1.782923e-05|5.585048e-10|  26   |
| 158 |True   | 3006  |9.636463e-06|3.634681e-05|2.849510e-10|  116  |
| 199 |True   |  427  |9.607183e-06|9.697242e-06|4.803866e-14|   0   |
| 196 |True   |  749  |9.732079e-06|2.534473e-05|3.747707e-14|  10   |
| 198 |True   |  504  |9.881217e-06|2.212788e-05|6.819271e-10|   4   |
| 188 |True   | 1523  |9.100434e-06|2.385554e-05|7.719130e-10|  40   |
| 197 |True   |  872  |9.999354e-06|2.137655e-05|5.840012e-14|  21   |
| 194 |True   | 1418  |9.587775e-06|5.280500e-05|4.135343e-14|  44   |
| 193 |True   | 2192  |9.006464e-06|3.544112e-05|6.692583e-10|  83   |
