|seed |success|  nit  |    gap     |  tau_sum   |   G_norm   |avoid_n|
|  1  |True   |  437  |9.698437e-06|1.039037e-05|8.527998e-10|   2   |
|  0  |True   |  392  |9.879065e-06|1.003252e-05|1.686858e-13|   0   |
|  7  |True   |  605  |9.144330e-06|1.328013e-05|5.038728e-13|  12   |
|  4  |True   |  824  |9.760209e-06|1.223096e-05|2.478536e-13|  14   |
|  9  |True   | 1262  |9.842583e-06|1.560342e-05|5.755238e-10|  30   |
|  6  |True   | 1218  |9.964899e-06|1.165556e-05|3.340933e-13|  31   |
|  2  |True   | 1383  |9.514770e-06|1.703223e-05|7.402520e-10|  39   |
| 11  |True   | 1361  |9.117104e-06|1.185536e-05|7.406661e-12|  33   |
| 12  |True   | 1609  |9.969147e-06|1.644851e-05|5.847874e-10|  58   |
| 14  |True   |  891  |9.146614e-06|1.810821e-05|9.127707e-10|  18   |
| 13  |True   | 1085  |9.177364e-06|1.509997e-05|6.721881e-10|  17   |
| 15  |True   | 1029  |9.873559e-06|2.225968e-05|3.605281e-13|  31   |
| 17  |True   |  679  |9.784531e-06|1.134636e-05|5.982120e-13|  13   |
| 10  |True   | 1991  |9.223969e-06|1.677881e-05|1.762838e-12|  52   |
|  3  |True   | 2137  |9.817559e-06|2.695177e-05|4.253662e-10|  72   |
|  5  |True   | 2073  |9.086631e-06|1.739556e-05|1.643402e-11|  51   |
| 16  |True   | 1218  |9.317190e-06|2.097625e-05|7.543861e-10|  35   |
|  8  |True   | 2223  |9.147882e-06|1.055314e-05|2.660102e-12|  78   |
| 19  |True   |  987  |9.937338e-06|1.720569e-05|1.195931e-13|  21   |
| 29  |True   |  397  |9.289814e-06|9.503735e-06|1.183640e-12|   0   |
| 28  |True   |  472  |9.976173e-06|1.087413e-05|1.056311e-13|   3   |
| 20  |True   | 1280  |9.042246e-06|2.449661e-05|8.724645e-10|  30   |
| 24  |True   | 1298  |9.915141e-06|1.188576e-05|7.648021e-10|  34   |
| 31  |True   |  618  |9.941167e-06|1.353746e-05|1.235842e-13|   6   |
| 18  |True   | 1924  |9.767476e-06|2.969661e-05|8.796097e-10|  56   |
| 23  |True   | 1562  |9.995896e-06|1.846810e-05|5.801289e-10|  40   |
| 30  |True   | 1130  |9.229270e-06|1.570333e-05|7.682004e-10|  21   |
| 26  |True   | 1439  |9.160966e-06|1.829022e-05|7.083055e-13|  41   |
| 32  |True   |  815  |9.055866e-06|1.272661e-05|9.107769e-10|  14   |
| 22  |True   | 2393  |9.922677e-06|1.057276e-05|3.549430e-12|  74   |
| 27  |True   | 1766  |9.128557e-06|1.307459e-05|1.220891e-12|  40   |
| 25  |True   | 2095  |9.203151e-06|1.194327e-05|5.920010e-13|  62   |
| 37  |True   |  818  |9.081093e-06|1.099422e-05|7.414726e-10|  12   |
| 33  |True   | 1678  |9.379858e-06|1.293060e-05|6.178834e-10|  43   |
| 21  |True   | 3158  |9.844782e-06|1.446861e-05|3.985113e-10|  118  |
| 40  |True   | 1272  |9.103170e-06|1.521730e-05|3.539865e-10|  41   |
| 36  |True   | 1554  |9.700716e-06|1.151404e-05|9.873424e-10|  36   |
| 39  |True   | 1416  |9.628070e-06|1.076169e-05|5.227578e-10|  44   |
| 41  |True   | 1263  |9.225493e-06|1.415114e-05|9.300727e-10|  31   |
| 38  |True   | 1649  |9.107152e-06|1.255084e-05|5.691812e-10|  33   |
| 34  |True   | 2472  |9.385037e-06|1.254736e-05|7.860242e-10|  67   |
| 46  |True   |  949  |9.823127e-06|1.122319e-05|7.591488e-10|  21   |
| 47  |True   |  857  |9.092441e-06|9.950265e-06|6.759616e-10|  19   |
| 48  |True   |  879  |9.997377e-06|1.382892e-05|7.918129e-14|  16   |
| 43  |True   | 1868  |9.612749e-06|1.576678e-05|2.342289e-13|  44   |
| 52  |True   |  847  |9.708987e-06|1.109782e-05|3.528972e-13|  13   |
| 45  |True   | 1708  |9.904166e-06|1.378479e-05|7.479805e-10|  38   |
| 49  |True   | 1087  |9.782398e-06|1.804876e-05|7.346292e-10|  28   |
| 35  |True   | 2937  |9.860502e-06|3.331964e-05|3.102812e-10|  92   |
| 50  |True   | 1271  |9.763239e-06|2.034104e-05|8.787995e-10|  33   |
| 60  |True   |  397  |9.081787e-06|9.537101e-06|1.399604e-13|   0   |
| 53  |True   | 1394  |9.180564e-06|1.944826e-05|5.979124e-10|  33   |
| 61  |True   |  622  |9.467614e-06|1.397974e-05|3.414899e-12|   8   |
| 55  |True   | 1241  |9.297379e-06|1.787064e-05|6.930065e-10|  25   |
| 42  |True   | 3441  |9.795624e-06|1.333687e-05|1.870091e-10|  131  |
| 54  |True   | 2046  |9.121634e-06|1.407625e-05|3.397045e-13|  57   |
| 44  |True   | 3303  |9.644287e-06|1.299008e-05|4.542119e-10|  116  |
| 57  |True   | 1595  |9.290539e-06|2.753522e-05|2.304229e-11|  48   |
| 51  |True   | 2712  |9.794579e-06|1.277645e-05|5.555510e-10|  80   |
| 64  |True   |  973  |9.756145e-06|1.095460e-05|4.440393e-13|  11   |
| 56  |True   | 2172  |9.106719e-06|1.078176e-05|2.249550e-10|  75   |
| 58  |True   | 2133  |9.398026e-06|2.594499e-05|2.860084e-13|  62   |
| 59  |True   | 2324  |9.665034e-06|1.055546e-05|6.172619e-13|  58   |
| 68  |True   |  760  |9.900077e-06|1.051006e-05|8.822876e-10|  15   |
| 66  |True   | 1426  |9.457999e-06|1.874825e-05|4.675821e-10|  53   |
| 69  |True   |  960  |9.525058e-06|1.562004e-05|8.857812e-10|  23   |
| 63  |True   | 2038  |9.965708e-06|1.959855e-05|6.417478e-10|  58   |
| 67  |True   | 1364  |9.717008e-06|1.926194e-05|5.652814e-13|  46   |
| 74  |True   |  411  |9.732198e-06|9.757936e-06|1.746476e-12|   0   |
| 71  |True   | 1201  |9.001525e-06|1.359376e-05|4.778125e-10|  20   |
| 73  |True   | 1078  |9.360873e-06|1.202034e-05|5.426534e-10|  29   |
| 65  |True   | 2327  |9.491141e-06|1.045265e-05|4.292133e-10|  66   |
| 78  |True   |  649  |9.954632e-06|1.621560e-05|9.693553e-14|  12   |
| 76  |True   |  882  |9.452080e-06|2.011755e-05|1.552354e-13|  18   |
| 77  |True   |  879  |9.204755e-06|1.664709e-05|1.664330e-12|  21   |
| 70  |True   | 1732  |9.756704e-06|1.503042e-05|5.014436e-10|  55   |
| 79  |True   |  728  |9.760496e-06|1.467046e-05|1.126533e-13|  12   |
| 72  |True   | 2167  |9.348520e-06|1.239140e-05|4.282339e-10|  70   |
| 87  |True   |  834  |9.932667e-06|1.307147e-05|1.279779e-13|  15   |
| 62  |True   | 3875  |9.447815e-06|2.311917e-05|5.214566e-10|  103  |
| 85  |True   |  821  |9.479239e-06|1.431548e-05|5.432430e-12|  15   |
| 84  |True   | 1074  |9.928339e-06|1.382654e-05|6.807250e-10|  27   |
| 75  |True   | 2303  |9.709671e-06|1.991955e-05|5.482228e-10|  73   |
| 90  |True   |  629  |9.635241e-06|1.304474e-05|1.062855e-13|   5   |
| 86  |True   | 1465  |9.729803e-06|2.741174e-05|7.516202e-10|  42   |
| 82  |True   | 1915  |9.079052e-06|1.486235e-05|4.760478e-10|  48   |
| 81  |True   | 2351  |9.460561e-06|1.478692e-05|2.496300e-10|  88   |
| 80  |True   | 2453  |9.180256e-06|2.904399e-05|2.291571e-13|  84   |
| 95  |True   |  780  |9.004909e-06|1.089902e-05|8.795130e-10|  21   |
| 94  |True   |  873  |9.962084e-06|1.351034e-05|8.535719e-10|  14   |
| 93  |True   | 1240  |9.256451e-06|1.622753e-05|2.669038e-12|  37   |
| 88  |True   | 2250  |9.034353e-06|9.869624e-06|6.592691e-10|  71   |
| 96  |True   | 1223  |9.928616e-06|1.332121e-05|6.101239e-10|  29   |
| 99  |True   | 1009  |9.796369e-06|1.490918e-05|3.463799e-13|  19   |
| 102 |True   |  804  |9.648896e-06|2.222825e-05|6.851278e-14|  20   |
| 101 |True   |  890  |9.901808e-06|1.201080e-05|9.210277e-14|  16   |
| 83  |True   | 3104  |9.442032e-06|1.558874e-05|6.157733e-13|  105  |
| 109 |True   |  491  |9.416439e-06|9.901387e-06|9.769984e-10|   3   |
| 105 |True   |  847  |9.049125e-06|1.070918e-05|5.649044e-10|  14   |
| 107 |True   |  676  |9.302993e-06|9.550402e-06|2.795538e-13|  12   |
| 106 |True   |  802  |9.744224e-06|1.053047e-05|1.614270e-13|  17   |
| 98  |True   | 2755  |9.736009e-06|1.052148e-05|4.929416e-10|  86   |
| 108 |True   | 1484  |9.875563e-06|2.297852e-05|7.478418e-12|  37   |
| 110 |True   |  752  |9.018305e-06|1.337745e-05|2.295162e-13|  15   |
| 104 |True   | 2155  |9.692863e-06|1.036404e-05|7.483739e-13|  55   |
| 112 |True   |  991  |9.697350e-06|1.328565e-05|2.961323e-13|  22   |
| 113 |True   | 1093  |9.879128e-06|1.777245e-05|9.413486e-14|  23   |
| 89  |True   | 4784  |9.162405e-06|9.862954e-06|4.619378e-10|  178  |
| 97  |True   | 3604  |9.480803e-06|1.610451e-05|2.084761e-12|  118  |
| 118 |True   |  631  |9.615127e-06|1.741620e-05|1.059160e-12|  11   |
| 116 |True   |  802  |9.575905e-06|1.274954e-05|7.253749e-10|  15   |
| 103 |True   | 3166  |9.344143e-06|9.911346e-06|3.636263e-10|  95   |
| 114 |True   | 1208  |9.239223e-06|1.411600e-05|8.680791e-14|  33   |
| 91  |True   | 4787  |9.875510e-06|1.001888e-05|4.430160e-10|  147  |
| 115 |True   | 1234  |9.139657e-06|1.581439e-05|1.401394e-12|  37   |
| 122 |True   |  729  |9.981180e-06|1.117322e-05|7.493396e-10|  15   |
| 121 |True   | 1026  |9.000732e-06|1.150837e-05|3.107055e-11|  19   |
| 124 |True   |  735  |9.609200e-06|1.329452e-05|8.338016e-10|  11   |
| 125 |True   |  993  |9.112388e-06|2.956836e-05|2.224806e-11|  31   |
| 119 |True   | 1898  |9.071207e-06|2.022062e-05|7.784337e-10|  62   |
| 117 |True   | 2074  |9.838953e-06|2.294888e-05|6.927064e-10|  64   |
| 126 |True   | 1367  |9.363942e-06|1.077340e-05|5.936672e-10|  33   |
| 100 |True   | 5086  |9.529397e-06|2.364412e-05|6.103931e-10|  140  |
| 133 |True   |  420  |9.976701e-06|1.156769e-05|1.135063e-12|   1   |
| 123 |True   | 1976  |9.591349e-06|1.973977e-05|2.724757e-11|  53   |
| 132 |True   |  618  |9.085647e-06|1.128236e-05|8.294029e-14|  10   |
| 131 |True   |  860  |9.367787e-06|1.335821e-05|7.897825e-10|  22   |
| 127 |True   | 1756  |9.008515e-06|1.077193e-05|4.934074e-10|  49   |
| 130 |True   | 1276  |9.768108e-06|1.351391e-05|2.836470e-13|  30   |
| 128 |True   | 1325  |9.843782e-06|1.266312e-05|9.359643e-14|  24   |
| 129 |True   | 1665  |9.250061e-06|1.853605e-05|7.352408e-10|  50   |
| 92  |True   | 7093  |9.399458e-06|1.456187e-05|6.310560e-12|  206  |
| 120 |True   | 3274  |9.282179e-06|1.955241e-05|9.688345e-10|  82   |
| 139 |True   |  881  |9.777169e-06|1.545983e-05|2.743868e-13|  20   |
| 135 |True   | 1653  |9.830761e-06|1.035945e-05|5.030209e-10|  49   |
| 143 |True   |  991  |9.368641e-06|1.300907e-05|1.239034e-11|  19   |
| 111 |True   | 5420  |9.564819e-06|9.679796e-06|3.630561e-10|  169  |
| 141 |True   | 1402  |9.455592e-06|1.625713e-05|7.327582e-13|  40   |
| 145 |True   |  634  |9.627812e-06|2.022942e-05|7.694456e-13|  13   |
| 140 |True   | 1702  |9.429690e-06|1.070458e-05|4.168477e-10|  57   |
| 146 |True   |  722  |9.026259e-06|1.133656e-05|7.646170e-10|  11   |
| 142 |True   | 1881  |9.558311e-06|1.768534e-05|1.628890e-12|  64   |
| 136 |True   | 2203  |9.770096e-06|1.116937e-05|3.880237e-10|  63   |
| 134 |True   | 2632  |9.777553e-06|1.797562e-05|2.592060e-13|  86   |
| 138 |True   | 2070  |9.193895e-06|1.129138e-05|1.707049e-13|  50   |
| 149 |True   |  773  |9.475516e-06|1.688606e-05|1.603819e-12|  13   |
| 154 |True   |  702  |9.534981e-06|1.404018e-05|9.425003e-10|  13   |
| 137 |True   | 2819  |9.849354e-06|1.132778e-05|3.961302e-10|  77   |
| 153 |True   |  994  |9.570130e-06|1.996315e-05|8.223687e-10|  27   |
| 148 |True   | 1419  |9.539610e-06|1.837342e-05|1.054697e-11|  34   |
| 150 |True   | 1368  |9.312900e-06|1.267428e-05|6.090149e-10|  36   |
| 152 |True   | 1192  |9.930862e-06|1.686737e-05|2.632327e-13|  32   |
| 155 |True   | 1116  |9.173418e-06|1.064773e-05|6.166299e-13|  20   |
| 164 |True   |  554  |9.308603e-06|1.168618e-05|8.842638e-13|   5   |
| 157 |True   | 1557  |9.919265e-06|1.334357e-05|7.076995e-13|  39   |
| 161 |True   | 1011  |9.623011e-06|2.002109e-05|6.657694e-12|  26   |
| 159 |True   | 1288  |9.109519e-06|1.295376e-05|8.633870e-10|  38   |
| 160 |True   | 1300  |9.802709e-06|1.119349e-05|1.070704e-13|  21   |
| 156 |True   | 2127  |9.936428e-06|1.686970e-05|3.998126e-10|  67   |
| 168 |True   |  611  |9.236722e-06|1.666323e-05|9.865268e-10|  13   |
| 166 |True   | 1037  |9.368364e-06|1.050987e-05|4.247908e-10|  26   |
| 162 |True   | 2361  |9.197707e-06|1.150439e-05|6.624068e-10|  63   |
| 173 |True   |  681  |9.779553e-06|1.415446e-05|9.230813e-10|  15   |
| 170 |True   | 1187  |9.015729e-06|1.907721e-05|5.661788e-10|  35   |
| 171 |True   | 1343  |9.260769e-06|1.080305e-05|1.627683e-13|  35   |
| 174 |True   |  573  |9.951885e-06|1.437978e-05|2.286917e-13|   6   |
| 165 |True   | 2778  |9.080418e-06|1.450299e-05|2.716076e-10|  79   |
| 167 |True   | 2313  |9.776506e-06|1.370668e-05|2.617899e-13|  67   |
| 151 |True   | 4554  |9.556137e-06|1.199015e-05|1.973645e-12|  145  |
| 163 |True   | 3256  |9.761915e-06|1.657134e-05|4.022438e-10|  112  |
| 176 |True   |  912  |9.999790e-06|1.503142e-05|9.425904e-10|  24   |
| 179 |True   |  450  |9.921238e-06|1.010112e-05|1.065023e-12|   0   |
| 178 |True   |  713  |9.600411e-06|1.726431e-05|7.369224e-13|  10   |
| 172 |True   | 2061  |9.195297e-06|1.292235e-05|5.530064e-10|  56   |
| 169 |True   | 2658  |9.931059e-06|1.879298e-05|5.984073e-10|  83   |
| 144 |True   | 6770  |9.427735e-06|1.823805e-05|3.638699e-10|  253  |
| 158 |True   | 5143  |9.478565e-06|1.490675e-05|2.379276e-10|  193  |
| 183 |True   |  858  |9.761084e-06|1.703618e-05|7.331305e-10|  23   |
| 181 |True   | 1319  |9.940530e-06|1.673990e-05|7.393558e-10|  35   |
| 177 |True   | 1932  |9.061287e-06|1.470754e-05|6.730878e-10|  53   |
| 184 |True   | 1103  |9.089721e-06|1.849214e-05|6.838726e-10|  28   |
| 180 |True   | 1865  |9.272650e-06|1.217877e-05|2.500232e-12|  69   |
| 188 |True   |  672  |9.869401e-06|1.302058e-05|8.728953e-10|  11   |
| 175 |True   | 2603  |9.264323e-06|1.628962e-05|1.209483e-11|  81   |
| 186 |True   | 1303  |9.341840e-06|1.578161e-05|6.679220e-10|  20   |
| 192 |True   |  723  |9.451107e-06|1.406314e-05|1.238958e-13|  12   |
| 187 |True   | 1605  |9.166592e-06|1.389348e-05|9.170325e-10|  33   |
| 190 |True   | 1218  |9.044420e-06|2.023429e-05|9.260152e-10|  34   |
| 147 |True   | 7500  |9.674507e-06|1.245933e-05|7.130425e-10|  245  |
| 195 |True   |  883  |9.475327e-06|1.082424e-05|3.063743e-13|  14   |
| 182 |True   | 2618  |9.922500e-06|1.275012e-05|1.126782e-11|  76   |
| 185 |True   | 2553  |9.002875e-06|4.433186e-05|1.157107e-12|  88   |
| 199 |True   |  791  |9.072097e-06|1.083749e-05|6.222325e-10|  16   |
| 191 |True   | 1735  |9.690524e-06|1.744611e-05|4.791439e-13|  53   |
| 193 |True   | 1842  |9.989016e-06|2.018277e-05|1.521763e-13|  55   |
| 198 |True   | 1125  |9.863176e-06|1.522952e-05|4.876400e-10|  31   |
| 194 |True   | 1655  |9.722630e-06|1.619205e-05|2.575606e-12|  33   |
| 196 |True   | 2209  |9.317918e-06|1.648153e-05|1.434689e-13|  75   |
| 197 |True   | 2300  |9.945040e-06|1.742503e-05|3.003049e-10|  67   |
| 189 |True   | 5445  |9.715088e-06|5.674647e-05|2.965740e-10|  188  |
