|seed |success|  nit  |    gap     |  tau_sum   |   G_norm   |avoid_n|
|  9  |True   |  659  |9.201009e-06|1.442571e-05|7.518590e-14|   7   |
|  1  |True   | 1115  |9.055874e-06|2.130605e-05|1.607989e-12|  22   |
| 10  |True   | 1615  |9.289144e-06|2.391084e-05|6.173102e-14|  41   |
| 12  |True   | 2807  |9.591552e-06|3.618496e-05|5.236901e-10|  105  |
|  7  |True   | 2676  |9.807226e-06|1.787917e-05|5.172989e-10|  80   |
|  0  |True   | 3256  |9.904925e-06|2.173333e-05|3.761134e-10|  117  |
| 13  |True   | 2568  |9.727439e-06|2.538623e-05|5.307162e-10|  70   |
| 15  |True   | 2462  |9.272753e-06|1.311931e-05|4.263559e-13|  55   |
| 11  |True   | 5207  |9.802452e-06|2.462311e-05|7.037937e-11|  144  |
| 14  |True   | 4539  |9.192767e-06|1.512857e-05|4.359594e-10|  135  |
| 19  |True   | 2062  |9.181371e-06|3.532593e-05|8.138852e-13|  58   |
|  6  |True   | 5993  |9.934676e-06|2.362014e-05|6.889910e-12|  210  |
|  5  |True   | 5662  |9.428669e-06|1.644762e-05|2.616589e-12|  155  |
|  2  |True   | 6359  |9.375157e-06|4.922674e-05|5.978589e-14|  196  |
| 21  |True   | 1065  |9.519773e-06|1.901694e-05|1.846420e-14|  25   |
| 16  |True   | 3731  |9.710871e-06|2.517329e-05|4.407387e-12|  118  |
| 26  |True   |  853  |9.723042e-06|1.123814e-05|2.380085e-14|  11   |
| 24  |True   | 2475  |9.023250e-06|9.163529e-06|2.615777e-13|  81   |
|  8  |True   | 9661  |9.491838e-06|3.045356e-05|4.106046e-10|  283  |
| 28  |True   | 3023  |9.064541e-06|2.266912e-05|2.334921e-14|  87   |
|  4  |True   | 10453 |9.058833e-06|3.534696e-05|7.752520e-10|  320  |
| 23  |True   | 4692  |9.169078e-06|4.881185e-05|2.918568e-12|  132  |
| 17  |True   | 7946  |9.519440e-06|1.750806e-05|2.072250e-12|  216  |
| 27  |True   | 4988  |9.788520e-06|1.583484e-05|7.713208e-10|  119  |
| 22  |True   | 6191  |9.236272e-06|2.359354e-05|5.465402e-12|  180  |
| 20  |True   | 8428  |9.859040e-06|2.049559e-05|3.250790e-12|  265  |
| 31  |True   | 3627  |9.105536e-06|2.771915e-05|1.579694e-13|  101  |
| 36  |True   | 1862  |9.257969e-06|1.942220e-05|2.881791e-14|  50   |
| 34  |True   | 2811  |9.495344e-06|1.541784e-05|5.800216e-10|  84   |
| 25  |True   | 7905  |9.829605e-06|4.591805e-05|2.481942e-12|  248  |
| 37  |True   | 2105  |9.007992e-06|2.618777e-05|9.665336e-10|  64   |
| 18  |True   | 11096 |9.645228e-06|2.252637e-05|6.292615e-12|  350  |
| 35  |True   | 3619  |9.058115e-06|1.238828e-05|3.625880e-10|  95   |
| 33  |True   | 4887  |9.334220e-06|4.738582e-05|1.621617e-13|  146  |
| 38  |True   | 2407  |9.329479e-06|1.557592e-05|6.492778e-10|  78   |
| 30  |True   | 6525  |9.361379e-06|4.731273e-05|1.177145e-11|  196  |
| 32  |True   | 5870  |9.101824e-06|1.360610e-05|4.156043e-10|  180  |
| 40  |True   | 2983  |9.100393e-06|3.970436e-05|2.705223e-13|  119  |
| 47  |True   | 1959  |9.944237e-06|2.139771e-05|1.608458e-13|  47   |
|  3  |True   | 17222 |9.228366e-06|1.655766e-05|3.782788e-11|  475  |
| 49  |True   |  950  |9.036449e-06|2.148363e-05|1.016168e-12|  12   |
| 43  |True   | 3629  |9.937201e-06|4.092049e-05|1.191050e-15|  87   |
| 46  |True   | 2805  |9.236584e-06|2.135889e-05|8.131893e-14|  76   |
| 54  |True   |  630  |9.358167e-06|3.135803e-05|4.470746e-14|   4   |
| 39  |True   | 6634  |9.667089e-06|4.210824e-05|2.304291e-13|  173  |
| 29  |True   | 12829 |9.389471e-06|5.232877e-05|5.324089e-12|  384  |
| 53  |True   | 3323  |9.671656e-06|1.924048e-05|7.298638e-10|  90   |
| 52  |True   | 4204  |9.061492e-06|3.491284e-05|6.437030e-12|  114  |
| 51  |True   | 4961  |9.326246e-06|2.603823e-05|2.904916e-13|  142  |
| 45  |True   | 7728  |9.900807e-06|3.432597e-05|2.251105e-12|  231  |
| 56  |True   | 4229  |9.613757e-06|1.885546e-05|8.173180e-10|  133  |
| 48  |True   | 7037  |9.532294e-06|4.843516e-05|3.947756e-12|  204  |
| 57  |True   | 2154  |9.665201e-06|1.754716e-05|6.127474e-10|  63   |
| 50  |True   | 6861  |9.072635e-06|3.755064e-05|4.712307e-11|  187  |
| 41  |True   | 10236 |9.690925e-06|2.716696e-05|4.253889e-11|  232  |
| 61  |True   | 2721  |9.994073e-06|4.812588e-05|3.691323e-14|  80   |
| 42  |True   | 10555 |9.886076e-06|1.245600e-04|3.176119e-13|  287  |
| 55  |True   | 7255  |9.873375e-06|2.531046e-05|8.735526e-10|  228  |
| 60  |True   | 3707  |9.624327e-06|2.850665e-05|7.504561e-10|  107  |
| 65  |True   | 2096  |9.488378e-06|2.352825e-05|6.315007e-14|  63   |
| 64  |True   | 2539  |9.999647e-06|4.694985e-05|1.724417e-14|  67   |
| 63  |True   | 3694  |9.522339e-06|3.755125e-05|3.508157e-14|  101  |
| 67  |True   | 2936  |9.442710e-06|1.969797e-05|2.505029e-12|  76   |
| 59  |True   | 5378  |9.824220e-06|5.558311e-05|1.301222e-12|  172  |
| 44  |True   | 11929 |9.397395e-06|4.667162e-05|4.427099e-11|  381  |
| 73  |True   | 1968  |9.607586e-06|1.373749e-05|8.757345e-11|  45   |
| 76  |True   | 1415  |9.420018e-06|2.069353e-05|3.546603e-13|  32   |
| 74  |True   | 2352  |9.491196e-06|1.896101e-05|7.620042e-10|  64   |
| 77  |True   | 1766  |9.658273e-06|3.123674e-05|1.435894e-13|  49   |
| 75  |True   | 2509  |9.928442e-06|3.093774e-05|2.200662e-12|  70   |
| 69  |True   | 4430  |9.249965e-06|1.991200e-05|4.707642e-11|  109  |
| 78  |True   | 1732  |9.059548e-06|2.874122e-05|3.423582e-14|  44   |
| 70  |True   | 4755  |9.241079e-06|2.871461e-05|3.247103e-12|  138  |
| 80  |True   |  841  |9.922217e-06|2.424285e-05|1.347488e-14|  15   |
| 68  |True   | 5077  |9.776393e-06|1.524148e-05|6.579649e-13|  130  |
| 82  |True   | 1126  |9.570195e-06|4.321098e-05|2.770272e-13|  29   |
| 71  |True   | 5917  |9.025499e-06|2.244259e-05|5.688211e-11|  184  |
| 66  |True   | 7792  |9.999797e-06|3.053551e-05|1.760382e-13|  219  |
| 81  |True   | 2356  |9.351712e-06|3.013840e-05|6.021550e-14|  68   |
| 62  |True   | 10053 |9.578747e-06|3.016731e-05|9.381676e-10|  343  |
| 83  |True   | 2611  |9.521866e-06|2.887852e-05|4.876086e-13|  64   |
| 86  |True   | 2781  |9.236046e-06|2.440953e-05|2.218944e-12|  73   |
| 91  |True   | 1189  |9.460569e-06|1.057197e-05|6.620621e-14|  23   |
| 94  |True   |  705  |9.775794e-06|1.844353e-05|1.402203e-14|   5   |
| 85  |True   | 4188  |9.403521e-06|3.029294e-05|2.573829e-10|  117  |
| 79  |True   | 5085  |9.610146e-06|3.747179e-05|6.904510e-10|  144  |
| 92  |True   | 1727  |9.311474e-06|2.969947e-05|3.140962e-11|  49   |
| 89  |True   | 3427  |9.835007e-06|3.938796e-05|1.752170e-12|  87   |
| 84  |True   | 4681  |9.872150e-06|1.184437e-05|9.371664e-10|  126  |
| 96  |True   | 1051  |9.450702e-06|1.484405e-05|5.252182e-13|  21   |
| 90  |True   | 3834  |9.470920e-06|1.223635e-05|2.261242e-12|  101  |
| 99  |True   | 1374  |9.984717e-06|1.618782e-05|1.773651e-13|  28   |
| 88  |True   | 5310  |9.785558e-06|4.526285e-05|4.124929e-13|  211  |
| 95  |True   | 2963  |9.079316e-06|1.288411e-05|5.903498e-10|  90   |
| 97  |True   | 5171  |9.332543e-06|2.685003e-05|2.846653e-11|  151  |
| 93  |True   | 7055  |9.303316e-06|2.661910e-05|8.812705e-10|  202  |
| 98  |True   | 5259  |9.377063e-06|2.855581e-05|8.746177e-10|  149  |
| 72  |True   | 15630 |9.324693e-06|5.751329e-05|3.303765e-11|  458  |
| 58  |True   | 25431 |9.212610e-06|2.456322e-05|4.627705e-11|  718  |
| 87  |True   | 25100 |9.534780e-06|3.079128e-05|2.452468e-11|  749  |
| 100 |True   |  702  |9.871121e-06|1.941332e-05|9.940555e-10|  12   |
| 102 |True   | 1503  |9.904914e-06|3.136407e-05|1.814611e-14|  38   |
| 106 |True   | 1744  |9.697083e-06|3.972015e-05|3.240528e-12|  55   |
| 105 |True   | 3579  |9.420733e-06|2.301328e-05|5.129576e-12|  91   |
| 107 |True   | 3720  |9.307935e-06|3.449659e-05|8.522479e-10|  108  |
| 110 |True   | 2199  |9.229460e-06|2.758775e-05|3.082253e-13|  56   |
| 101 |True   | 6584  |9.377622e-06|2.480594e-05|1.000461e-13|  223  |
| 112 |True   | 2208  |9.041615e-06|1.402957e-05|4.623959e-10|  63   |
| 111 |True   | 3191  |9.741887e-06|2.621728e-05|4.382600e-13|  100  |
| 108 |True   | 6722  |9.182072e-06|2.220385e-05|1.472084e-13|  196  |
| 103 |True   | 8126  |9.320327e-06|2.922304e-05|8.140616e-10|  268  |
| 104 |True   | 8601  |9.003336e-06|3.989151e-05|1.314692e-11|  250  |
| 113 |True   | 4876  |9.873715e-06|1.189775e-05|3.395735e-10|  162  |
| 116 |True   | 3313  |9.190441e-06|1.416297e-05|6.629602e-10|  95   |
| 114 |True   | 5197  |9.511717e-06|1.404156e-05|7.672193e-13|  130  |
| 121 |True   | 2684  |9.310608e-06|1.776067e-05|3.404957e-13|  66   |
| 119 |True   | 3702  |9.449380e-06|2.783488e-05|7.535739e-10|  128  |
| 125 |True   |  827  |9.442595e-06|1.741913e-05|2.589228e-14|   9   |
| 118 |True   | 5116  |9.534188e-06|4.127680e-05|1.815177e-13|  164  |
| 120 |True   | 4291  |9.340344e-06|2.853297e-05|8.682595e-12|  114  |
| 117 |True   | 5722  |9.145636e-06|5.362576e-05|8.884933e-12|  192  |
| 127 |True   | 2237  |9.113674e-06|2.193515e-05|2.884255e-14|  58   |
| 115 |True   | 7079  |9.695723e-06|5.542222e-05|1.239045e-12|  235  |
| 122 |True   | 5149  |9.437423e-06|1.010960e-05|6.544822e-10|  157  |
| 130 |True   | 2112  |9.179139e-06|2.611001e-05|7.286940e-10|  60   |
| 128 |True   | 3288  |9.571924e-06|1.349033e-05|3.382304e-10|  92   |
| 124 |True   | 4589  |9.740085e-06|1.953004e-05|1.322321e-13|  142  |
| 134 |True   | 2431  |9.562042e-06|1.567193e-05|3.458666e-14|  66   |
| 133 |True   | 2596  |9.827602e-06|2.945353e-05|4.572070e-13|  76   |
| 126 |True   | 5584  |9.111319e-06|2.641291e-05|1.253628e-12|  174  |
| 136 |True   | 1957  |9.882714e-06|2.110059e-05|2.340872e-12|  54   |
| 109 |True   | 14339 |9.784197e-06|3.725159e-05|2.491646e-11|  440  |
| 135 |True   | 2757  |9.863518e-06|3.748699e-05|1.655651e-13|  82   |
| 140 |True   | 2414  |9.144220e-06|3.268935e-05|7.329729e-13|  63   |
| 138 |True   | 3439  |9.703245e-06|1.377795e-05|1.365093e-13|  90   |
| 123 |True   | 8774  |9.059917e-06|2.105014e-05|4.045384e-12|  271  |
| 131 |True   | 6453  |9.824160e-06|4.031614e-05|2.391080e-12|  190  |
| 141 |True   | 2973  |9.422092e-06|1.458856e-05|1.038223e-13|  77   |
| 146 |True   | 1203  |9.585136e-06|3.272199e-05|9.474525e-10|  27   |
| 137 |True   | 5725  |9.576584e-06|2.032742e-05|2.720699e-12|  202  |
| 144 |True   | 4709  |9.870250e-06|3.011641e-05|2.483857e-12|  129  |
| 145 |True   | 3130  |9.485345e-06|2.478378e-05|1.957030e-11|  82   |
| 148 |True   | 2620  |9.041511e-06|4.930208e-05|7.974599e-13|  76   |
| 142 |True   | 5307  |9.455838e-06|2.204575e-05|3.981351e-12|  173  |
| 154 |True   | 1906  |9.230713e-06|2.297421e-05|5.451030e-10|  56   |
| 157 |True   |  689  |9.815179e-06|1.073808e-05|9.284764e-10|   7   |
| 151 |True   | 2978  |9.383623e-06|4.936975e-05|2.226928e-13|  86   |
| 152 |True   | 2955  |9.343813e-06|1.144090e-05|3.024329e-10|  72   |
| 159 |True   | 1285  |9.889961e-06|3.444637e-05|7.286227e-13|  40   |
| 155 |True   | 5102  |9.279572e-06|3.393606e-05|4.256126e-11|  146  |
| 149 |True   | 5446  |9.326402e-06|3.762085e-05|4.365938e-11|  201  |
| 158 |True   | 2610  |9.300298e-06|4.268558e-05|2.638338e-14|  77   |
| 160 |True   | 4135  |9.946034e-06|3.456547e-05|1.085235e-12|  120  |
| 162 |True   | 3075  |9.385591e-06|3.357593e-05|7.294824e-10|  106  |
| 143 |True   | 8222  |9.712987e-06|4.986579e-05|3.094534e-12|  276  |
| 153 |True   | 8748  |9.651760e-06|2.071910e-05|9.424687e-10|  285  |
| 139 |True   | 9149  |9.039390e-06|1.328693e-05|5.078588e-12|  299  |
| 163 |True   | 3646  |9.009246e-06|3.633102e-05|1.979904e-13|  101  |
| 168 |True   |  950  |9.716393e-06|2.067927e-05|8.456068e-10|  15   |
| 150 |True   | 9297  |9.004635e-06|9.164804e-06|6.079340e-10|  283  |
| 129 |True   | 11335 |9.691545e-06|3.466740e-05|1.011974e-11|  362  |
| 171 |True   | 2194  |9.359970e-06|2.007447e-05|3.398020e-14|  59   |
| 161 |True   | 7915  |9.082521e-06|6.034793e-05|8.285973e-10|  259  |
| 147 |True   | 12609 |9.706297e-06|2.170764e-05|9.391978e-10|  443  |
| 165 |True   | 5333  |9.236457e-06|1.929919e-05|4.811902e-14|  126  |
| 167 |True   | 5693  |9.027562e-06|3.713909e-05|2.447133e-13|  195  |
| 172 |True   | 3800  |9.287758e-06|2.648963e-05|1.043042e-13|  107  |
| 176 |True   | 2240  |9.416868e-06|2.230116e-05|9.668262e-14|  63   |
| 164 |True   | 9155  |9.700124e-06|4.105253e-05|3.299155e-12|  283  |
| 173 |True   | 4851  |9.913580e-06|3.467541e-05|8.178191e-10|  151  |
| 177 |True   | 2506  |9.237247e-06|2.860750e-05|5.115192e-14|  66   |
| 175 |True   | 4019  |9.646746e-06|2.775682e-05|1.024155e-11|  100  |
| 166 |True   | 8749  |9.802192e-06|1.603079e-05|6.453883e-10|  283  |
| 179 |True   | 2433  |9.973466e-06|3.800861e-05|9.442545e-10|  60   |
| 174 |True   | 4790  |9.836080e-06|3.124837e-05|9.797766e-10|  156  |
| 180 |True   | 2448  |9.290117e-06|3.048757e-05|9.286275e-14|  76   |
| 170 |True   | 8980  |9.153324e-06|1.919687e-05|7.740152e-12|  299  |
| 188 |True   | 1208  |9.759600e-06|2.898950e-05|5.077283e-14|  24   |
| 181 |True   | 3662  |9.757865e-06|7.846176e-05|1.279175e-13|  119  |
| 178 |True   | 5392  |9.423204e-06|3.147810e-05|2.116706e-12|  180  |
| 182 |True   | 3935  |9.554245e-06|2.527665e-05|5.731225e-10|  112  |
| 185 |True   | 4158  |9.076826e-06|3.159615e-05|4.378173e-10|  130  |
| 189 |True   | 3933  |9.415391e-06|2.633122e-05|2.168203e-12|  121  |
| 183 |True   | 5616  |9.745369e-06|2.576997e-05|3.753954e-10|  162  |
| 169 |True   | 13370 |9.262512e-06|1.439208e-05|2.701954e-11|  404  |
| 187 |True   | 5364  |9.252984e-06|1.528408e-05|4.928756e-10|  172  |
| 192 |True   | 4334  |9.773125e-06|1.124719e-05|3.857352e-11|  143  |
| 132 |True   | 24475 |9.031095e-06|3.337415e-05|3.601774e-11|  735  |
| 197 |True   | 1874  |9.939415e-06|2.206041e-05|1.365957e-12|  46   |
| 196 |True   | 1912  |9.413591e-06|1.882836e-05|7.453300e-10|  58   |
| 190 |True   | 5885  |9.305794e-06|2.324074e-05|2.834535e-12|  206  |
| 193 |True   | 4715  |9.124729e-06|1.243474e-05|2.375556e-12|  142  |
| 198 |True   | 3239  |9.212274e-06|2.936620e-05|1.541253e-14|  98   |
| 199 |True   | 2452  |9.084414e-06|2.720513e-05|9.995451e-13|  53   |
| 195 |True   | 5663  |9.815024e-06|1.271783e-05|1.453843e-11|  145  |
| 191 |True   | 8898  |9.492059e-06|2.136580e-05|2.382519e-12|  267  |
| 194 |True   | 7188  |9.392151e-06|2.993818e-05|1.611150e-10|  222  |
| 184 |True   | 12160 |9.312665e-06|4.999753e-05|4.043368e-11|  334  |
| 186 |True   | 16316 |9.659779e-06|6.456406e-05|2.225924e-11|  463  |
| 156 |True   | 47970 |9.823230e-06|1.985191e-05|8.122257e-10| 1163  |
