|seed |success|  nit  |    gap     |  tau_sum   |   G_norm   |avoid_n|
|  3  |True   |  338  |9.505808e-06|1.497875e-05|7.068339e-10|   0   |
|  0  |True   |  350  |9.764127e-06|1.118877e-05|9.150378e-10|   0   |
|  8  |True   |  355  |9.569627e-06|9.982597e-06|8.999498e-10|   0   |
| 11  |True   |  367  |9.448727e-06|1.027058e-05|6.530067e-10|   0   |
|  7  |True   |  379  |9.721775e-06|1.022768e-05|8.910570e-10|   0   |
|  6  |True   |  382  |9.166430e-06|9.501086e-06|6.055956e-14|   0   |
|  5  |True   |  366  |9.467422e-06|1.005636e-05|5.686222e-14|   0   |
|  2  |True   |  389  |9.867402e-06|1.031738e-05|9.990234e-10|   0   |
|  9  |True   |  392  |9.149131e-06|9.266558e-06|7.817840e-10|   0   |
|  1  |True   |  422  |9.030075e-06|9.253318e-06|7.619507e-10|   0   |
| 10  |True   |  388  |9.329246e-06|9.459761e-06|7.891462e-10|   0   |
| 12  |True   |  408  |9.002499e-06|9.054788e-06|9.894181e-10|   0   |
|  4  |True   |  475  |9.764346e-06|9.780303e-06|9.816428e-10|   0   |
| 13  |True   |  333  |9.241744e-06|1.664291e-05|5.287668e-10|   0   |
| 17  |True   |  351  |9.512934e-06|1.265993e-05|7.123872e-10|   0   |
| 16  |True   |  349  |9.105449e-06|1.032057e-05|5.659294e-10|   0   |
| 15  |True   |  374  |9.520326e-06|1.051507e-05|9.820261e-10|   0   |
| 19  |True   |  347  |9.044535e-06|1.099419e-05|7.640847e-10|   0   |
| 18  |True   |  356  |9.161579e-06|9.305049e-06|9.069375e-10|   0   |
| 24  |True   |  356  |9.623742e-06|1.027129e-05|7.962687e-10|   0   |
| 14  |True   |  415  |9.179116e-06|9.214584e-06|8.767770e-10|   0   |
| 21  |True   |  401  |9.426850e-06|9.671891e-06|5.329605e-14|   0   |
| 20  |True   |  386  |9.941642e-06|1.024482e-05|8.490166e-10|   0   |
| 22  |True   |  383  |9.675057e-06|9.956457e-06|8.053283e-10|   0   |
| 25  |True   |  344  |9.830508e-06|1.213287e-05|8.538818e-10|   0   |
| 26  |True   |  348  |9.446327e-06|1.097334e-05|9.907021e-10|   0   |
| 23  |True   |  410  |9.243168e-06|9.256546e-06|8.766155e-10|   0   |
| 27  |True   |  352  |9.572408e-06|1.057172e-05|6.906200e-10|   0   |
| 28  |True   |  347  |9.905076e-06|1.084185e-05|2.099372e-10|   0   |
| 29  |True   |  348  |9.548540e-06|1.114926e-05|7.776306e-10|   0   |
| 30  |True   |  366  |9.537515e-06|9.865459e-06|8.164917e-10|   0   |
| 35  |True   |  356  |9.362337e-06|1.000995e-05|6.892021e-10|   0   |
| 32  |True   |  367  |9.400052e-06|9.776205e-06|9.380136e-10|   0   |
| 34  |True   |  358  |9.782790e-06|1.029274e-05|2.816011e-10|   0   |
| 31  |True   |  391  |9.382226e-06|9.712404e-06|6.580805e-14|   0   |
| 36  |True   |  378  |9.810123e-06|1.030811e-05|9.174949e-10|   0   |
| 38  |True   |  347  |9.765045e-06|1.229389e-05|9.708198e-10|   0   |
| 37  |True   |  350  |9.795925e-06|1.151002e-05|6.984053e-10|   0   |
| 39  |True   |  340  |9.744842e-06|1.348110e-05|7.135183e-10|   0   |
| 33  |True   |  390  |9.998082e-06|1.009884e-05|1.554980e-13|   0   |
| 40  |True   |  359  |9.462329e-06|1.164129e-05|7.288758e-10|   0   |
| 41  |True   |  365  |9.298111e-06|9.663443e-06|9.883753e-10|   0   |
| 44  |True   |  351  |9.610286e-06|1.095248e-05|5.719475e-10|   0   |
| 42  |True   |  358  |9.299133e-06|1.012055e-05|5.934579e-10|   0   |
| 46  |True   |  348  |9.271966e-06|1.114293e-05|7.415481e-10|   0   |
| 43  |True   |  367  |9.400994e-06|9.609025e-06|9.903151e-10|   0   |
| 49  |True   |  340  |9.732641e-06|1.497867e-05|8.651029e-10|   0   |
| 45  |True   |  356  |9.371020e-06|1.063375e-05|9.993670e-10|   0   |
| 50  |True   |  368  |9.920493e-06|1.035171e-05|7.852769e-10|   0   |
| 48  |True   |  360  |9.121960e-06|9.193069e-06|6.544369e-10|   0   |
| 47  |True   |  397  |9.170576e-06|9.469285e-06|5.962865e-14|   0   |
| 51  |True   |  373  |9.139664e-06|9.505819e-06|7.978342e-10|   0   |
| 52  |True   |  372  |9.651329e-06|9.798352e-06|6.156783e-14|   0   |
| 53  |True   |  356  |9.269145e-06|1.016695e-05|8.339219e-10|   0   |
| 58  |True   |  341  |9.612338e-06|1.348078e-05|7.436210e-10|   0   |
| 57  |True   |  342  |9.608136e-06|1.348091e-05|8.232369e-10|   0   |
| 61  |True   |  378  |9.266823e-06|1.204438e-05|4.935334e-10|   0   |
| 56  |True   |  367  |9.987099e-06|1.055032e-05|8.426983e-10|   0   |
| 54  |True   |  391  |9.263877e-06|9.513527e-06|9.678859e-10|   0   |
| 60  |True   |  366  |9.469832e-06|9.681122e-06|5.721029e-14|   0   |
| 55  |True   |  382  |9.538647e-06|9.629254e-06|6.080151e-14|   0   |
| 59  |True   |  490  |9.175852e-06|1.591188e-05|6.969731e-10|   3   |
| 62  |True   |  370  |9.205602e-06|9.364459e-06|8.676320e-10|   0   |
| 64  |True   |  351  |9.970953e-06|1.205889e-05|8.891627e-10|   0   |
| 65  |True   |  349  |9.452829e-06|1.110038e-05|9.295787e-10|   0   |
| 66  |True   |  356  |9.221925e-06|1.004261e-05|7.219360e-10|   0   |
| 63  |True   |  581  |9.987140e-06|2.762656e-05|3.820818e-10|  10   |
| 67  |True   |  354  |9.371890e-06|9.721032e-06|7.460100e-10|   0   |
| 71  |True   |  364  |9.948603e-06|1.112767e-05|8.672436e-10|   0   |
| 70  |True   |  342  |9.428440e-06|1.213280e-05|7.060085e-10|   0   |
| 69  |True   |  372  |9.424033e-06|1.203064e-05|9.999015e-10|   0   |
| 68  |True   |  437  |9.560759e-06|1.666139e-05|8.484370e-10|   2   |
| 75  |True   |  341  |9.540423e-06|1.348078e-05|7.332979e-10|   0   |
| 72  |True   |  359  |9.761148e-06|1.071148e-05|5.193919e-14|   0   |
| 73  |True   |  419  |9.957478e-06|1.826850e-05|6.558955e-10|   3   |
| 77  |True   |  354  |9.108493e-06|9.642793e-06|7.988631e-10|   0   |
| 78  |True   |  360  |9.040576e-06|9.735034e-06|9.078682e-10|   0   |
| 76  |True   |  397  |9.037537e-06|9.554910e-06|4.508800e-10|   0   |
| 74  |True   |  516  |9.659592e-06|1.846390e-05|8.723818e-10|   6   |
| 79  |True   |  371  |9.076716e-06|1.075279e-05|6.762017e-10|   0   |
| 82  |True   |  344  |9.737863e-06|1.213274e-05|8.267130e-10|   0   |
| 83  |True   |  353  |9.090797e-06|1.077899e-05|6.507417e-10|   0   |
| 81  |True   |  360  |9.981908e-06|1.058672e-05|8.948482e-10|   0   |
| 80  |True   |  365  |9.129557e-06|9.262026e-06|9.062149e-10|   0   |
| 87  |True   |  346  |9.090359e-06|1.233306e-05|8.907217e-10|   0   |
| 85  |True   |  360  |9.660061e-06|1.061021e-05|9.632358e-10|   0   |
| 89  |True   |  325  |9.382846e-06|2.282976e-05|4.017538e-10|   0   |
| 86  |True   |  363  |9.744916e-06|1.007566e-05|7.922053e-10|   0   |
| 90  |True   |  344  |9.427640e-06|1.213276e-05|8.456110e-10|   0   |
| 84  |True   |  372  |9.809997e-06|1.010693e-05|6.732392e-14|   0   |
| 88  |True   |  398  |9.596763e-06|1.006961e-05|8.296328e-10|   0   |
| 91  |True   |  365  |9.709410e-06|9.866106e-06|1.661389e-13|   0   |
| 95  |True   |  344  |9.926405e-06|1.213281e-05|8.998771e-10|   0   |
| 93  |True   |  344  |9.193533e-06|1.091946e-05|7.244360e-10|   0   |
| 94  |True   |  345  |9.899967e-06|1.107459e-05|6.329423e-10|   0   |
| 96  |True   |  357  |9.898573e-06|1.089299e-05|9.795427e-10|   0   |
| 97  |True   |  344  |9.781789e-06|1.213275e-05|8.458199e-10|   0   |
| 99  |True   |  391  |9.833892e-06|1.170792e-05|7.023991e-10|   0   |
| 92  |True   |  425  |9.259893e-06|9.261489e-06|5.290619e-10|   0   |
| 102 |True   |  351  |9.143010e-06|1.135898e-05|5.454566e-14|   0   |
| 100 |True   |  363  |9.070406e-06|9.651682e-06|9.627911e-10|   0   |
| 98  |True   |  379  |9.554838e-06|1.077342e-05|4.949981e-14|   0   |
| 101 |True   |  371  |9.208384e-06|9.934607e-06|9.396072e-10|   0   |
| 103 |True   |  361  |9.330704e-06|1.095099e-05|6.211664e-10|   0   |
| 106 |True   |  374  |9.442829e-06|1.254267e-05|8.229569e-10|   0   |
| 104 |True   |  375  |9.630371e-06|9.877884e-06|5.927727e-14|   0   |
| 109 |True   |  354  |9.821810e-06|1.156170e-05|4.743548e-14|   0   |
| 107 |True   |  354  |9.107320e-06|1.025295e-05|6.246996e-14|   0   |
| 110 |True   |  339  |9.827071e-06|1.213266e-05|4.869843e-10|   0   |
| 108 |True   |  359  |9.497376e-06|1.073858e-05|7.570259e-10|   0   |
| 111 |True   |  357  |9.319332e-06|1.002745e-05|8.680757e-10|   0   |
| 115 |True   |  352  |9.059309e-06|1.052404e-05|6.772506e-10|   0   |
| 113 |True   |  359  |9.368331e-06|1.003889e-05|8.738801e-10|   0   |
| 105 |True   |  378  |9.076997e-06|9.134386e-06|6.613086e-14|   0   |
| 114 |True   |  363  |9.223517e-06|9.966257e-06|4.709384e-10|   0   |
| 116 |True   |  376  |9.961366e-06|1.094724e-05|4.918798e-10|   0   |
| 112 |True   |  472  |9.210351e-06|9.301218e-06|9.282560e-10|   0   |
| 117 |True   |  342  |9.122377e-06|1.213278e-05|6.926974e-10|   0   |
| 118 |True   |  410  |9.678183e-06|1.127205e-05|8.015100e-10|   0   |
| 127 |True   |  334  |9.497480e-06|1.497874e-05|4.435941e-10|   0   |
| 123 |True   |  342  |9.201550e-06|1.213277e-05|6.570703e-10|   0   |
| 125 |True   |  339  |9.838818e-06|1.348082e-05|5.924904e-10|   0   |
| 121 |True   |  392  |9.648049e-06|1.043333e-05|8.961161e-10|   0   |
| 120 |True   |  398  |9.433577e-06|2.339935e-05|7.961546e-10|   2   |
| 122 |True   |  355  |9.511270e-06|1.085152e-05|9.651977e-10|   0   |
| 126 |True   |  341  |9.220130e-06|1.348093e-05|7.408355e-10|   0   |
| 119 |True   |  381  |9.405493e-06|9.608431e-06|5.962827e-14|   0   |
| 124 |True   |  369  |9.202845e-06|1.042155e-05|9.880282e-10|   0   |
| 128 |True   |  339  |9.266450e-06|1.213279e-05|5.069658e-10|   0   |
| 131 |True   |  344  |9.989489e-06|1.348100e-05|4.142239e-14|   0   |
| 129 |True   |  386  |9.895063e-06|1.003971e-05|5.716224e-14|   0   |
| 132 |True   |  364  |9.169487e-06|1.011231e-05|8.611385e-10|   0   |
| 130 |True   |  373  |9.931373e-06|1.017595e-05|6.458400e-14|   0   |
| 133 |True   |  347  |9.392004e-06|1.094886e-05|8.187902e-10|   0   |
| 135 |True   |  353  |9.355777e-06|1.037364e-05|8.046382e-10|   0   |
| 136 |True   |  351  |9.902417e-06|1.163432e-05|8.652879e-10|   0   |
| 134 |True   |  351  |9.914010e-06|1.066293e-05|7.879351e-10|   0   |
| 138 |True   |  366  |9.467722e-06|9.772541e-06|9.141527e-10|   0   |
| 139 |True   |  351  |9.887113e-06|1.141885e-05|8.371088e-10|   0   |
| 137 |True   |  383  |9.130439e-06|9.164699e-06|9.560376e-10|   0   |
| 141 |True   |  363  |9.828277e-06|1.008616e-05|7.051044e-10|   0   |
| 142 |True   |  338  |9.756893e-06|1.348089e-05|5.741179e-10|   0   |
| 143 |True   |  359  |9.701814e-06|1.045780e-05|9.451820e-10|   0   |
| 140 |True   |  547  |9.445257e-06|1.030171e-05|7.636149e-10|   4   |
| 144 |True   |  355  |9.526175e-06|9.944383e-06|7.313451e-10|   0   |
| 148 |True   |  340  |9.827787e-06|1.348103e-05|7.187438e-10|   0   |
| 149 |True   |  364  |9.080495e-06|9.518760e-06|7.813943e-10|   0   |
| 145 |True   |  374  |9.469023e-06|9.734620e-06|9.104378e-10|   0   |
| 150 |True   |  338  |9.669503e-06|1.103061e-05|2.898531e-10|   0   |
| 151 |True   |  342  |9.863981e-06|1.213277e-05|7.106196e-10|   0   |
| 147 |True   |  362  |9.975470e-06|1.013920e-05|5.212717e-10|   0   |
| 146 |True   |  375  |9.950098e-06|1.008965e-05|6.161678e-14|   0   |
| 153 |True   |  341  |9.970657e-06|1.348088e-05|7.868032e-10|   0   |
| 152 |True   |  484  |9.269136e-06|3.049629e-05|3.517135e-10|   6   |
| 155 |True   |  337  |9.677942e-06|1.497867e-05|6.272193e-10|   0   |
| 154 |True   |  354  |9.675185e-06|1.050746e-05|9.557384e-10|   0   |
| 156 |True   |  337  |9.603538e-06|1.664298e-05|7.604596e-10|   0   |
| 163 |True   |  347  |9.123045e-06|1.375684e-05|9.804266e-10|   0   |
| 157 |True   |  350  |9.674320e-06|1.121883e-05|9.043705e-10|   0   |
| 161 |True   |  342  |9.321435e-06|1.213276e-05|7.178787e-10|   0   |
| 159 |True   |  341  |9.340783e-06|1.213271e-05|6.541834e-10|   0   |
| 158 |True   |  357  |9.968836e-06|1.044703e-05|6.541755e-10|   0   |
| 160 |True   |  400  |9.818350e-06|1.012815e-05|7.321625e-10|   0   |
| 164 |True   |  390  |9.679996e-06|1.020192e-05|5.354607e-14|   0   |
| 165 |True   |  353  |9.452656e-06|1.074190e-05|6.559523e-10|   0   |
| 162 |True   |  578  |9.690927e-06|2.583538e-05|8.531197e-10|   8   |
| 168 |True   |  340  |9.716241e-06|1.497861e-05|8.896559e-10|   0   |
| 166 |True   |  380  |9.372548e-06|9.546722e-06|7.169464e-14|   0   |
| 169 |True   |  342  |9.823048e-06|1.213269e-05|6.679852e-10|   0   |
| 172 |True   |  335  |9.678266e-06|1.849222e-05|7.544398e-10|   0   |
| 173 |True   |  338  |9.105544e-06|1.348081e-05|5.540144e-10|   0   |
| 171 |True   |  342  |9.042562e-06|1.348085e-05|8.649374e-10|   0   |
| 167 |True   |  584  |9.307481e-06|3.238901e-05|5.691195e-10|  13   |
| 176 |True   |  339  |9.733571e-06|1.497868e-05|7.363936e-10|   0   |
| 170 |True   |  394  |9.175994e-06|9.291846e-06|7.945630e-10|   0   |
| 174 |True   |  371  |9.141139e-06|9.355826e-06|7.472231e-10|   0   |
| 175 |True   |  395  |9.167992e-06|1.022003e-05|8.725507e-10|   0   |
| 179 |True   |  339  |9.007614e-06|1.348082e-05|6.137245e-10|   0   |
| 178 |True   |  348  |9.492486e-06|1.172562e-05|6.629577e-10|   0   |
| 177 |True   |  344  |9.747045e-06|1.213271e-05|8.552695e-10|   0   |
| 181 |True   |  350  |9.207627e-06|1.004770e-05|7.728191e-10|   0   |
| 180 |True   |  351  |9.998916e-06|1.120890e-05|9.780966e-10|   0   |
| 183 |True   |  356  |9.128536e-06|1.029997e-05|5.260634e-14|   0   |
| 182 |True   |  374  |9.825205e-06|1.030356e-05|8.033660e-14|   0   |
| 185 |True   |  344  |9.472069e-06|1.213282e-05|8.466175e-10|   0   |
| 184 |True   |  395  |9.717213e-06|1.030508e-05|7.559728e-14|   0   |
| 188 |True   |  345  |9.889361e-06|1.219444e-05|8.969352e-10|   0   |
| 186 |True   |  337  |9.013617e-06|1.497868e-05|6.087059e-10|   0   |
| 189 |True   |  335  |9.204692e-06|1.348076e-05|4.050754e-10|   0   |
| 190 |True   |  360  |9.680911e-06|1.011392e-05|8.536312e-10|   0   |
| 191 |True   |  368  |9.526426e-06|1.006004e-05|5.109846e-14|   0   |
| 193 |True   |  351  |9.557526e-06|1.133520e-05|9.881199e-10|   0   |
| 187 |True   |  485  |9.224980e-06|1.495585e-05|8.099725e-10|   4   |
| 192 |True   |  350  |9.846258e-06|1.108511e-05|5.122755e-14|   0   |
| 194 |True   |  360  |9.730591e-06|1.034710e-05|9.561489e-10|   0   |
| 196 |True   |  347  |9.769156e-06|1.236227e-05|9.234160e-10|   0   |
| 197 |True   |  343  |9.073508e-06|1.213270e-05|7.335193e-10|   0   |
| 195 |True   |  397  |9.414125e-06|9.856592e-06|9.172911e-10|   0   |
| 198 |True   |  419  |9.868614e-06|3.446607e-05|8.143708e-10|   4   |
| 199 |True   |  389  |9.215365e-06|9.365829e-06|9.410259e-10|   0   |
