|seed |success|  nit  |    gap     |  tau_sum   |   G_norm   |avoid_n|
| 10  |True   |  440  |9.197190e-06|9.210604e-06|1.280852e-13|   0   |
|  7  |True   |  602  |9.923068e-06|1.011210e-05|1.239329e-12|   7   |
|  3  |True   |  627  |9.596377e-06|9.956955e-06|8.738002e-10|   7   |
| 11  |True   |  615  |9.943508e-06|1.149016e-05|7.433893e-14|   7   |
|  9  |True   |  646  |9.665261e-06|1.143616e-05|7.740785e-14|   9   |
|  6  |True   |  653  |9.735066e-06|1.217101e-05|1.050502e-13|   8   |
|  2  |True   |  654  |9.127005e-06|1.052663e-05|9.597511e-10|   9   |
|  5  |True   |  842  |9.421273e-06|1.072737e-05|7.502420e-10|  19   |
|  4  |True   |  877  |9.821525e-06|1.528188e-05|8.026358e-10|  21   |
| 13  |True   |  446  |9.584155e-06|9.591784e-06|7.296077e-13|   0   |
| 12  |True   | 1006  |9.657465e-06|1.686721e-05|6.316378e-10|  27   |
|  1  |True   | 1002  |9.636518e-06|1.934000e-05|7.631102e-10|  23   |
|  0  |True   | 1327  |9.342247e-06|1.373945e-05|3.806798e-10|  50   |
|  8  |True   | 1370  |9.941490e-06|1.435941e-05|6.191583e-10|  30   |
| 20  |True   |  462  |9.241185e-06|1.017912e-05|1.757522e-13|   1   |
| 16  |True   |  700  |9.179590e-06|1.121763e-05|9.972138e-10|  10   |
| 14  |True   |  798  |9.967814e-06|1.199505e-05|9.047533e-14|  16   |
| 15  |True   |  827  |9.785116e-06|1.100987e-05|6.961990e-10|  19   |
| 17  |True   |  764  |9.431460e-06|1.503754e-05|9.460279e-10|  13   |
| 21  |True   |  680  |9.773248e-06|1.246510e-05|9.425063e-14|  11   |
| 19  |True   |  891  |9.764219e-06|1.927522e-05|8.562574e-10|  19   |
| 25  |True   |  492  |9.374420e-06|1.094650e-05|1.115354e-13|   2   |
| 24  |True   | 1009  |9.946535e-06|1.019451e-05|4.495951e-10|  20   |
| 32  |True   |  444  |9.267325e-06|9.355821e-06|1.013811e-13|   0   |
| 27  |True   |  725  |9.772144e-06|1.842252e-05|6.524247e-14|  14   |
| 30  |True   |  866  |9.447118e-06|1.604818e-05|9.162183e-10|  18   |
| 29  |True   |  949  |9.047439e-06|1.758313e-05|8.406409e-10|  23   |
| 28  |True   | 1053  |9.804656e-06|1.318668e-05|5.493194e-10|  22   |
| 33  |True   |  864  |9.772317e-06|1.101942e-05|5.301452e-10|  20   |
| 23  |True   | 1713  |9.214185e-06|1.091897e-05|3.406799e-10|  54   |
| 36  |True   |  583  |9.539499e-06|1.129623e-05|1.094410e-13|   5   |
| 26  |True   | 1501  |9.743120e-06|1.743590e-05|5.197893e-10|  48   |
| 35  |True   |  737  |9.478265e-06|2.501633e-05|8.842021e-14|  16   |
| 31  |True   | 1308  |9.684948e-06|1.568437e-05|2.458178e-12|  35   |
| 34  |True   | 1052  |9.504470e-06|1.685940e-05|6.229748e-10|  25   |
| 37  |True   |  839  |9.168493e-06|1.295520e-05|7.748903e-10|  21   |
| 22  |True   | 2206  |9.223639e-06|1.586058e-05|2.968245e-10|  83   |
| 40  |True   |  653  |9.979858e-06|1.116101e-05|7.082775e-10|  14   |
| 42  |True   |  445  |9.410856e-06|9.414966e-06|1.392025e-13|   0   |
| 39  |True   |  822  |9.637114e-06|1.333685e-05|8.184350e-14|  17   |
| 38  |True   |  849  |9.301021e-06|1.197661e-05|8.328796e-10|  19   |
| 43  |True   |  655  |9.028706e-06|1.547632e-05|9.333516e-14|   9   |
| 41  |True   |  873  |9.314455e-06|1.195994e-05|9.218940e-14|  16   |
| 18  |True   | 3093  |9.878265e-06|1.326178e-05|1.162024e-11|  100  |
| 48  |True   |  624  |9.069301e-06|1.494091e-05|8.751406e-13|  13   |
| 47  |True   |  584  |9.940517e-06|9.984944e-06|9.589346e-10|   7   |
| 50  |True   |  899  |9.148040e-06|1.111234e-05|1.386932e-13|  23   |
| 44  |True   | 1321  |9.866157e-06|1.540943e-05|6.407337e-10|  31   |
| 46  |True   | 1252  |9.501778e-06|1.211663e-05|1.612117e-12|  29   |
| 53  |True   |  874  |9.603897e-06|1.193259e-05|9.223567e-10|  17   |
| 56  |True   |  496  |9.388474e-06|1.049286e-05|1.768264e-13|   2   |
| 58  |True   |  444  |9.682483e-06|9.695174e-06|1.516810e-13|   0   |
| 45  |True   | 1499  |9.319868e-06|9.903173e-06|3.920231e-10|  38   |
| 55  |True   |  933  |9.901997e-06|1.859274e-05|5.641686e-13|  23   |
| 62  |True   |  458  |9.227175e-06|9.293078e-06|1.231401e-12|   0   |
| 54  |True   | 1407  |9.395935e-06|2.115667e-05|6.121948e-10|  43   |
| 59  |True   |  678  |9.007879e-06|1.158612e-05|8.682492e-10|  12   |
| 52  |True   | 1704  |9.544965e-06|1.246924e-05|4.129487e-10|  57   |
| 57  |True   | 1333  |9.730253e-06|3.161349e-05|7.665282e-10|  39   |
| 49  |True   | 2121  |9.852178e-06|1.113993e-05|6.637507e-10|  58   |
| 60  |True   | 1061  |9.721336e-06|1.343586e-05|7.188408e-10|  25   |
| 66  |True   |  697  |9.802423e-06|1.088297e-05|7.524818e-14|   4   |
| 51  |True   | 2322  |9.951173e-06|4.577203e-05|8.463263e-10|  75   |
| 64  |True   | 1109  |9.765901e-06|1.244193e-05|7.945050e-10|  24   |
| 69  |True   |  606  |9.701710e-06|9.906096e-06|3.230787e-12|   4   |
| 68  |True   |  976  |9.934921e-06|1.187860e-05|7.904629e-10|  21   |
| 72  |True   |  490  |9.437370e-06|9.466841e-06|1.278636e-13|   0   |
| 73  |True   |  480  |9.538731e-06|9.568630e-06|7.077271e-13|   0   |
| 71  |True   |  681  |9.474429e-06|1.062856e-05|8.709665e-10|  11   |
| 67  |True   | 1225  |9.035700e-06|1.413204e-05|5.529340e-10|  37   |
| 70  |True   | 1065  |9.419002e-06|1.474360e-05|8.644971e-10|  23   |
| 63  |True   | 1946  |9.786138e-06|1.314093e-05|9.718644e-10|  52   |
| 74  |True   |  698  |9.584617e-06|1.129381e-05|8.863989e-14|   5   |
| 61  |True   | 2043  |9.314903e-06|1.712299e-05|3.550234e-10|  65   |
| 76  |True   |  693  |9.171188e-06|1.166865e-05|5.639947e-13|  11   |
| 77  |True   |  747  |9.021636e-06|9.144482e-06|5.694608e-10|  15   |
| 78  |True   |  669  |9.590866e-06|1.820271e-05|1.097791e-13|  10   |
| 85  |True   |  438  |9.238325e-06|9.256791e-06|1.434261e-13|   0   |
| 65  |True   | 2491  |9.559247e-06|1.471738e-05|1.932773e-12|  87   |
| 81  |True   |  891  |9.891043e-06|1.294942e-05|3.320468e-13|  24   |
| 86  |True   |  483  |9.062135e-06|9.101343e-06|7.222553e-13|   0   |
| 80  |True   |  982  |9.059866e-06|1.883837e-05|4.862632e-10|  19   |
| 82  |True   |  967  |9.589978e-06|1.053019e-05|5.260825e-10|  24   |
| 83  |True   | 1093  |9.908096e-06|1.840301e-05|5.905522e-10|  39   |
| 75  |True   | 1700  |9.793748e-06|1.060865e-05|6.710971e-10|  53   |
| 84  |True   |  969  |9.517243e-06|1.310798e-05|8.937565e-10|  20   |
| 89  |True   |  666  |9.542461e-06|1.368535e-05|8.647656e-14|  11   |
| 88  |True   |  864  |9.842560e-06|1.314265e-05|8.032981e-10|  16   |
| 87  |True   | 1039  |9.462031e-06|1.316861e-05|8.902524e-10|  24   |
| 93  |True   |  633  |9.847884e-06|1.348932e-05|7.856831e-10|   8   |
| 90  |True   |  749  |9.241586e-06|1.294557e-05|7.475173e-10|  15   |
| 94  |True   |  713  |9.273307e-06|1.240343e-05|7.166101e-13|  13   |
| 97  |True   |  534  |9.497430e-06|1.237641e-05|1.150298e-13|   6   |
| 92  |True   |  959  |9.731801e-06|1.349833e-05|7.441280e-10|  28   |
| 96  |True   |  612  |9.492320e-06|1.167785e-05|9.596805e-10|   6   |
| 98  |True   |  803  |9.682023e-06|1.009937e-05|6.873143e-10|  15   |
| 100 |True   |  772  |9.557752e-06|1.352991e-05|8.683960e-10|  17   |
| 95  |True   | 1075  |9.032984e-06|1.314865e-05|8.145196e-10|  22   |
| 101 |True   |  683  |9.667553e-06|1.424202e-05|6.544178e-13|  13   |
| 104 |True   |  523  |9.776952e-06|1.072791e-05|9.491302e-14|   3   |
| 105 |True   |  449  |9.848522e-06|9.901076e-06|1.270702e-13|   0   |
| 102 |True   |  687  |9.618431e-06|1.349411e-05|7.038844e-13|  10   |
| 107 |True   |  681  |9.353107e-06|9.793277e-06|7.588924e-10|  13   |
| 103 |True   | 1033  |9.477235e-06|1.242919e-05|8.397406e-10|  25   |
| 106 |True   |  885  |9.505963e-06|1.304199e-05|9.554526e-14|  18   |
| 110 |True   |  532  |9.681571e-06|1.030685e-05|6.271243e-13|   5   |
| 99  |True   | 1676  |9.848592e-06|1.287959e-05|4.540197e-10|  50   |
| 91  |True   | 2122  |9.732807e-06|1.524315e-05|7.688161e-10|  61   |
| 109 |True   |  724  |9.502829e-06|9.889573e-06|7.538802e-10|   8   |
| 108 |True   |  821  |9.860566e-06|1.037026e-05|7.601289e-10|  18   |
| 114 |True   |  756  |9.191843e-06|1.264173e-05|7.556991e-10|  14   |
| 112 |True   |  882  |9.637813e-06|1.115944e-05|9.864787e-10|  16   |
| 115 |True   |  827  |9.153336e-06|1.057925e-05|9.097857e-10|   7   |
| 121 |True   |  434  |9.901041e-06|9.934625e-06|1.300376e-13|   0   |
| 118 |True   |  680  |9.175922e-06|1.528388e-05|8.930918e-14|  11   |
| 119 |True   |  692  |9.886426e-06|1.224371e-05|2.499512e-13|  13   |
| 122 |True   |  620  |9.341220e-06|1.004288e-05|1.213671e-13|   7   |
| 116 |True   |  919  |9.498355e-06|1.213250e-05|6.191412e-12|  19   |
| 124 |True   |  443  |9.728261e-06|9.733838e-06|1.304043e-13|   0   |
| 123 |True   |  517  |9.077083e-06|1.185229e-05|1.012962e-13|   7   |
| 111 |True   | 1589  |9.536386e-06|2.117148e-05|4.905496e-10|  44   |
| 79  |True   | 4269  |9.281043e-06|1.228282e-05|1.738607e-10|  150  |
| 127 |True   |  491  |9.682813e-06|9.734570e-06|1.060359e-13|   0   |
| 125 |True   |  638  |9.065082e-06|1.192916e-05|9.827119e-10|   7   |
| 120 |True   | 1256  |9.541467e-06|1.185281e-05|2.015247e-13|  36   |
| 132 |True   |  436  |9.911821e-06|1.009345e-05|1.641298e-13|   0   |
| 117 |True   | 1488  |9.185071e-06|9.662660e-06|2.237872e-10|  40   |
| 126 |True   |  861  |9.281162e-06|1.600413e-05|8.070381e-10|  18   |
| 133 |True   |  675  |9.379281e-06|1.235303e-05|9.249504e-13|  10   |
| 135 |True   |  502  |9.825268e-06|1.017804e-05|1.201667e-13|   2   |
| 129 |True   |  990  |9.358942e-06|1.291124e-05|8.153283e-10|  22   |
| 134 |True   |  781  |9.106976e-06|1.065223e-05|8.213285e-10|  13   |
| 128 |True   | 1104  |9.807831e-06|1.260400e-05|4.490758e-10|  28   |
| 113 |True   | 2550  |9.584872e-06|2.688772e-05|3.512850e-10|  86   |
| 131 |True   | 1061  |9.069961e-06|1.140007e-05|6.689498e-10|  23   |
| 138 |True   |  447  |9.495413e-06|9.510234e-06|3.237946e-13|   0   |
| 140 |True   |  430  |9.460243e-06|9.569348e-06|1.795457e-12|   0   |
| 137 |True   |  640  |9.282914e-06|9.438396e-06|9.164701e-14|   5   |
| 130 |True   | 1230  |9.447864e-06|9.855575e-06|5.911118e-10|  32   |
| 136 |True   |  860  |9.877133e-06|1.344302e-05|9.944581e-10|  10   |
| 143 |True   |  441  |9.020190e-06|9.030743e-06|7.009565e-13|   0   |
| 142 |True   |  673  |9.233255e-06|1.149104e-05|6.611596e-13|   9   |
| 141 |True   |  837  |9.999975e-06|1.186436e-05|8.068567e-10|  17   |
| 139 |True   | 1297  |9.814656e-06|1.786206e-05|7.614115e-10|  35   |
| 148 |True   |  766  |9.964253e-06|1.572178e-05|1.538856e-13|  16   |
| 146 |True   |  837  |9.340325e-06|1.194651e-05|8.696415e-10|  16   |
| 144 |True   |  842  |9.673083e-06|1.555764e-05|9.009674e-10|  16   |
| 149 |True   |  753  |9.716110e-06|1.298214e-05|9.202841e-10|  14   |
| 152 |True   |  722  |9.967673e-06|1.645412e-05|8.232170e-14|  14   |
| 153 |True   |  558  |9.258382e-06|1.050165e-05|9.607626e-10|   7   |
| 151 |True   |  891  |9.790907e-06|1.653507e-05|7.651251e-10|  25   |
| 147 |True   | 1429  |9.156901e-06|1.650227e-05|6.566898e-10|  40   |
| 158 |True   |  620  |9.090812e-06|1.272581e-05|9.670147e-10|   9   |
| 154 |True   |  880  |9.351678e-06|1.362615e-05|7.587108e-10|  19   |
| 157 |True   |  853  |9.804458e-06|1.269286e-05|9.363997e-10|  21   |
| 156 |True   |  894  |9.043230e-06|1.500654e-05|8.229824e-10|  17   |
| 145 |True   | 1809  |9.662739e-06|1.770325e-05|1.340644e-12|  47   |
| 161 |True   |  689  |9.669255e-06|1.074704e-05|5.070126e-13|   8   |
| 162 |True   |  686  |9.840376e-06|1.146724e-05|1.144019e-13|   9   |
| 150 |True   | 1974  |9.746944e-06|1.291758e-05|4.943924e-10|  66   |
| 160 |True   | 1105  |9.897975e-06|2.363084e-05|9.437737e-14|  25   |
| 164 |True   |  565  |9.769034e-06|1.307742e-05|6.641966e-13|   8   |
| 159 |True   | 1229  |9.397583e-06|1.098600e-05|6.330025e-10|  33   |
| 165 |True   |  707  |9.422795e-06|1.013583e-05|9.405628e-10|   9   |
| 167 |True   |  497  |9.468075e-06|1.003052e-05|1.228993e-13|   1   |
| 170 |True   |  447  |9.354755e-06|9.386373e-06|1.444613e-13|   0   |
| 169 |True   |  696  |9.243051e-06|1.173806e-05|8.291530e-10|  12   |
| 168 |True   |  901  |9.770141e-06|1.640975e-05|6.328406e-10|  22   |
| 163 |True   | 1532  |9.746036e-06|1.217746e-05|3.704725e-10|  43   |
| 175 |True   |  659  |9.776233e-06|1.515253e-05|1.121437e-13|   8   |
| 173 |True   |  730  |9.528555e-06|1.214969e-05|6.993576e-14|  13   |
| 176 |True   |  817  |9.791280e-06|1.123451e-05|7.517001e-13|  17   |
| 171 |True   | 1262  |9.146305e-06|1.233954e-05|6.259135e-10|  31   |
| 174 |True   | 1215  |9.970192e-06|1.418181e-05|5.685290e-10|  29   |
| 172 |True   | 1255  |9.128792e-06|1.086869e-05|5.868341e-10|  38   |
| 178 |True   |  953  |9.462085e-06|1.697398e-05|9.230777e-10|  25   |
| 177 |True   |  982  |9.954856e-06|1.472329e-05|7.363127e-10|  21   |
| 182 |True   |  437  |9.004578e-06|9.010667e-06|1.137922e-13|   0   |
| 179 |True   | 1101  |9.954852e-06|1.922795e-05|2.308420e-13|  30   |
| 181 |True   |  879  |9.053629e-06|1.797308e-05|8.614740e-10|  21   |
| 183 |True   |  816  |9.143322e-06|1.321435e-05|2.849321e-13|  16   |
| 155 |True   | 2913  |9.430041e-06|1.248720e-05|1.674397e-12|  96   |
| 166 |True   | 2420  |9.343339e-06|1.224969e-05|2.821094e-10|  89   |
| 180 |True   | 1203  |9.515737e-06|2.587641e-05|8.354752e-10|  38   |
| 184 |True   |  897  |9.712161e-06|1.401630e-05|9.884219e-10|  17   |
| 185 |True   |  907  |9.534365e-06|1.313926e-05|7.430043e-10|  18   |
| 191 |True   |  487  |9.702401e-06|9.888715e-06|8.414565e-10|   2   |
| 189 |True   |  840  |9.436824e-06|1.093497e-05|8.284301e-10|  19   |
| 188 |True   |  946  |9.948096e-06|1.440556e-05|1.589125e-12|  23   |
| 187 |True   | 1096  |9.501842e-06|2.093977e-05|9.561097e-10|  27   |
| 186 |True   | 1185  |9.274218e-06|1.039505e-05|4.714302e-10|  38   |
| 195 |True   |  575  |9.981162e-06|1.054510e-05|6.022730e-13|   6   |
| 190 |True   | 1147  |9.904124e-06|1.607729e-05|6.321065e-10|  27   |
| 197 |True   |  530  |9.280743e-06|1.036016e-05|6.112097e-13|   5   |
| 196 |True   |  779  |9.265731e-06|9.541531e-06|9.256520e-10|  13   |
| 193 |True   | 1121  |9.859125e-06|1.364600e-05|8.537769e-10|  27   |
| 198 |True   |  940  |9.872742e-06|1.134433e-05|9.681631e-10|  21   |
| 192 |True   | 1434  |9.371295e-06|1.118931e-05|8.053739e-10|  38   |
| 199 |True   | 1122  |9.659158e-06|1.460582e-05|9.119336e-10|  27   |
| 194 |True   | 1749  |9.256337e-06|1.508131e-05|3.874354e-10|  59   |
